Component: ARM Compiler 5.06 update 6 (build 750) Tool: armlink [4d35ed]

==============================================================================

Section Cross References

    startup_stm32f030x6.o(RESET) refers to startup_stm32f030x6.o(STACK) for __initial_sp
    startup_stm32f030x6.o(RESET) refers to startup_stm32f030x6.o(.text) for Reset_Handler
    startup_stm32f030x6.o(RESET) refers to stm32f0xx_it.o(i.NMI_Handler) for NMI_Handler
    startup_stm32f030x6.o(RESET) refers to stm32f0xx_it.o(i.HardFault_Handler) for HardFault_Handler
    startup_stm32f030x6.o(RESET) refers to stm32f0xx_it.o(i.SVC_Handler) for SVC_Handler
    startup_stm32f030x6.o(RESET) refers to stm32f0xx_it.o(i.PendSV_Handler) for PendSV_Handler
    startup_stm32f030x6.o(RESET) refers to stm32f0xx_it.o(i.SysTick_Handler) for SysTick_Handler
    startup_stm32f030x6.o(RESET) refers to stm32f0xx_it.o(i.EXTI0_1_IRQHandler) for EXTI0_1_IRQHandler
    startup_stm32f030x6.o(RESET) refers to stm32f0xx_it.o(i.EXTI4_15_IRQHandler) for EXTI4_15_IRQHandler
    startup_stm32f030x6.o(RESET) refers to stm32f0xx_it.o(i.DMA1_Channel1_IRQHandler) for DMA1_Channel1_IRQHandler
    startup_stm32f030x6.o(RESET) refers to stm32f0xx_it.o(i.DMA1_Channel2_3_IRQHandler) for DMA1_Channel2_3_IRQHandler
    startup_stm32f030x6.o(RESET) refers to stm32f0xx_it.o(i.USART1_IRQHandler) for USART1_IRQHandler
    startup_stm32f030x6.o(.text) refers to system_stm32f0xx.o(i.SystemInit) for SystemInit
    startup_stm32f030x6.o(.text) refers to entry.o(.ARM.Collect$$$$00000000) for __main
    main.o(i.HAL_UART_RxCpltCallback) refers to stm32f0xx_hal_uart.o(i.HAL_UART_Transmit) for HAL_UART_Transmit
    main.o(i.HAL_UART_RxCpltCallback) refers to usart.o(.bss) for huart1
    main.o(i.SystemClock_Config) refers to stm32f0xx_hal_rcc.o(i.HAL_RCC_OscConfig) for HAL_RCC_OscConfig
    main.o(i.SystemClock_Config) refers to main.o(i._Error_Handler) for _Error_Handler
    main.o(i.SystemClock_Config) refers to stm32f0xx_hal_rcc.o(i.HAL_RCC_ClockConfig) for HAL_RCC_ClockConfig
    main.o(i.SystemClock_Config) refers to stm32f0xx_hal_rcc_ex.o(i.HAL_RCCEx_PeriphCLKConfig) for HAL_RCCEx_PeriphCLKConfig
    main.o(i.SystemClock_Config) refers to stm32f0xx_hal_rcc.o(i.HAL_RCC_GetHCLKFreq) for HAL_RCC_GetHCLKFreq
    main.o(i.SystemClock_Config) refers to uidiv.o(.text) for __aeabi_uidivmod
    main.o(i.SystemClock_Config) refers to stm32f0xx_hal_cortex.o(i.HAL_SYSTICK_Config) for HAL_SYSTICK_Config
    main.o(i.SystemClock_Config) refers to stm32f0xx_hal_cortex.o(i.HAL_SYSTICK_CLKSourceConfig) for HAL_SYSTICK_CLKSourceConfig
    main.o(i.SystemClock_Config) refers to stm32f0xx_hal_cortex.o(i.HAL_NVIC_SetPriority) for HAL_NVIC_SetPriority
    main.o(i.fputc) refers to stm32f0xx_hal_uart.o(i.HAL_UART_Transmit_DMA) for HAL_UART_Transmit_DMA
    main.o(i.fputc) refers to usart.o(.bss) for huart1
    main.o(i.main) refers to stm32f0xx_hal.o(i.HAL_Init) for HAL_Init
    main.o(i.main) refers to main.o(i.SystemClock_Config) for SystemClock_Config
    main.o(i.main) refers to gpio.o(i.MX_GPIO_Init) for MX_GPIO_Init
    main.o(i.main) refers to dma.o(i.MX_DMA_Init) for MX_DMA_Init
    main.o(i.main) refers to usart.o(i.MX_USART1_UART_Init) for MX_USART1_UART_Init
    main.o(i.main) refers to adc.o(i.MX_ADC_Init) for MX_ADC_Init
    main.o(i.main) refers to app_main.o(i.app_main) for app_main
    gpio.o(i.MX_GPIO_Init) refers to stm32f0xx_hal_gpio.o(i.HAL_GPIO_WritePin) for HAL_GPIO_WritePin
    gpio.o(i.MX_GPIO_Init) refers to stm32f0xx_hal_gpio.o(i.HAL_GPIO_Init) for HAL_GPIO_Init
    adc.o(i.ADCGetBuffer) refers to stm32f0xx_hal_adc.o(i.HAL_ADC_GetState) for HAL_ADC_GetState
    adc.o(i.ADCGetBuffer) refers to stm32f0xx_hal_adc.o(i.HAL_ADC_Stop_DMA) for HAL_ADC_Stop_DMA
    adc.o(i.ADCGetBuffer) refers to main.o(i._Error_Handler) for _Error_Handler
    adc.o(i.ADCGetBuffer) refers to fft.o(i.AD_Assignment) for AD_Assignment
    adc.o(i.ADCGetBuffer) refers to stm32f0xx_hal_adc.o(i.HAL_ADC_Start_DMA) for HAL_ADC_Start_DMA
    adc.o(i.ADCGetBuffer) refers to adc.o(.data) for .data
    adc.o(i.ADCGetBuffer) refers to adc.o(.bss) for .bss
    adc.o(i.ADCGetBuffer) refers to rgb.o(.bss) for AdcDma_Buf
    adc.o(i.ADCGetBuffer) refers to rgb.o(.bss) for AdcAudio_Buf
    adc.o(i.HAL_ADC_MspDeInit) refers to stm32f0xx_hal_gpio.o(i.HAL_GPIO_DeInit) for HAL_GPIO_DeInit
    adc.o(i.HAL_ADC_MspInit) refers to stm32f0xx_hal_gpio.o(i.HAL_GPIO_Init) for HAL_GPIO_Init
    adc.o(i.HAL_ADC_MspInit) refers to stm32f0xx_hal_dma.o(i.HAL_DMA_Init) for HAL_DMA_Init
    adc.o(i.HAL_ADC_MspInit) refers to main.o(i._Error_Handler) for _Error_Handler
    adc.o(i.HAL_ADC_MspInit) refers to adc.o(.bss) for .bss
    adc.o(i.MX_ADC_Init) refers to stm32f0xx_hal_cortex.o(i.HAL_NVIC_SetPriority) for HAL_NVIC_SetPriority
    adc.o(i.MX_ADC_Init) refers to stm32f0xx_hal_cortex.o(i.HAL_NVIC_EnableIRQ) for HAL_NVIC_EnableIRQ
    adc.o(i.MX_ADC_Init) refers to stm32f0xx_hal_adc.o(i.HAL_ADC_Init) for HAL_ADC_Init
[...]

Image Symbol Table

    Local Symbols

    Symbol Name                              Value     Ov Type        Size  Object(Section)

    ..//Src/system_stm32f0xx.c               0x00000000   Number         0  system_stm32f0xx.o ABSOLUTE
    ../Drivers/STM32F0xx_HAL_Driver/Src/stm32f0xx_hal.c 0x00000000   Number         0  stm32f0xx_hal.o ABSOLUTE
    ../Drivers/STM32F0xx_HAL_Driver/Src/stm32f0xx_hal_adc.c 0x00000000   Number         0  stm32f0xx_hal_adc.o ABSOLUTE
    ../Drivers/STM32F0xx_HAL_Driver/Src/stm32f0xx_hal_adc_ex.c 0x00000000   Number         0  stm32f0xx_hal_adc_ex.o ABSOLUTE
    ../Drivers/STM32F0xx_HAL_Driver/Src/stm32f0xx_hal_cortex.c 0x00000000   Number         0  stm32f0xx_hal_cortex.o ABSOLUTE
    ../Drivers/STM32F0xx_HAL_Driver/Src/stm32f0xx_hal_dma.c 0x00000000   Number         0  stm32f0xx_hal_dma.o ABSOLUTE
    ../Drivers/STM32F0xx_HAL_Driver/Src/stm32f0xx_hal_flash.c 0x00000000   Number         0  stm32f0xx_hal_flash.o ABSOLUTE
    ../Drivers/STM32F0xx_HAL_Driver/Src/stm32f0xx_hal_flash_ex.c 0x00000000   Number         0  stm32f0xx_hal_flash_ex.o ABSOLUTE
    ../Drivers/STM32F0xx_HAL_Driver/Src/stm32f0xx_hal_gpio.c 0x00000000   Number         0  stm32f0xx_hal_gpio.o ABSOLUTE
    ../Drivers/STM32F0xx_HAL_Driver/Src/stm32f0xx_hal_i2c.c 0x00000000   Number         0  stm32f0xx_hal_i2c.o ABSOLUTE
    ../Drivers/STM32F0xx_HAL_Driver/Src/stm32f0xx_hal_i2c_ex.c 0x00000000   Number         0  stm32f0xx_hal_i2c_ex.o ABSOLUTE
    ../Drivers/STM32F0xx_HAL_Driver/Src/stm32f0xx_hal_pwr.c 0x00000000   Number         0  stm32f0xx_hal_pwr.o ABSOLUTE
    ../Drivers/STM32F0xx_HAL_Driver/Src/stm32f0xx_hal_pwr_ex.c 0x00000000   Number         0  stm32f0xx_hal_pwr_ex.o ABSOLUTE
    ../Drivers/STM32F0xx_HAL_Driver/Src/stm32f0xx_hal_rcc.c 0x00000000   Number         0  stm32f0xx_hal_rcc.o ABSOLUTE
    ../Drivers/STM32F0xx_HAL_Driver/Src/stm32f0xx_hal_rcc_ex.c 0x00000000   Number         0  stm32f0xx_hal_rcc_ex.o ABSOLUTE
    ../Drivers/STM32F0xx_HAL_Driver/Src/stm32f0xx_hal_tim.c 0x00000000   Number         0  stm32f0xx_hal_tim.o ABSOLUTE
    ../Drivers/STM32F0xx_HAL_Driver/Src/stm32f0xx_hal_tim_ex.c 0x00000000   Number         0  stm32f0xx_hal_tim_ex.o ABSOLUTE
    ../Drivers/STM32F0xx_HAL_Driver/Src/stm32f0xx_hal_uart.c 0x00000000   Number         0  stm32f0xx_hal_uart.o ABSOLUTE
    ../Drivers/STM32F0xx_HAL_Driver/Src/stm32f0xx_hal_uart_ex.c 0x00000000   Number         0  stm32f0xx_hal_uart_ex.o ABSOLUTE
    ../Src/adc.c                             0x00000000   Number         0  adc.o ABSOLUTE
    ../Src/dma.c                             0x00000000   Number         0  dma.o ABSOLUTE
    ../Src/gpio.c                            0x00000000   Number         0  gpio.o ABSOLUTE
    ../Src/main.c                            0x00000000   Number         0  main.o ABSOLUTE
    ../Src/stm32f0xx_hal_msp.c               0x00000000   Number         0  stm32f0xx_hal_msp.o ABSOLUTE
    ../Src/stm32f0xx_it.c                    0x00000000   Number         0  stm32f0xx_it.o ABSOLUTE
    ../Src/usart.c                           0x00000000   Number         0  usart.o ABSOLUTE
    ../clib/microlib/division.c              0x00000000   Number         0  uidiv.o ABSOLUTE
    ../clib/microlib/init/entry.s            0x00000000   Number         0  entry9a.o ABSOLUTE
    ../clib/microlib/init/entry.s            0x00000000   Number         0  entry8b.o ABSOLUTE
    ../clib/microlib/init/entry.s            0x00000000   Number         0  entry8a.o ABSOLUTE
    ../clib/microlib/init/entry.s            0x00000000   Number         0  entry11b.o ABSOLUTE
    ../clib/microlib/init/entry.s            0x00000000   Number         0  entry7b.o ABSOLUTE
    ../clib/microlib/init/entry.s            0x00000000   Number         0  entry7a.o ABSOLUTE
    ../clib/microlib/init/entry.s            0x00000000   Number         0  entry5.o ABSOLUTE
    ../clib/microlib/init/entry.s            0x00000000   Number         0  entry2.o ABSOLUTE
    ../clib/microlib/init/entry.s            0x00000000   Number         0  entry11a.o ABSOLUTE
    ../clib/microlib/init/entry.s            0x00000000   Number         0  entry10b.o ABSOLUTE
    ../clib/microlib/init/entry.s            0x00000000   Number         0  entry10a.o ABSOLUTE
    ../clib/microlib/init/entry.s            0x00000000   Number         0  entry.o ABSOLUTE
    ../clib/microlib/init/entry.s            0x00000000   Number         0  entry9b.o ABSOLUTE
    ../clib/microlib/longlong.c              0x00000000   Number         0  llushr.o ABSOLUTE
    ../clib/microlib/string/memcpy.c         0x00000000   Number         0  memcpyb.o ABSOLUTE
    ../clib/microlib/string/memcpy.c         0x00000000   Number         0  memcpya.o ABSOLUTE
    ../clib/microlib/string/memset.c         0x00000000   Number         0  memseta.o ABSOLUTE
    ..\Drivers\STM32F0xx_HAL_Driver\Src\stm32f0xx_hal.c 0x00000000   Number         0  stm32f0xx_hal.o ABSOLUTE
    ..\Drivers\STM32F0xx_HAL_Driver\Src\stm32f0xx_hal_adc.c 0x00000000   Number         0  stm32f0xx_hal_adc.o ABSOLUTE
    ..\Drivers\STM32F0xx_HAL_Driver\Src\stm32f0xx_hal_adc_ex.c 0x00000000   Number         0  stm32f0xx_hal_adc_ex.o ABSOLUTE
    ..\Drivers\STM32F0xx_HAL_Driver\Src\stm32f0xx_hal_cortex.c 0x00000000   Number         0  stm32f0xx_hal_cortex.o ABSOLUTE
    ..\Drivers\STM32F0xx_HAL_Driver\Src\stm32f0xx_hal_dma.c 0x00000000   Number         0  stm32f0xx_hal_dma.o ABSOLUTE
    ..\Drivers\STM32F0xx_HAL_Driver\Src\stm32f0xx_hal_flash.c 0x00000000   Number         0  stm32f0xx_hal_flash.o ABSOLUTE
    ..\Drivers\STM32F0xx_HAL_Driver\Src\stm32f0xx_hal_flash_ex.c 0x00000000   Number         0  stm32f0xx_hal_flash_ex.o ABSOLUTE
    ..\Drivers\STM32F0xx_HAL_Driver\Src\stm32f0xx_hal_gpio.c 0x00000000   Number         0  stm32f0xx_hal_gpio.o ABSOLUTE
    ..\Drivers\STM32F0xx_HAL_Driver\Src\stm32f0xx_hal_i2c.c 0x00000000   Number         0  stm32f0xx_hal_i2c.o ABSOLUTE
    ..\Drivers\STM32F0xx_HAL_Driver\Src\stm32f0xx_hal_i2c_ex.c 0x00000000   Number         0  stm32f0xx_hal_i2c_ex.o ABSOLUTE
    ..\Drivers\STM32F0xx_HAL_Driver\Src\stm32f0xx_hal_pwr.c 0x00000000   Number         0  stm32f0xx_hal_pwr.o ABSOLUTE
    ..\Drivers\STM32F0xx_HAL_Driver\Src\stm32f0xx_hal_pwr_ex.c 0x00000000   Number         0  stm32f0xx_hal_pwr_ex.o ABSOLUTE
    ..\Drivers\STM32F0xx_HAL_Driver\Src\stm32f0xx_hal_rcc.c 0x00000000   Number         0  stm32f0xx_hal_rcc.o ABSOLUTE
    ..\Drivers\STM32F0xx_HAL_Driver\Src\stm32f0xx_hal_rcc_ex.c 0x00000000   Number         0  stm32f0xx_hal_rcc_ex.o ABSOLUTE
    ..\Drivers\STM32F0xx_HAL_Driver\Src\stm32f0xx_hal_tim.c 0x00000000   Number         0  stm32f0xx_hal_tim.o ABSOLUTE
    ..\Drivers\STM32F0xx_HAL_Driver\Src\stm32f0xx_hal_tim_ex.c 0x00000000   Number         0  stm32f0xx_hal_tim_ex.o ABSOLUTE
    ..\Drivers\STM32F0xx_HAL_Driver\Src\stm32f0xx_hal_uart.c 0x00000000   Number         0  stm32f0xx_hal_uart.o ABSOLUTE
    ..\Drivers\STM32F0xx_HAL_Driver\Src\stm32f0xx_hal_uart_ex.c 0x00000000   Number         0  stm32f0xx_hal_uart_ex.o ABSOLUTE
    ..\Source\FFT.c                          0x00000000   Number         0  fft.o ABSOLUTE
    ..\Source\IO_IIC.c                       0x00000000   Number         0  io_iic.o ABSOLUTE
    ..\Source\Key.c                          0x00000000   Number         0  key.o ABSOLUTE
    ..\Source\SN3236.c                       0x00000000   Number         0  sn3236.o ABSOLUTE
    ..\Source\app_main.c                     0x00000000   Number         0  app_main.o ABSOLUTE
    ..\Source\bt_mode.c                      0x00000000   Number         0  bt_mode.o ABSOLUTE
    ..\Source\rgb.c                          0x00000000   Number         0  rgb.o ABSOLUTE
    ..\Source\rgb_array.c                    0x00000000   Number         0  rgb_array.o ABSOLUTE
    ..\Source\user_uart_dma.c                0x00000000   Number         0  user_uart_dma.o ABSOLUTE
    ..\Src\adc.c                             0x00000000   Number         0  adc.o ABSOLUTE
    ..\Src\dma.c                             0x00000000   Number         0  dma.o ABSOLUTE
    ..\Src\gpio.c                            0x00000000   Number         0  gpio.o ABSOLUTE
    ..\Src\main.c                            0x00000000   Number         0  main.o ABSOLUTE
    ..\Src\stm32f0xx_hal_msp.c               0x00000000   Number         0  stm32f0xx_hal_msp.o ABSOLUTE
    ..\Src\stm32f0xx_it.c                    0x00000000   Number         0  stm32f0xx_it.o ABSOLUTE
    ..\Src\usart.c                           0x00000000   Number         0  usart.o ABSOLUTE
    ..\\Source\\FFT.c                        0x00000000   Number         0  fft.o ABSOLUTE
    ..\\Source\\IO_IIC.c                     0x00000000   Number         0  io_iic.o ABSOLUTE
    ..\\Source\\Key.c                        0x00000000   Number         0  key.o ABSOLUTE
    ..\\Source\\SN3236.c                     0x00000000   Number         0  sn3236.o ABSOLUTE
    ..\\Source\\app_main.c                   0x00000000   Number         0  app_main.o ABSOLUTE
    ..\\Source\\bt_mode.c                    0x00000000   Number         0  bt_mode.o ABSOLUTE
    ..\\Source\\rgb.c                        0x00000000   Number         0  rgb.o ABSOLUTE
    ..\\Source\\rgb_array.c                  0x00000000   Number         0  rgb_array.o ABSOLUTE
    ..\\Source\\user_uart_dma.c              0x00000000   Number         0  user_uart_dma.o ABSOLUTE
    ..\\Src\system_stm32f0xx.c               0x00000000   Number         0  system_stm32f0xx.o ABSOLUTE
    dc.s                                     0x00000000   Number         0  dc.o ABSOLUTE
    handlers.s                               0x00000000   Number         0  handlers.o ABSOLUTE
    init.s                                   0x00000000   Number         0  init.o ABSOLUTE
    startup_stm32f030x6.s                    0x00000000   Number         0  startup_stm32f030x6.o ABSOLUTE
    RESET                                    0x08000000   Section      176  startup_stm32f030x6.o(RESET)
    .ARM.Collect$$$$00000000                 0x080000b0   Section        0  entry.o(.ARM.Collect$$$$00000000)
    .ARM.Collect$$$$00000001                 0x080000b0   Section        4  entry2.o(.ARM.Collect$$$$00000001)
    .ARM.Collect$$$$00000004                 0x080000b4   Section        4  entry5.o(.ARM.Collect$$$$00000004)
    .ARM.Collect$$$$00000008                 0x080000b8   Section        0  entry7b.o(.ARM.Collect$$$$00000008)
    .ARM.Collect$$$$0000000A                 0x080000b8   Section        0  entry8b.o(.ARM.Collect$$$$0000000A)
    .ARM.Collect$$$$0000000B                 0x080000b8   Section        8  entry9a.o(.ARM.Collect$$$$0000000B)
    .ARM.Collect$$$$0000000D                 0x080000c0   Section        0  entry10a.o(.ARM.Collect$$$$0000000D)
    .ARM.Collect$$$$0000000F                 0x080000c0   Section        0  entry11a.o(.ARM.Collect$$$$0000000F)
    .ARM.Collect$$$$00002712                 0x080000c0   Section        4  entry2.o(.ARM.Collect$$$$00002712)
    __lit__00000000                          0x080000c0   Data           4  entry2.o(.ARM.Collect$$$$00002712)
    .text                                    0x080000c4   Section       28  startup_stm32f030x6.o(.text)
    .text                                    0x080000e0   Section        0  uidiv.o(.text)
    .text                                    0x0800010c   Section        0  memcpya.o(.text)
    .text                                    0x08000130   Section        0  memseta.o(.text)
    .text                                    0x08000154   Section       36  init.o(.text)
    i.ADCGetBuffer                           0x08000178   Section        0  adc.o(i.ADCGetBuffer)
    i.ADC_ConversionStop                     0x080001f8   Section        0  stm32f0xx_hal_adc.o(i.ADC_ConversionStop)
    ADC_ConversionStop                       0x080001f9   Thumb Code    82  stm32f0xx_hal_adc.o(i.ADC_ConversionStop)
    i.ADC_DMAConvCplt                        0x0800024a   Section        0  stm32f0xx_hal_adc.o(i.ADC_DMAConvCplt)
    ADC_DMAConvCplt                          0x0800024b   Thumb Code   108  stm32f0xx_hal_adc.o(i.ADC_DMAConvCplt)
    i.ADC_DMAError                           0x080002b6   Section        0  stm32f0xx_hal_adc.o(i.ADC_DMAError)
    ADC_DMAError                             0x080002b7   Thumb Code    26  stm32f0xx_hal_adc.o(i.ADC_DMAError)
    i.ADC_DMAHalfConvCplt                    0x080002d0   Section        0  stm32f0xx_hal_adc.o(i.ADC_DMAHalfConvCplt)
    ADC_DMAHalfConvCplt                      0x080002d1   Thumb Code    10  stm32f0xx_hal_adc.o(i.ADC_DMAHalfConvCplt)
    i.ADC_Disable                            0x080002da   Section        0  stm32f0xx_hal_adc.o(i.ADC_Disable)
    ADC_Disable                              0x080002db   Thumb Code   118  stm32f0xx_hal_adc.o(i.ADC_Disable)
    i.ADC_Enable                             0x08000350   Section        0  stm32f0xx_hal_adc.o(i.ADC_Enable)
    ADC_Enable                               0x08000351   Thumb Code   142  stm32f0xx_hal_adc.o(i.ADC_Enable)
    i.AD_Assignment                          0x080003ec   Section        0  fft.o(i.AD_Assignment)
    i.Array_CampFire                         0x08000418   Section        0  rgb_array.o(i.Array_CampFire)
    i.Array_CampFire2                        0x08000cac   Section        0  rgb_array.o(i.Array_CampFire2)
    i.Array_CampFire3                        0x08001258   Section        0  rgb.o(i.Array_CampFire3)
    i.BlueMode_Handle                        0x08001c2c   Section        0  bt_mode.o(i.BlueMode_Handle)
    i.BlueMode_Receive                       0x08001c44   Section        0  bt_mode.o(i.BlueMode_Receive)
    i.DMA1_Channel1_IRQHandler               0x08002038   Section        0  stm32f0xx_it.o(i.DMA1_Channel1_IRQHandler)
    i.DMA1_Channel2_3_IRQHandler             0x08002050   Section        0  stm32f0xx_it.o(i.DMA1_Channel2_3_IRQHandler)
    i.DMA_CalcBaseAndBitshift                0x08002068   Section        0  stm32f0xx_hal_dma.o(i.DMA_CalcBaseAndBitshift)
    DMA_CalcBaseAndBitshift                  0x08002069   Thumb Code    26  stm32f0xx_hal_dma.o(i.DMA_CalcBaseAndBitshift)
    i.DMA_SetConfig                          0x0800208c   Section        0  stm32f0xx_hal_dma.o(i.DMA_SetConfig)
    DMA_SetConfig                            0x0800208d   Thumb Code    42  stm32f0xx_hal_dma.o(i.DMA_SetConfig)
    i.Delay_1us                              0x080020b6   Section        0  io_iic.o(i.Delay_1us)
    i.DivideValue                            0x080020c4   Section        0  rgb.o(i.DivideValue)
    i.EXTI0_1_IRQHandler                     0x08002174   Section        0  stm32f0xx_it.o(i.EXTI0_1_IRQHandler)
    i.EXTI4_15_IRQHandler                    0x08002188   Section        0  stm32f0xx_it.o(i.EXTI4_15_IRQHandler)
    i.FFT                                    0x0800219c   Section        0  fft.o(i.FFT)
    i.FFT_Data_Handle                        0x080022ec   Section        0  fft.o(i.FFT_Data_Handle)
    i.FFT_ImageClear                         0x080022f8   Section        0  fft.o(i.FFT_ImageClear)
    i.FireMode_Handle                        0x08002320   Section        0  rgb.o(i.FireMode_Handle)
    i.GetKeyValue                            0x08002544   Section        0  key.o(i.GetKeyValue)
    i.HAL_ADCEx_Calibration_Start            0x080025a8   Section        0  stm32f0xx_hal_adc_ex.o(i.HAL_ADCEx_Calibration_Start)
    i.HAL_ADC_ConfigChannel                  0x08002658   Section        0  stm32f0xx_hal_adc.o(i.HAL_ADC_ConfigChannel)
    i.HAL_ADC_ConvCpltCallback               0x08002770   Section        0  stm32f0xx_hal_adc.o(i.HAL_ADC_ConvCpltCallback)
    i.HAL_ADC_ConvHalfCpltCallback           0x08002772   Section        0  stm32f0xx_hal_adc.o(i.HAL_ADC_ConvHalfCpltCallback)
    i.HAL_ADC_ErrorCallback                  0x08002774   Section        0  stm32f0xx_hal_adc.o(i.HAL_ADC_ErrorCallback)
    i.HAL_ADC_GetState                       0x08002776   Section        0  stm32f0xx_hal_adc.o(i.HAL_ADC_GetState)
    i.HAL_ADC_Init                           0x0800277c   Section        0  stm32f0xx_hal_adc.o(i.HAL_ADC_Init)
    i.HAL_ADC_MspInit                        0x080028f4   Section        0  adc.o(i.HAL_ADC_MspInit)
    i.HAL_ADC_Start_DMA                      0x08002980   Section        0  stm32f0xx_hal_adc.o(i.HAL_ADC_Start_DMA)
    i.HAL_ADC_Stop_DMA                       0x08002a24   Section        0  stm32f0xx_hal_adc.o(i.HAL_ADC_Stop_DMA)
    i.HAL_DMA_Abort                          0x08002a9e   Section        0  stm32f0xx_hal_dma.o(i.HAL_DMA_Abort)
    i.HAL_DMA_Abort_IT                       0x08002aca   Section        0  stm32f0xx_hal_dma.o(i.HAL_DMA_Abort_IT)
    i.HAL_DMA_IRQHandler                     0x08002b12   Section        0  stm32f0xx_hal_dma.o(i.HAL_DMA_IRQHandler)
    i.HAL_DMA_Init                           0x08002bbc   Section        0  stm32f0xx_hal_dma.o(i.HAL_DMA_Init)
    i.HAL_DMA_Start_IT                       0x08002c14   Section        0  stm32f0xx_hal_dma.o(i.HAL_DMA_Start_IT)
    i.HAL_GPIO_EXTI_Callback                 0x08002c86   Section        0  stm32f0xx_hal_gpio.o(i.HAL_GPIO_EXTI_Callback)
    i.HAL_GPIO_EXTI_IRQHandler               0x08002c88   Section        0  stm32f0xx_hal_gpio.o(i.HAL_GPIO_EXTI_IRQHandler)
    i.HAL_GPIO_Init                          0x08002ca0   Section        0  stm32f0xx_hal_gpio.o(i.HAL_GPIO_Init)
    i.HAL_GPIO_ReadPin                       0x08002de8   Section        0  stm32f0xx_hal_gpio.o(i.HAL_GPIO_ReadPin)
    i.HAL_GPIO_WritePin                      0x08002df6   Section        0  stm32f0xx_hal_gpio.o(i.HAL_GPIO_WritePin)
    i.HAL_GetTick                            0x08002e04   Section        0  stm32f0xx_hal.o(i.HAL_GetTick)
    i.HAL_IncTick                            0x08002e10   Section        0  stm32f0xx_hal.o(i.HAL_IncTick)
    i.HAL_Init                               0x08002e20   Section        0  stm32f0xx_hal.o(i.HAL_Init)
    i.HAL_InitTick                           0x08002e40   Section        0  stm32f0xx_hal.o(i.HAL_InitTick)
    i.HAL_MspInit                            0x08002e64   Section        0  stm32f0xx_hal_msp.o(i.HAL_MspInit)
    i.HAL_NVIC_EnableIRQ                     0x08002e9c   Section        0  stm32f0xx_hal_cortex.o(i.HAL_NVIC_EnableIRQ)
    i.HAL_NVIC_SetPriority                   0x08002eb0   Section        0  stm32f0xx_hal_cortex.o(i.HAL_NVIC_SetPriority)
    i.HAL_RCCEx_PeriphCLKConfig              0x08002eb8   Section        0  stm32f0xx_hal_rcc_ex.o(i.HAL_RCCEx_PeriphCLKConfig)
    i.HAL_RCC_ClockConfig                    0x08002fa8   Section        0  stm32f0xx_hal_rcc.o(i.HAL_RCC_ClockConfig)
    i.HAL_RCC_GetHCLKFreq                    0x080030ec   Section        0  stm32f0xx_hal_rcc.o(i.HAL_RCC_GetHCLKFreq)
    i.HAL_RCC_GetPCLK1Freq                   0x080030f8   Section        0  stm32f0xx_hal_rcc.o(i.HAL_RCC_GetPCLK1Freq)
    i.HAL_RCC_GetSysClockFreq                0x08003118   Section        0  stm32f0xx_hal_rcc.o(i.HAL_RCC_GetSysClockFreq)
    i.HAL_RCC_OscConfig                      0x080031a4   Section        0  stm32f0xx_hal_rcc.o(i.HAL_RCC_OscConfig)
    i.HAL_SYSTICK_CLKSourceConfig            0x08003578   Section        0  stm32f0xx_hal_cortex.o(i.HAL_SYSTICK_CLKSourceConfig)
    i.HAL_SYSTICK_Callback                   0x08003594   Section        0  stm32f0xx_hal_cortex.o(i.HAL_SYSTICK_Callback)
    i.HAL_SYSTICK_Config                     0x08003598   Section        0  stm32f0xx_hal_cortex.o(i.HAL_SYSTICK_Config)
    i.HAL_SYSTICK_IRQHandler                 0x080035c8   Section        0  stm32f0xx_hal_cortex.o(i.HAL_SYSTICK_IRQHandler)
    i.HAL_UART_ErrorCallback                 0x080035d0   Section        0  stm32f0xx_hal_uart.o(i.HAL_UART_ErrorCallback)
    i.HAL_UART_IRQHandler                    0x080035d4   Section        0  stm32f0xx_hal_uart.o(i.HAL_UART_IRQHandler)
    i.HAL_UART_Init                          0x080036f4   Section        0  stm32f0xx_hal_uart.o(i.HAL_UART_Init)
    i.HAL_UART_MspInit                       0x08003768   Section        0  usart.o(i.HAL_UART_MspInit)
    i.HAL_UART_Receive_DMA                   0x08003838   Section        0  stm32f0xx_hal_uart.o(i.HAL_UART_Receive_DMA)
    i.HAL_UART_RxCpltCallback                0x080038e0   Section        0  main.o(i.HAL_UART_RxCpltCallback)
    i.HAL_UART_RxHalfCpltCallback            0x08003900   Section        0  stm32f0xx_hal_uart.o(i.HAL_UART_RxHalfCpltCallback)
    i.HAL_UART_Transmit                      0x08003902   Section        0  stm32f0xx_hal_uart.o(i.HAL_UART_Transmit)
    i.HAL_UART_Transmit_DMA                  0x080039d8   Section        0  stm32f0xx_hal_uart.o(i.HAL_UART_Transmit_DMA)
    i.HAL_UART_TxCpltCallback                0x08003a78   Section        0  usart.o(i.HAL_UART_TxCpltCallback)
    i.HAL_UART_TxHalfCpltCallback            0x08003a86   Section        0  stm32f0xx_hal_uart.o(i.HAL_UART_TxHalfCpltCallback)
    i.HardFault_Handler                      0x08003a88   Section        0  stm32f0xx_it.o(i.HardFault_Handler)
    i.IIC_Init1                              0x08003a8c   Section        0  io_iic.o(i.IIC_Init1)
    i.IIC_Send_Byte1                         0x08003b4c   Section        0  io_iic.o(i.IIC_Send_Byte1)
    i.IIC_Send_Byte_Mix                      0x08003bf4   Section        0  io_iic.o(i.IIC_Send_Byte_Mix)
    i.IIC_Start1                             0x08003d50   Section        0  io_iic.o(i.IIC_Start1)
    i.IIC_Stop1                              0x08003d88   Section        0  io_iic.o(i.IIC_Stop1)
    i.IIC_Wait_Ack                           0x08003ddc   Section        0  io_iic.o(i.IIC_Wait_Ack)
    i.IoT_ON                                 0x08003df4   Section        0  app_main.o(i.IoT_ON)
    i.KeyComMsg                              0x08003df8   Section        0  key.o(i.KeyComMsg)
    i.KeyEventPorc                           0x08003e7c   Section        0  key.o(i.KeyEventPorc)
    i.KeyScan                                0x08003f4c   Section        0  key.o(i.KeyScan)
    i.MX_ADC_Init                            0x08003f58   Section        0  adc.o(i.MX_ADC_Init)
    i.MX_DMA_Init                            0x0800401c   Section        0  dma.o(i.MX_DMA_Init)
    i.MX_GPIO_Init                           0x08004020   Section        0  gpio.o(i.MX_GPIO_Init)
    i.MX_USART1_UART_Init                    0x080040b8   Section        0  usart.o(i.MX_USART1_UART_Init)
    i.NMI_Handler                            0x08004160   Section        0  stm32f0xx_it.o(i.NMI_Handler)
    i.NVIC_SetPriority                       0x08004164   Section        0  stm32f0xx_hal_cortex.o(i.NVIC_SetPriority)
    NVIC_SetPriority                         0x08004165   Thumb Code    60  stm32f0xx_hal_cortex.o(i.NVIC_SetPriority)
    i.PendSV_Handler                         0x080041a8   Section        0  stm32f0xx_it.o(i.PendSV_Handler)
    i.PowerON_Reset                          0x080041ac   Section        0  app_main.o(i.PowerON_Reset)
    i.RGBMode_Handle                         0x08004264   Section        0  rgb.o(i.RGBMode_Handle)
    i.SN3236_Driver                          0x0800426c   Section        0  sn3236.o(i.SN3236_Driver)
    i.SN3236_Init1                           0x0800427c   Section        0  sn3236.o(i.SN3236_Init1)
    i.SN3236_RegWrite                        0x080042d0   Section        0  sn3236.o(i.SN3236_RegWrite)
    i.SVC_Handler                            0x08004314   Section        0  stm32f0xx_it.o(i.SVC_Handler)
    i.ScanFFT                                0x08004318   Section        0  fft.o(i.ScanFFT)
    i.Scan_IoT_OFF                           0x08004330   Section        0  app_main.o(i.Scan_IoT_OFF)
    i.SysTick_Handler                        0x08004348   Section        0  stm32f0xx_it.o(i.SysTick_Handler)
    i.SystemClock_Config                     0x080043b8   Section        0  main.o(i.SystemClock_Config)
    i.SystemInit                             0x08004450   Section        0  system_stm32f0xx.o(i.SystemInit)
    i.UART_AdvFeatureConfig                  0x080044ac   Section        0  stm32f0xx_hal_uart.o(i.UART_AdvFeatureConfig)
    i.UART_CheckIdleState                    0x08004576   Section        0  stm32f0xx_hal_uart.o(i.UART_CheckIdleState)
    i.UART_DMAAbortOnError                   0x08004588   Section        0  stm32f0xx_hal_uart.o(i.UART_DMAAbortOnError)
    UART_DMAAbortOnError                     0x08004589   Thumb Code    20  stm32f0xx_hal_uart.o(i.UART_DMAAbortOnError)
    i.UART_DMAError                          0x0800459c   Section        0  stm32f0xx_hal_uart.o(i.UART_DMAError)
    UART_DMAError                            0x0800459d   Thumb Code    76  stm32f0xx_hal_uart.o(i.UART_DMAError)
    i.UART_DMAReceiveCplt                    0x080045e8   Section        0  stm32f0xx_hal_uart.o(i.UART_DMAReceiveCplt)
    UART_DMAReceiveCplt                      0x080045e9   Thumb Code    64  stm32f0xx_hal_uart.o(i.UART_DMAReceiveCplt)
    i.UART_DMARxHalfCplt                     0x08004628   Section        0  stm32f0xx_hal_uart.o(i.UART_DMARxHalfCplt)
    UART_DMARxHalfCplt                       0x08004629   Thumb Code    10  stm32f0xx_hal_uart.o(i.UART_DMARxHalfCplt)
    i.UART_DMATransmitCplt                   0x08004632   Section        0  stm32f0xx_hal_uart.o(i.UART_DMATransmitCplt)
    UART_DMATransmitCplt                     0x08004633   Thumb Code    48  stm32f0xx_hal_uart.o(i.UART_DMATransmitCplt)
    i.UART_DMATxHalfCplt                     0x08004662   Section        0  stm32f0xx_hal_uart.o(i.UART_DMATxHalfCplt)
    UART_DMATxHalfCplt                       0x08004663   Thumb Code    10  stm32f0xx_hal_uart.o(i.UART_DMATxHalfCplt)
    i.UART_EndRxTransfer                     0x0800466c   Section        0  stm32f0xx_hal_uart.o(i.UART_EndRxTransfer)
    UART_EndRxTransfer                       0x0800466d   Thumb Code    30  stm32f0xx_hal_uart.o(i.UART_EndRxTransfer)
    i.UART_EndTransmit_IT                    0x0800468a   Section        0  stm32f0xx_hal_uart.o(i.UART_EndTransmit_IT)
    i.UART_EndTxTransfer                     0x080046a4   Section        0  stm32f0xx_hal_uart.o(i.UART_EndTxTransfer)
    UART_EndTxTransfer                       0x080046a5   Thumb Code    18  stm32f0xx_hal_uart.o(i.UART_EndTxTransfer)
    i.UART_Receive_IT                        0x080046b6   Section        0  stm32f0xx_hal_uart.o(i.UART_Receive_IT)
    i.UART_SetConfig                         0x08004734   Section        0  stm32f0xx_hal_uart.o(i.UART_SetConfig)
    i.UART_Transmit_IT                       0x08004890   Section        0  stm32f0xx_hal_uart.o(i.UART_Transmit_IT)
    i.UART_WaitOnFlagUntilTimeout            0x080048f8   Section        0  stm32f0xx_hal_uart.o(i.UART_WaitOnFlagUntilTimeout)
    i.USART1_IRQHandler                      0x0800495c   Section        0  stm32f0xx_it.o(i.USART1_IRQHandler)
    i.Usart1SendData_DMA                     0x08004970   Section        0  usart.o(i.Usart1SendData_DMA)
    i.UsartReceive_IDLE                      0x080049a0   Section        0  usart.o(i.UsartReceive_IDLE)
    i.User_UART_Receive_DMAStop              0x08004a6c   Section        0  user_uart_dma.o(i.User_UART_Receive_DMAStop)
    i.User_UART_Transmit_DMAStop             0x08004a8e   Section        0  user_uart_dma.o(i.User_UART_Transmit_DMAStop)
    i._Error_Handler                         0x08004ab0   Section        0  main.o(i._Error_Handler)
    i.__scatterload_copy                     0x08004ab2   Section       14  handlers.o(i.__scatterload_copy)
    i.__scatterload_null                     0x08004ac0   Section        2  handlers.o(i.__scatterload_null)
    i.__scatterload_zeroinit                 0x08004ac2   Section       14  handlers.o(i.__scatterload_zeroinit)
    i.app_main                               0x08004ad0   Section        0  app_main.o(i.app_main)
    i.char_to_bcd                            0x08004b34   Section        0  bt_mode.o(i.char_to_bcd)
    i.hex_to_char                            0x08004b5a   Section        0  bt_mode.o(i.hex_to_char)
    i.main                                   0x08004b80   Section        0  main.o(i.main)
    .constdata                               0x08004bb2   Section       16  system_stm32f0xx.o(.constdata)
    .constdata                               0x08004bc2   Section        8  system_stm32f0xx.o(.constdata)
    .constdata                               0x08004bcc   Section       25  bt_mode.o(.constdata)
    .constdata                               0x08004be5   Section     7200  rgb_array.o(.constdata)
    .constdata                               0x08006805   Section       72  rgb_array.o(.constdata)
    .constdata                               0x0800684d   Section       72  rgb_array.o(.constdata)
    .constdata                               0x08006895   Section       72  rgb_array.o(.constdata)
    .constdata                               0x080068dd   Section       64  fft.o(.constdata)
    .data                                    0x20000000   Section        1  adc.o(.data)
    .data                                    0x20000004   Section        4  stm32f0xx_hal.o(.data)
    .data                                    0x20000008   Section        4  system_stm32f0xx.o(.data)
    .data                                    0x2000000c   Section       12  app_main.o(.data)
    .data                                    0x20000018   Section        1  app_main.o(.data)
    .data                                    0x20000019   Section        1  app_main.o(.data)
    .data                                    0x2000001a   Section        1  app_main.o(.data)
    .data                                    0x2000001b   Section        1  app_main.o(.data)
    .data                                    0x2000001c   Section        1  app_main.o(.data)
    .data                                    0x2000001d   Section        1  app_main.o(.data)
    .data                                    0x2000001e   Section        1  app_main.o(.data)
    .data                                    0x2000001f   Section        3  bt_mode.o(.data)
    .data                                    0x20000022   Section        1  bt_mode.o(.data)
    .data                                    0x20000023   Section        1  bt_mode.o(.data)
    .data                                    0x20000024   Section       56  key.o(.data)
    KeyCurValue                              0x2000002e   Data           1  key.o(.data)
    KeyLastValue                             0x2000002f   Data           1  key.o(.data)
    .data                                    0x2000005c   Section       36  rgb.o(.data)
    .data                                    0x20000080   Section       36  rgb.o(.data)
    .data                                    0x200000a4   Section       16  rgb.o(.data)
    .data                                    0x200000b4   Section        3  fft.o(.data)
    .bss                                     0x200000b8   Section      144  adc.o(.bss)
    .bss                                     0x20000148   Section      352  usart.o(.bss)
    .bss                                     0x200002a8   Section      100  bt_mode.o(.bss)
    .bss                                     0x2000030c   Section      200  bt_mode.o(.bss)
    .bss                                     0x200003d4   Section       64  rgb.o(.bss)
    .bss                                     0x20000414   Section       64  rgb.o(.bss)
    .bss                                     0x20000454   Section       72  rgb.o(.bss)
    .bss                                     0x2000049c   Section      147  sn3236.o(.bss)
    .bss                                     0x2000052f   Section       36  sn3236.o(.bss)
    .bss                                     0x20000553   Section       36  sn3236.o(.bss)
    .bss                                     0x20000577   Section       36  sn3236.o(.bss)
    .bss                                     0x2000059b   Section       36  sn3236.o(.bss)
    .bss                                     0x200005bf   Section       36  sn3236.o(.bss)
    .bss                                     0x200005e3   Section       36  sn3236.o(.bss)
    .bss                                     0x20000608   Section      128  fft.o(.bss)
    STACK                                    0x20000688   Section     1024  startup_stm32f030x6.o(STACK)

    Global Symbols

    Symbol Name                              Value     Ov Type        Size  Object(Section)

    BuildAttributes$$THM_ISAv3M$S$PE$A:L22$X:L11$S22$IEEE1$IW$USESV6$~STKCKD$USESV7$~SHL$OSPACE$EBA8$MICROLIB$REQ8$PRES8$EABIv2 0x00000000   Number         0  anon$$obj.o ABSOLUTE
    __ARM_use_no_argv                        0x00000000   Number         0  main.o ABSOLUTE
    __cpp_initialize__aeabi_                  - Undefined Weak Reference
    __cxa_finalize                            - Undefined Weak Reference
    __decompress                              - Undefined Weak Reference
    _clock_init                               - Undefined Weak Reference
    _microlib_exit                            - Undefined Weak Reference
    __Vectors_Size                           0x000000b0   Number         0  startup_stm32f030x6.o ABSOLUTE
    __Vectors                                0x08000000   Data           4  startup_stm32f030x6.o(RESET)
    __Vectors_End                            0x080000b0   Data           0  startup_stm32f030x6.o(RESET)
    __main                                   0x080000b1   Thumb Code     0  entry.o(.ARM.Collect$$$$00000000)
    _main_stk                                0x080000b1   Thumb Code     0  entry2.o(.ARM.Collect$$$$00000001)
    _main_scatterload                        0x080000b5   Thumb Code     0  entry5.o(.ARM.Collect$$$$00000004)
    __main_after_scatterload                 0x080000b9   Thumb Code     0  entry5.o(.ARM.Collect$$$$00000004)
    _main_clock                              0x080000b9   Thumb Code     0  entry7b.o(.ARM.Collect$$$$00000008)
    _main_cpp_init                           0x080000b9   Thumb Code     0  entry8b.o(.ARM.Collect$$$$0000000A)
    _main_init                               0x080000b9   Thumb Code     0  entry9a.o(.ARM.Collect$$$$0000000B)
    __rt_final_cpp                           0x080000c1   Thumb Code     0  entry10a.o(.ARM.Collect$$$$0000000D)
    __rt_final_exit                          0x080000c1   Thumb Code     0  entry11a.o(.ARM.Collect$$$$0000000F)
    Reset_Handler                            0x080000c5   Thumb Code     8  startup_stm32f030x6.o(.text)
    ADC1_IRQHandler                          0x080000d7   Thumb Code     0  startup_stm32f030x6.o(.text)
    DMA1_Channel4_5_IRQHandler               0x080000d7   Thumb Code     0  startup_stm32f030x6.o(.text)
    EXTI2_3_IRQHandler                       0x080000d7   Thumb Code     0  startup_stm32f030x6.o(.text)
    FLASH_IRQHandler                         0x080000d7   Thumb Code     0  startup_stm32f030x6.o(.text)
    I2C1_IRQHandler                          0x080000d7   Thumb Code     0  startup_stm32f030x6.o(.text)
    RCC_IRQHandler                           0x080000d7   Thumb Code     0  startup_stm32f030x6.o(.text)
    RTC_IRQHandler                           0x080000d7   Thumb Code     0  startup_stm32f030x6.o(.text)
    SPI1_IRQHandler                          0x080000d7   Thumb Code     0  startup_stm32f030x6.o(.text)
    TIM14_IRQHandler                         0x080000d7   Thumb Code     0  startup_stm32f030x6.o(.text)
    TIM16_IRQHandler                         0x080000d7   Thumb Code     0  startup_stm32f030x6.o(.text)
    TIM17_IRQHandler                         0x080000d7   Thumb Code     0  startup_stm32f030x6.o(.text)
    TIM1_BRK_UP_TRG_COM_IRQHandler           0x080000d7   Thumb Code     0  startup_stm32f030x6.o(.text)
    TIM1_CC_IRQHandler                       0x080000d7   Thumb Code     0  startup_stm32f030x6.o(.text)
    TIM3_IRQHandler                          0x080000d7   Thumb Code     0  startup_stm32f030x6.o(.text)
    WWDG_IRQHandler                          0x080000d7   Thumb Code     0  startup_stm32f030x6.o(.text)
    __aeabi_uidiv                            0x080000e1   Thumb Code     0  uidiv.o(.text)
    __aeabi_uidivmod                         0x080000e1   Thumb Code    44  uidiv.o(.text)
    __aeabi_memcpy                           0x0800010d   Thumb Code    36  memcpya.o(.text)
    __aeabi_memcpy4                          0x0800010d   Thumb Code     0  memcpya.o(.text)
    __aeabi_memcpy8                          0x0800010d   Thumb Code     0  memcpya.o(.text)
    __aeabi_memset                           0x08000131   Thumb Code    14  memseta.o(.text)
    __aeabi_memset4                          0x08000131   Thumb Code     0  memseta.o(.text)
    __aeabi_memset8                          0x08000131   Thumb Code     0  memseta.o(.text)
    __aeabi_memclr                           0x0800013f   Thumb Code     4  memseta.o(.text)
    __aeabi_memclr4                          0x0800013f   Thumb Code     0  memseta.o(.text)
    __aeabi_memclr8                          0x0800013f   Thumb Code     0  memseta.o(.text)
    _memset$wrapper                          0x08000143   Thumb Code    18  memseta.o(.text)
    __scatterload                            0x08000155   Thumb Code    28  init.o(.text)
    __scatterload_rt2                        0x08000155   Thumb Code     0  init.o(.text)
    ADCGetBuffer                             0x08000179   Thumb Code    96  adc.o(i.ADCGetBuffer)
    AD_Assignment                            0x080003ed   Thumb Code    30  fft.o(i.AD_Assignment)
    Array_CampFire                           0x08000419   Thumb Code  2192  rgb_array.o(i.Array_CampFire)
    Array_CampFire2                          0x08000cad   Thumb Code  1440  rgb_array.o(i.Array_CampFire2)
    Array_CampFire3                          0x08001259   Thumb Code  2496  rgb.o(i.Array_CampFire3)
    BlueMode_Handle                          0x08001c2d   Thumb Code    20  bt_mode.o(i.BlueMode_Handle)
    BlueMode_Receive                         0x08001c45   Thumb Code   968  bt_mode.o(i.BlueMode_Receive)
    DMA1_Channel1_IRQHandler                 0x08002039   Thumb Code    16  stm32f0xx_it.o(i.DMA1_Channel1_IRQHandler)
    DMA1_Channel2_3_IRQHandler               0x08002051   Thumb Code    16  stm32f0xx_it.o(i.DMA1_Channel2_3_IRQHandler)
    Delay_1us                                0x080020b7   Thumb Code    12  io_iic.o(i.Delay_1us)
    DivideValue                              0x080020c5   Thumb Code   150  rgb.o(i.DivideValue)
    EXTI0_1_IRQHandler                       0x08002175   Thumb Code    16  stm32f0xx_it.o(i.EXTI0_1_IRQHandler)
    EXTI4_15_IRQHandler                      0x08002189   Thumb Code    16  stm32f0xx_it.o(i.EXTI4_15_IRQHandler)
    FFT                                      0x0800219d   Thumb Code   322  fft.o(i.FFT)
    FFT_Data_Handle                          0x080022ed   Thumb Code     8  fft.o(i.FFT_Data_Handle)
    FFT_ImageClear                           0x080022f9   Thumb Code    34  fft.o(i.FFT_ImageClear)
    FireMode_Handle                          0x08002321   Thumb Code   494  rgb.o(i.FireMode_Handle)
    GetKeyValue                              0x08002545   Thumb Code    88  key.o(i.GetKeyValue)
    HAL_ADCEx_Calibration_Start              0x080025a9   Thumb Code   176  stm32f0xx_hal_adc_ex.o(i.HAL_ADCEx_Calibration_Start)
    HAL_ADC_ConfigChannel                    0x08002659   Thumb Code   262  stm32f0xx_hal_adc.o(i.HAL_ADC_ConfigChannel)
    HAL_ADC_ConvCpltCallback                 0x08002771   Thumb Code     2  stm32f0xx_hal_adc.o(i.HAL_ADC_ConvCpltCallback)
    HAL_ADC_ConvHalfCpltCallback             0x08002773   Thumb Code     2  stm32f0xx_hal_adc.o(i.HAL_ADC_ConvHalfCpltCallback)
    HAL_ADC_ErrorCallback                    0x08002775   Thumb Code     2  stm32f0xx_hal_adc.o(i.HAL_ADC_ErrorCallback)
    HAL_ADC_GetState                         0x08002777   Thumb Code     4  stm32f0xx_hal_adc.o(i.HAL_ADC_GetState)
    HAL_ADC_Init                             0x0800277d   Thumb Code   366  stm32f0xx_hal_adc.o(i.HAL_ADC_Init)
    HAL_ADC_MspInit                          0x080028f5   Thumb Code   108  adc.o(i.HAL_ADC_MspInit)
    HAL_ADC_Start_DMA                        0x08002981   Thumb Code   146  stm32f0xx_hal_adc.o(i.HAL_ADC_Start_DMA)
    HAL_ADC_Stop_DMA                         0x08002a25   Thumb Code   122  stm32f0xx_hal_adc.o(i.HAL_ADC_Stop_DMA)
    HAL_DMA_Abort                            0x08002a9f   Thumb Code    44  stm32f0xx_hal_dma.o(i.HAL_DMA_Abort)
    HAL_DMA_Abort_IT                         0x08002acb   Thumb Code    72  stm32f0xx_hal_dma.o(i.HAL_DMA_Abort_IT)
    HAL_DMA_IRQHandler                       0x08002b13   Thumb Code   170  stm32f0xx_hal_dma.o(i.HAL_DMA_IRQHandler)
    HAL_DMA_Init                             0x08002bbd   Thumb Code    84  stm32f0xx_hal_dma.o(i.HAL_DMA_Init)
    HAL_DMA_Start_IT                         0x08002c15   Thumb Code   114  stm32f0xx_hal_dma.o(i.HAL_DMA_Start_IT)
    HAL_GPIO_EXTI_Callback                   0x08002c87   Thumb Code     2  stm32f0xx_hal_gpio.o(i.HAL_GPIO_EXTI_Callback)
    HAL_GPIO_EXTI_IRQHandler                 0x08002c89   Thumb Code    18  stm32f0xx_hal_gpio.o(i.HAL_GPIO_EXTI_IRQHandler)
    HAL_GPIO_Init                            0x08002ca1   Thumb Code   304  stm32f0xx_hal_gpio.o(i.HAL_GPIO_Init)
    HAL_GPIO_ReadPin                         0x08002de9   Thumb Code    14  stm32f0xx_hal_gpio.o(i.HAL_GPIO_ReadPin)
    HAL_GPIO_WritePin                        0x08002df7   Thumb Code    12  stm32f0xx_hal_gpio.o(i.HAL_GPIO_WritePin)
    HAL_GetTick                              0x08002e05   Thumb Code     6  stm32f0xx_hal.o(i.HAL_GetTick)
    HAL_IncTick                              0x08002e11   Thumb Code    10  stm32f0xx_hal.o(i.HAL_IncTick)
    HAL_Init                                 0x08002e21   Thumb Code    26  stm32f0xx_hal.o(i.HAL_Init)
    HAL_InitTick                             0x08002e41   Thumb Code    34  stm32f0xx_hal.o(i.HAL_InitTick)
    HAL_MspInit                              0x08002e65   Thumb Code    50  stm32f0xx_hal_msp.o(i.HAL_MspInit)
    HAL_NVIC_EnableIRQ                       0x08002e9d   Thumb Code    14  stm32f0xx_hal_cortex.o(i.HAL_NVIC_EnableIRQ)
    HAL_NVIC_SetPriority                     0x08002eb1   Thumb Code     8  stm32f0xx_hal_cortex.o(i.HAL_NVIC_SetPriority)
    HAL_RCCEx_PeriphCLKConfig                0x08002eb9   Thumb Code   226  stm32f0xx_hal_rcc_ex.o(i.HAL_RCCEx_PeriphCLKConfig)
    HAL_RCC_ClockConfig                      0x08002fa9   Thumb Code   304  stm32f0xx_hal_rcc.o(i.HAL_RCC_ClockConfig)
    HAL_RCC_GetHCLKFreq                      0x080030ed   Thumb Code     6  stm32f0xx_hal_rcc.o(i.HAL_RCC_GetHCLKFreq)
    HAL_RCC_GetPCLK1Freq                     0x080030f9   Thumb Code    22  stm32f0xx_hal_rcc.o(i.HAL_RCC_GetPCLK1Freq)
    HAL_RCC_GetSysClockFreq                  0x08003119   Thumb Code    94  stm32f0xx_hal_rcc.o(i.HAL_RCC_GetSysClockFreq)
    HAL_RCC_OscConfig                        0x080031a5   Thumb Code   968  stm32f0xx_hal_rcc.o(i.HAL_RCC_OscConfig)
    HAL_SYSTICK_CLKSourceConfig              0x08003579   Thumb Code    24  stm32f0xx_hal_cortex.o(i.HAL_SYSTICK_CLKSourceConfig)
    HAL_SYSTICK_Callback                     0x08003595   Thumb Code     2  stm32f0xx_hal_cortex.o(i.HAL_SYSTICK_Callback)
    HAL_SYSTICK_Config                       0x08003599   Thumb Code    38  stm32f0xx_hal_cortex.o(i.HAL_SYSTICK_Config)
    HAL_SYSTICK_IRQHandler                   0x080035c9   Thumb Code     8  stm32f0xx_hal_cortex.o(i.HAL_SYSTICK_IRQHandler)
    HAL_UART_ErrorCallback                   0x080035d1   Thumb Code     2  stm32f0xx_hal_uart.o(i.HAL_UART_ErrorCallback)
    HAL_UART_IRQHandler                      0x080035d5   Thumb Code   282  stm32f0xx_hal_uart.o(i.HAL_UART_IRQHandler)
    HAL_UART_Init                            0x080036f5   Thumb Code   114  stm32f0xx_hal_uart.o(i.HAL_UART_Init)
    HAL_UART_MspInit                         0x08003769   Thumb Code   176  usart.o(i.HAL_UART_MspInit)
    HAL_UART_Receive_DMA                     0x08003839   Thumb Code   154  stm32f0xx_hal_uart.o(i.HAL_UART_Receive_DMA)
    HAL_UART_RxCpltCallback                  0x080038e1   Thumb Code    22  main.o(i.HAL_UART_RxCpltCallback)
    HAL_UART_RxHalfCpltCallback              0x08003901   Thumb Code     2  stm32f0xx_hal_uart.o(i.HAL_UART_RxHalfCpltCallback)
    HAL_UART_Transmit                        0x08003903   Thumb Code   214  stm32f0xx_hal_uart.o(i.HAL_UART_Transmit)
    HAL_UART_Transmit_DMA                    0x080039d9   Thumb Code   148  stm32f0xx_hal_uart.o(i.HAL_UART_Transmit_DMA)
    HAL_UART_TxCpltCallback                  0x08003a79   Thumb Code    14  usart.o(i.HAL_UART_TxCpltCallback)
    HAL_UART_TxHalfCpltCallback              0x08003a87   Thumb Code     2  stm32f0xx_hal_uart.o(i.HAL_UART_TxHalfCpltCallback)
    HardFault_Handler                        0x08003a89   Thumb Code     2  stm32f0xx_it.o(i.HardFault_Handler)
    IIC_Init1                                0x08003a8d   Thumb Code   186  io_iic.o(i.IIC_Init1)
    IIC_Send_Byte1                           0x08003b4d   Thumb Code   164  io_iic.o(i.IIC_Send_Byte1)
    IIC_Send_Byte_Mix                        0x08003bf5   Thumb Code   312  io_iic.o(i.IIC_Send_Byte_Mix)
    IIC_Start1                               0x08003d51   Thumb Code    52  io_iic.o(i.IIC_Start1)
    IIC_Stop1                                0x08003d89   Thumb Code    80  io_iic.o(i.IIC_Stop1)
    IIC_Wait_Ack                             0x08003ddd   Thumb Code    20  io_iic.o(i.IIC_Wait_Ack)
    IoT_ON                                   0x08003df5   Thumb Code     2  app_main.o(i.IoT_ON)
    KeyComMsg                                0x08003df9   Thumb Code   118  key.o(i.KeyComMsg)
    KeyEventPorc                             0x08003e7d   Thumb Code   204  key.o(i.KeyEventPorc)
    KeyScan                                  0x08003f4d   Thumb Code    12  key.o(i.KeyScan)
    MX_ADC_Init                              0x08003f59   Thumb Code   164  adc.o(i.MX_ADC_Init)
    MX_DMA_Init                              0x0800401d   Thumb Code     2  dma.o(i.MX_DMA_Init)
    MX_GPIO_Init                             0x08004021   Thumb Code   138  gpio.o(i.MX_GPIO_Init)
    MX_USART1_UART_Init                      0x080040b9   Thumb Code   138  usart.o(i.MX_USART1_UART_Init)
    NMI_Handler                              0x08004161   Thumb Code     2  stm32f0xx_it.o(i.NMI_Handler)
    PendSV_Handler                           0x080041a9   Thumb Code     2  stm32f0xx_it.o(i.PendSV_Handler)
    PowerON_Reset                            0x080041ad   Thumb Code   178  app_main.o(i.PowerON_Reset)
    RGBMode_Handle                           0x08004265   Thumb Code     8  rgb.o(i.RGBMode_Handle)
    SN3236_Driver                            0x0800426d   Thumb Code    10  sn3236.o(i.SN3236_Driver)
    SN3236_Init1                             0x0800427d   Thumb Code    76  sn3236.o(i.SN3236_Init1)
    SN3236_RegWrite                          0x080042d1   Thumb Code    68  sn3236.o(i.SN3236_RegWrite)
    SVC_Handler                              0x08004315   Thumb Code     2  stm32f0xx_it.o(i.SVC_Handler)
    ScanFFT                                  0x08004319   Thumb Code    20  fft.o(i.ScanFFT)
    Scan_IoT_OFF                             0x08004331   Thumb Code    16  app_main.o(i.Scan_IoT_OFF)
    SysTick_Handler                          0x08004349   Thumb Code    84  stm32f0xx_it.o(i.SysTick_Handler)
    SystemClock_Config                       0x080043b9   Thumb Code   136  main.o(i.SystemClock_Config)
    SystemInit                               0x08004451   Thumb Code    78  system_stm32f0xx.o(i.SystemInit)
    UART_AdvFeatureConfig                    0x080044ad   Thumb Code   202  stm32f0xx_hal_uart.o(i.UART_AdvFeatureConfig)
    UART_CheckIdleState                      0x08004577   Thumb Code    18  stm32f0xx_hal_uart.o(i.UART_CheckIdleState)
    UART_EndTransmit_IT                      0x0800468b   Thumb Code    26  stm32f0xx_hal_uart.o(i.UART_EndTransmit_IT)
    UART_Receive_IT                          0x080046b7   Thumb Code   126  stm32f0xx_hal_uart.o(i.UART_Receive_IT)
    UART_SetConfig                           0x08004735   Thumb Code   332  stm32f0xx_hal_uart.o(i.UART_SetConfig)
    UART_Transmit_IT                         0x08004891   Thumb Code   104  stm32f0xx_hal_uart.o(i.UART_Transmit_IT)
    UART_WaitOnFlagUntilTimeout              0x080048f9   Thumb Code    98  stm32f0xx_hal_uart.o(i.UART_WaitOnFlagUntilTimeout)
    USART1_IRQHandler                        0x0800495d   Thumb Code    16  stm32f0xx_it.o(i.USART1_IRQHandler)
    Usart1SendData_DMA                       0x08004971   Thumb Code    40  usart.o(i.Usart1SendData_DMA)
    UsartReceive_IDLE                        0x080049a1   Thumb Code   174  usart.o(i.UsartReceive_IDLE)
    User_UART_Receive_DMAStop                0x08004a6d   Thumb Code    34  user_uart_dma.o(i.User_UART_Receive_DMAStop)
    User_UART_Transmit_DMAStop               0x08004a8f   Thumb Code    34  user_uart_dma.o(i.User_UART_Transmit_DMAStop)
    _Error_Handler                           0x08004ab1   Thumb Code     2  main.o(i._Error_Handler)
    __scatterload_copy                       0x08004ab3   Thumb Code    14  handlers.o(i.__scatterload_copy)
    __scatterload_null                       0x08004ac1   Thumb Code     2  handlers.o(i.__scatterload_null)
    __scatterload_zeroinit                   0x08004ac3   Thumb Code    14  handlers.o(i.__scatterload_zeroinit)
    app_main                                 0x08004ad1   Thumb Code    94  app_main.o(i.app_main)
    char_to_bcd                              0x08004b35   Thumb Code    38  bt_mode.o(i.char_to_bcd)
    hex_to_char                              0x08004b5b   Thumb Code    38  bt_mode.o(i.hex_to_char)
    main                                     0x08004b81   Thumb Code    50  main.o(i.main)
    AHBPrescTable                            0x08004bb2   Data          16  system_stm32f0xx.o(.constdata)
    APBPrescTable                            0x08004bc2   Data           8  system_stm32f0xx.o(.constdata)
    campFire1_tab1                           0x08004be5   Data          72  rgb_array.o(.constdata)
    campFire1_tab2                           0x08004c2d   Data          72  rgb_array.o(.constdata)
    campFire1_tab3                           0x08004c75   Data          72  rgb_array.o(.constdata)
    campFire1_tab4                           0x08004cbd   Data          72  rgb_array.o(.constdata)
    campFire1_tab5                           0x08004d05   Data          72  rgb_array.o(.constdata)
    campFire1_tab6                           0x08004d4d   Data          72  rgb_array.o(.constdata)
    campFire1_tab7                           0x08004d95   Data          72  rgb_array.o(.constdata)
    campFire1_tab8                           0x08004ddd   Data          72  rgb_array.o(.constdata)
    campFire1_tab9                           0x08004e25   Data          72  rgb_array.o(.constdata)
    campFire1_tab10                          0x08004e6d   Data          72  rgb_array.o(.constdata)
    campFire1_tab11                          0x08004eb5   Data          72  rgb_array.o(.constdata)
    campFire1_tab12                          0x08004efd   Data          72  rgb_array.o(.constdata)
    campFire1_tab13                          0x08004f45   Data          72  rgb_array.o(.constdata)
    campFire1_tab14                          0x08004f8d   Data          72  rgb_array.o(.constdata)
    campFire1_tab15                          0x08004fd5   Data          72  rgb_array.o(.constdata)
    campFire1_tab16                          0x0800501d   Data          72  rgb_array.o(.constdata)
    campFire1_tab17                          0x08005065   Data          72  rgb_array.o(.constdata)
    campFire1_tab18                          0x080050ad   Data          72  rgb_array.o(.constdata)
    campFire1_tab19                          0x080050f5   Data          72  rgb_array.o(.constdata)
    campFire1_tab20                          0x0800513d   Data          72  rgb_array.o(.constdata)
    campFire1_tab21                          0x08005185   Data          72  rgb_array.o(.constdata)
    campFire1_tab22                          0x080051cd   Data          72  rgb_array.o(.constdata)
    campFire1_tab23                          0x08005215   Data          72  rgb_array.o(.constdata)
    campFire1_tab24                          0x0800525d   Data          72  rgb_array.o(.constdata)
    campFire1_tab25                          0x080052a5   Data          72  rgb_array.o(.constdata)
    campFire1_tab26                          0x080052ed   Data          72  rgb_array.o(.constdata)
    campFire1_tab27                          0x08005335   Data          72  rgb_array.o(.constdata)
    campFire1_tab28                          0x0800537d   Data          72  rgb_array.o(.constdata)
    campFire1_tab29                          0x080053c5   Data          72  rgb_array.o(.constdata)
    campFire1_tab30                          0x0800540d   Data          72  rgb_array.o(.constdata)
    campFire1_tab31                          0x08005455   Data          72  rgb_array.o(.constdata)
    campFire1_tab32                          0x0800549d   Data          72  rgb_array.o(.constdata)
    campFire1_tab33                          0x080054e5   Data          72  rgb_array.o(.constdata)
    campFire1_tab34                          0x0800552d   Data          72  rgb_array.o(.constdata)
    campFire1_tab35                          0x08005575   Data          72  rgb_array.o(.constdata)
    campFire1_tab36                          0x080055bd   Data          72  rgb_array.o(.constdata)
    campFire1_tab37                          0x08005605   Data          72  rgb_array.o(.constdata)
    campFire1_tab38                          0x0800564d   Data          72  rgb_array.o(.constdata)
    campFire1_tab39                          0x08005695   Data          72  rgb_array.o(.constdata)
    campFire1_tab40                          0x080056dd   Data          72  rgb_array.o(.constdata)
    campFire1_tab41                          0x08005725   Data          72  rgb_array.o(.constdata)
    campFire1_tab42                          0x0800576d   Data          72  rgb_array.o(.constdata)
    campFire1_tab43                          0x080057b5   Data          72  rgb_array.o(.constdata)
    campFire1_tab44                          0x080057fd   Data          72  rgb_array.o(.constdata)
    campFire1_tab45                          0x08005845   Data          72  rgb_array.o(.constdata)
    campFire1_tab46                          0x0800588d   Data          72  rgb_array.o(.constdata)
    campFire1_tab47                          0x080058d5   Data          72  rgb_array.o(.constdata)
    campFire1_tab48                          0x0800591d   Data          72  rgb_array.o(.constdata)
    campFire1_tab49                          0x08005965   Data          72  rgb_array.o(.constdata)
    campFire1_tab50                          0x080059ad   Data          72  rgb_array.o(.constdata)
    campFire1_tab51                          0x080059f5   Data          72  rgb_array.o(.constdata)
    campFire1_tab52                          0x08005a3d   Data          72  rgb_array.o(.constdata)
    campFire1_tab53                          0x08005a85   Data          72  rgb_array.o(.constdata)
    campFire1_tab54                          0x08005acd   Data          72  rgb_array.o(.constdata)
    campFire1_tab55                          0x08005b15   Data          72  rgb_array.o(.constdata)
    campFire1_tab56                          0x08005b5d   Data          72  rgb_array.o(.constdata)
    campFire1_tab57                          0x08005ba5   Data          72  rgb_array.o(.constdata)
    campFire1_tab58                          0x08005bed   Data          72  rgb_array.o(.constdata)
    campFire1_tab59                          0x08005c35   Data          72  rgb_array.o(.constdata)
    campFire1_tab60                          0x08005c7d   Data          72  rgb_array.o(.constdata)
    campFire1_tab61                          0x08005cc5   Data          72  rgb_array.o(.constdata)
    campFire2_tab1                           0x08005d0d   Data          72  rgb_array.o(.constdata)
    campFire2_tab2                           0x08005d55   Data          72  rgb_array.o(.constdata)
    campFire2_tab3                           0x08005d9d   Data          72  rgb_array.o(.constdata)
    campFire2_tab4                           0x08005de5   Data          72  rgb_array.o(.constdata)
    campFire2_tab5                           0x08005e2d   Data          72  rgb_array.o(.constdata)
    campFire2_tab6                           0x08005e75   Data          72  rgb_array.o(.constdata)
    campFire2_tab7                           0x08005ebd   Data          72  rgb_array.o(.constdata)
    campFire2_tab8                           0x08005f05   Data          72  rgb_array.o(.constdata)
    campFire2_tab9                           0x08005f4d   Data          72  rgb_array.o(.constdata)
    campFire2_tab10                          0x08005f95   Data          72  rgb_array.o(.constdata)
    campFire2_tab11                          0x08005fdd   Data          72  rgb_array.o(.constdata)
    campFire2_tab12                          0x08006025   Data          72  rgb_array.o(.constdata)
    campFire2_tab13                          0x0800606d   Data          72  rgb_array.o(.constdata)
    campFire2_tab14                          0x080060b5   Data          72  rgb_array.o(.constdata)
    campFire2_tab15                          0x080060fd   Data          72  rgb_array.o(.constdata)
    campFire2_tab16                          0x08006145   Data          72  rgb_array.o(.constdata)
    campFire2_tab17                          0x0800618d   Data          72  rgb_array.o(.constdata)
    campFire2_tab18                          0x080061d5   Data          72  rgb_array.o(.constdata)
    campFire2_tab19                          0x0800621d   Data          72  rgb_array.o(.constdata)
    campFire2_tab20                          0x08006265   Data          72  rgb_array.o(.constdata)
    campFire2_tab21                          0x080062ad   Data          72  rgb_array.o(.constdata)
    campFire2_tab22                          0x080062f5   Data          72  rgb_array.o(.constdata)
    campFire2_tab23                          0x0800633d   Data          72  rgb_array.o(.constdata)
    campFire2_tab24                          0x08006385   Data          72  rgb_array.o(.constdata)
    campFire2_tab25                          0x080063cd   Data          72  rgb_array.o(.constdata)
    campFire2_tab26                          0x08006415   Data          72  rgb_array.o(.constdata)
    campFire2_tab27                          0x0800645d   Data          72  rgb_array.o(.constdata)
    campFire2_tab28                          0x080064a5   Data          72  rgb_array.o(.constdata)
    campFire2_tab29                          0x080064ed   Data          72  rgb_array.o(.constdata)
    campFire2_tab30                          0x08006535   Data          72  rgb_array.o(.constdata)
    campFire2_tab31                          0x0800657d   Data          72  rgb_array.o(.constdata)
    campFire2_tab32                          0x080065c5   Data          72  rgb_array.o(.constdata)
    campFire2_tab33                          0x0800660d   Data          72  rgb_array.o(.constdata)
    campFire2_tab34                          0x08006655   Data          72  rgb_array.o(.constdata)
    campFire2_tab35                          0x0800669d   Data          72  rgb_array.o(.constdata)
    campFire2_tab36                          0x080066e5   Data          72  rgb_array.o(.constdata)
    campFire2_tab37                          0x0800672d   Data          72  rgb_array.o(.constdata)
    campFire2_tab38                          0x08006775   Data          72  rgb_array.o(.constdata)
    campFire2_tab39                          0x080067bd   Data          72  rgb_array.o(.constdata)
    campFire3_tab1                           0x08006805   Data          72  rgb_array.o(.constdata)
    campFire3_tab2                           0x0800684d   Data          72  rgb_array.o(.constdata)
    campFire3_tab3                           0x08006895   Data          72  rgb_array.o(.constdata)
    SIN_TAB                                  0x080068dd   Data          32  fft.o(.constdata)
    COS_TAB                                  0x080068fd   Data          32  fft.o(.constdata)
    Region$$Table$$Base                      0x08006920   Number         0  anon$$obj.o(Region$$Table)
    Region$$Table$$Limit                     0x08006940   Number         0  anon$$obj.o(Region$$Table)
    Adc_Dma_Irq_f                            0x20000000   Data           1  adc.o(.data)
    uwTick                                   0x20000004   Data           4  stm32f0xx_hal.o(.data)
    SystemCoreClock                          0x20000008   Data           4  system_stm32f0xx.o(.data)
    PlayMode                                 0x2000000c   Data           1  app_main.o(.data)
    FireSize1                                0x2000000d   Data           1  app_main.o(.data)
    electricityBrightness                    0x2000000e   Data           1  app_main.o(.data)
    AppTick1ms                               0x2000000f   Data           1  app_main.o(.data)
    AppTick0                                 0x20000010   Data           1  app_main.o(.data)
    AppTick1                                 0x20000011   Data           1  app_main.o(.data)
    AppTick2                                 0x20000012   Data           1  app_main.o(.data)
    AppTick3                                 0x20000013   Data           1  app_main.o(.data)
    AppTick5                                 0x20000014   Data           1  app_main.o(.data)
    brightness1                              0x20000015   Data           1  app_main.o(.data)
    cntIdle                                  0x20000016   Data           2  app_main.o(.data)
    FireSize1_bk                             0x20000018   Data           1  app_main.o(.data)
    idle_f                                   0x20000019   Data           1  app_main.o(.data)
    cntAppTick                               0x2000001a   Data           1  app_main.o(.data)
    fireSpeed                                0x2000001b   Data           1  app_main.o(.data)
    fireSpeed_Small                          0x2000001c   Data           1  app_main.o(.data)
    fireSpeed_Big                            0x2000001d   Data           1  app_main.o(.data)
    fireSpeed_Flashing                       0x2000001e   Data           1  app_main.o(.data)
    BT_Work                                  0x2000001f   Data           1  bt_mode.o(.data)
    Uart1_RX_Finish_A                        0x20000020   Data           1  bt_mode.o(.data)
    Uart1_RX_Finish_B                        0x20000021   Data           1  bt_mode.o(.data)
    Uart1_RX_Timeout                         0x20000022   Data           1  bt_mode.o(.data)
    Uart1_ReceiveBuffer_A_B                  0x20000023   Data           1  bt_mode.o(.data)
    gbKeyPress                               0x20000024   Data           1  key.o(.data)
    gbKeyNone                                0x20000025   Data           1  key.o(.data)
    KeyValue                                 0x20000026   Data           1  key.o(.data)
    KeyEvent                                 0x20000027   Data           1  key.o(.data)
    cntKeyLoop                               0x20000028   Data           1  key.o(.data)
    KeyCurValueBK                            0x20000029   Data           1  key.o(.data)
    cntKeyLong                               0x2000002a   Data           1  key.o(.data)
    keyNum                                   0x2000002b   Data           1  key.o(.data)
    keyBT                                    0x2000002c   Data           1  key.o(.data)
    keyBT_bk                                 0x2000002d   Data           1  key.o(.data)
    SPASongs_Num_Table                       0x20000030   Data          44  key.o(.data)
    data3                                    0x2000005c   Data          36  rgb.o(.data)
    data4                                    0x20000080   Data          36  rgb.o(.data)
    RGB_Work                                 0x200000a4   Data           1  rgb.o(.data)
    step                                     0x200000a5   Data           1  rgb.o(.data)
    num_Delay3                               0x200000a6   Data           1  rgb.o(.data)
    flashZero_Fade_Out                       0x200000a7   Data           1  rgb.o(.data)
    GetVoltageValue_bk                       0x200000a8   Data           1  rgb.o(.data)
    Flag_LEDSwitchover                       0x200000a9   Data           1  rgb.o(.data)
    Flag_Start_DMA                           0x200000aa   Data           1  rgb.o(.data)
    num_Delay                                0x200000ac   Data           2  rgb.o(.data)
    num_Delay2                               0x200000ae   Data           2  rgb.o(.data)
    ADCVolValue                              0x200000b0   Data           2  rgb.o(.data)
    ADCDifferenceValue                       0x200000b2   Data           2  rgb.o(.data)
    calculateSW                              0x200000b4   Data           1  fft.o(.data)
    Flag_FFT_Handle                          0x200000b5   Data           1  fft.o(.data)
    Flag_FFTSwitch                           0x200000b6   Data           1  fft.o(.data)
    hadc                                     0x200000b8   Data          76  adc.o(.bss)
    hdma_adc                                 0x20000104   Data          68  adc.o(.bss)
    UsartType1                               0x20000148   Data         104  usart.o(.bss)
    huart1                                   0x200001b0   Data         112  usart.o(.bss)
    hdma_usart1_rx                           0x20000220   Data          68  usart.o(.bss)
    hdma_usart1_tx                           0x20000264   Data          68  usart.o(.bss)
    Uart1_TransmitBuffer                     0x200002a8   Data         100  bt_mode.o(.bss)
    BT_ReceiveBuffer_A                       0x2000030c   Data         100  bt_mode.o(.bss)
    BT_ReceiveBuffer_B                       0x20000370   Data         100  bt_mode.o(.bss)
    AdcDma_Buf                               0x200003d4   Data          64  rgb.o(.bss)
    AdcAudio_Buf                             0x20000414   Data          64  rgb.o(.bss)
    data1                                    0x20000454   Data          72  rgb.o(.bss)
    SN3236_Pwm1_1                            0x2000049c   Data          36  sn3236.o(.bss)
    SN3236_Pwm1_2                            0x200004c0   Data          36  sn3236.o(.bss)
    SN3236_RegBuffer                         0x200004e4   Data          75  sn3236.o(.bss)
    SN3236_Pwm2_1                            0x2000052f   Data          36  sn3236.o(.bss)
    SN3236_Pwm2_2                            0x20000553   Data          36  sn3236.o(.bss)
    SN3236_Pwm3_1                            0x20000577   Data          36  sn3236.o(.bss)
    SN3236_Pwm3_2                            0x2000059b   Data          36  sn3236.o(.bss)
    SN3236_Pwm4_1                            0x200005bf   Data          36  sn3236.o(.bss)
    SN3236_Pwm4_2                            0x200005e3   Data          36  sn3236.o(.bss)
    fft_Real                                 0x20000608   Data          64  fft.o(.bss)
    fft_Image                                0x20000648   Data          64  fft.o(.bss)
    __initial_sp                             0x20000a88   Data           0  startup_stm32f030x6.o(STACK)



==============================================================================

Memory Map of the image

  Image Entry point : 0x080000b1

  Load Region LR_IROM1 (Base: 0x08000000, Size: 0x000069f8, Max: 0x00008000, ABSOLUTE)

    Execution Region ER_IROM1 (Exec base: 0x08000000, Load base: 0x08000000, Size: 0x00006940, Max: 0x00008000, ABSOLUTE)

    Exec Addr    Load Addr    Size         Type   Attr      Idx    E Section Name        Object

    0x08000000   0x08000000   0x000000b0   Data   RO            3    RESET               startup_stm32f030x6.o
    0x080000b0   0x080000b0   0x00000000   Code   RO         2823  * .ARM.Collect$$$$00000000  mc_p.l(entry.o)
    0x080000b0   0x080000b0   0x00000004   Code   RO         2836    .ARM.Collect$$$$00000001  mc_p.l(entry2.o)
    0x080000b4   0x080000b4   0x00000004   Code   RO         2839    .ARM.Collect$$$$00000004  mc_p.l(entry5.o)
    0x080000b8   0x080000b8   0x00000000   Code   RO         2841    .ARM.Collect$$$$00000008  mc_p.l(entry7b.o)
    0x080000b8   0x080000b8   0x00000000   Code   RO         2843    .ARM.Collect$$$$0000000A  mc_p.l(entry8b.o)
    0x080000b8   0x080000b8   0x00000008   Code   RO         2844    .ARM.Collect$$$$0000000B  mc_p.l(entry9a.o)
    0x080000c0   0x080000c0   0x00000000   Code   RO         2846    .ARM.Collect$$$$0000000D  mc_p.l(entry10a.o)
    0x080000c0   0x080000c0   0x00000000   Code   RO         2848    .ARM.Collect$$$$0000000F  mc_p.l(entry11a.o)
    0x080000c0   0x080000c0   0x00000004   Code   RO         2837    .ARM.Collect$$$$00002712  mc_p.l(entry2.o)
    0x080000c4   0x080000c4   0x0000001c   Code   RO            4    .text               startup_stm32f030x6.o
    0x080000e0   0x080000e0   0x0000002c   Code   RO         2826    .text               mc_p.l(uidiv.o)
    0x0800010c   0x0800010c   0x00000024   Code   RO         2830    .text               mc_p.l(memcpya.o)
    0x08000130   0x08000130   0x00000024   Code   RO         2832    .text               mc_p.l(memseta.o)
    0x08000154   0x08000154   0x00000024   Code   RO         2850    .text               mc_p.l(init.o)
    0x08000178   0x08000178   0x00000080   Code   RO          224    i.ADCGetBuffer      adc.o
    0x080001f8   0x080001f8   0x00000052   Code   RO          461    i.ADC_ConversionStop  stm32f0xx_hal_adc.o
    0x0800024a   0x0800024a   0x0000006c   Code   RO          462    i.ADC_DMAConvCplt   stm32f0xx_hal_adc.o
    0x080002b6   0x080002b6   0x0000001a   Code   RO          463    i.ADC_DMAError      stm32f0xx_hal_adc.o
    0x080002d0   0x080002d0   0x0000000a   Code   RO          464    i.ADC_DMAHalfConvCplt  stm32f0xx_hal_adc.o
    0x080002da   0x080002da   0x00000076   Code   RO          465    i.ADC_Disable       stm32f0xx_hal_adc.o
    0x08000350   0x08000350   0x0000009c   Code   RO          466    i.ADC_Enable        stm32f0xx_hal_adc.o
    0x080003ec   0x080003ec   0x0000002c   Code   RO         2769    i.AD_Assignment     fft.o
    0x08000418   0x08000418   0x00000894   Code   RO         2662    i.Array_CampFire    rgb_array.o
    0x08000cac   0x08000cac   0x000005ac   Code   RO         2663    i.Array_CampFire2   rgb_array.o
    0x08001258   0x08001258   0x000009d4   Code   RO         2598    i.Array_CampFire3   rgb.o
    0x08001c2c   0x08001c2c   0x00000018   Code   RO         2435    i.BlueMode_Handle   bt_mode.o
    0x08001c44   0x08001c44   0x000003f4   Code   RO         2436    i.BlueMode_Receive  bt_mode.o
    0x08002038   0x08002038   0x00000018   Code   RO          363    i.DMA1_Channel1_IRQHandler  stm32f0xx_it.o
    0x08002050   0x08002050   0x00000018   Code   RO          364    i.DMA1_Channel2_3_IRQHandler  stm32f0xx_it.o
    0x08002068   0x08002068   0x00000024   Code   RO         1834    i.DMA_CalcBaseAndBitshift  stm32f0xx_hal_dma.o
    0x0800208c   0x0800208c   0x0000002a   Code   RO         1835    i.DMA_SetConfig     stm32f0xx_hal_dma.o
    0x080020b6   0x080020b6   0x0000000c   Code   RO         2495    i.Delay_1us         io_iic.o
    0x080020c2   0x080020c2   0x00000002   PAD
    0x080020c4   0x080020c4   0x000000b0   Code   RO         2599    i.DivideValue       rgb.o
    0x08002174   0x08002174   0x00000014   Code   RO          365    i.EXTI0_1_IRQHandler  stm32f0xx_it.o
    0x08002188   0x08002188   0x00000014   Code   RO          366    i.EXTI4_15_IRQHandler  stm32f0xx_it.o
    0x0800219c   0x0800219c   0x00000150   Code   RO         2770    i.FFT               fft.o
    0x080022ec   0x080022ec   0x0000000c   Code   RO         2771    i.FFT_Data_Handle   fft.o
    0x080022f8   0x080022f8   0x00000028   Code   RO         2772    i.FFT_ImageClear    fft.o
    0x08002320   0x08002320   0x00000224   Code   RO         2600    i.FireMode_Handle   rgb.o
    0x08002544   0x08002544   0x00000064   Code   RO         2551    i.GetKeyValue       key.o
    0x080025a8   0x080025a8   0x000000b0   Code   RO          637    i.HAL_ADCEx_Calibration_Start  stm32f0xx_hal_adc_ex.o
    0x08002658   0x08002658   0x00000118   Code   RO          468    i.HAL_ADC_ConfigChannel  stm32f0xx_hal_adc.o
    0x08002770   0x08002770   0x00000002   Code   RO          469    i.HAL_ADC_ConvCpltCallback  stm32f0xx_hal_adc.o
    0x08002772   0x08002772   0x00000002   Code   RO          470    i.HAL_ADC_ConvHalfCpltCallback  stm32f0xx_hal_adc.o
    0x08002774   0x08002774   0x00000002   Code   RO          472    i.HAL_ADC_ErrorCallback  stm32f0xx_hal_adc.o
    0x08002776   0x08002776   0x00000004   Code   RO          474    i.HAL_ADC_GetState  stm32f0xx_hal_adc.o
    0x0800277a   0x0800277a   0x00000002   PAD
    0x0800277c   0x0800277c   0x00000178   Code   RO          477    i.HAL_ADC_Init      stm32f0xx_hal_adc.o
    0x080028f4   0x080028f4   0x0000008c   Code   RO          226    i.HAL_ADC_MspInit   adc.o
    0x08002980   0x08002980   0x000000a4   Code   RO          484    i.HAL_ADC_Start_DMA  stm32f0xx_hal_adc.o
    0x08002a24   0x08002a24   0x0000007a   Code   RO          487    i.HAL_ADC_Stop_DMA  stm32f0xx_hal_adc.o
    0x08002a9e   0x08002a9e   0x0000002c   Code   RO         1836    i.HAL_DMA_Abort     stm32f0xx_hal_dma.o
    0x08002aca   0x08002aca   0x00000048   Code   RO         1837    i.HAL_DMA_Abort_IT  stm32f0xx_hal_dma.o
    0x08002b12   0x08002b12   0x000000aa   Code   RO         1841    i.HAL_DMA_IRQHandler  stm32f0xx_hal_dma.o
    0x08002bbc   0x08002bbc   0x00000058   Code   RO         1842    i.HAL_DMA_Init      stm32f0xx_hal_dma.o
    0x08002c14   0x08002c14   0x00000072   Code   RO         1846    i.HAL_DMA_Start_IT  stm32f0xx_hal_dma.o
    0x08002c86   0x08002c86   0x00000002   Code   RO         1773    i.HAL_GPIO_EXTI_Callback  stm32f0xx_hal_gpio.o
    0x08002c88   0x08002c88   0x00000018   Code   RO         1774    i.HAL_GPIO_EXTI_IRQHandler  stm32f0xx_hal_gpio.o
    0x08002ca0   0x08002ca0   0x00000148   Code   RO         1775    i.HAL_GPIO_Init     stm32f0xx_hal_gpio.o
    0x08002de8   0x08002de8   0x0000000e   Code   RO         1777    i.HAL_GPIO_ReadPin  stm32f0xx_hal_gpio.o
    0x08002df6   0x08002df6   0x0000000c   Code   RO         1779    i.HAL_GPIO_WritePin  stm32f0xx_hal_gpio.o
    0x08002e02   0x08002e02   0x00000002   PAD
    0x08002e04   0x08002e04   0x0000000c   Code   RO         1182    i.HAL_GetTick       stm32f0xx_hal.o
    0x08002e10   0x08002e10   0x00000010   Code   RO         1186    i.HAL_IncTick       stm32f0xx_hal.o
    0x08002e20   0x08002e20   0x00000020   Code   RO         1187    i.HAL_Init          stm32f0xx_hal.o
    0x08002e40   0x08002e40   0x00000022   Code   RO         1188    i.HAL_InitTick      stm32f0xx_hal.o
    0x08002e62   0x08002e62   0x00000002   PAD
    0x08002e64   0x08002e64   0x00000038   Code   RO          441    i.HAL_MspInit       stm32f0xx_hal_msp.o
    0x08002e9c   0x08002e9c   0x00000014   Code   RO         1934    i.HAL_NVIC_EnableIRQ  stm32f0xx_hal_cortex.o
    0x08002eb0   0x08002eb0   0x00000008   Code   RO         1938    i.HAL_NVIC_SetPriority  stm32f0xx_hal_cortex.o
    0x08002eb8   0x08002eb8   0x000000f0   Code   RO         1143    i.HAL_RCCEx_PeriphCLKConfig  stm32f0xx_hal_rcc_ex.o
    0x08002fa8   0x08002fa8   0x00000144   Code   RO         1050    i.HAL_RCC_ClockConfig  stm32f0xx_hal_rcc.o
    0x080030ec   0x080030ec   0x0000000c   Code   RO         1055    i.HAL_RCC_GetHCLKFreq  stm32f0xx_hal_rcc.o
    0x080030f8   0x080030f8   0x00000020   Code   RO         1057    i.HAL_RCC_GetPCLK1Freq  stm32f0xx_hal_rcc.o
    0x08003118   0x08003118   0x0000008c   Code   RO         1058    i.HAL_RCC_GetSysClockFreq  stm32f0xx_hal_rcc.o
    0x080031a4   0x080031a4   0x000003d4   Code   RO         1061    i.HAL_RCC_OscConfig  stm32f0xx_hal_rcc.o
    0x08003578   0x08003578   0x0000001c   Code   RO         1940    i.HAL_SYSTICK_CLKSourceConfig  stm32f0xx_hal_cortex.o
    0x08003594   0x08003594   0x00000002   Code   RO         1941    i.HAL_SYSTICK_Callback  stm32f0xx_hal_cortex.o
    0x08003596   0x08003596   0x00000002   PAD
    0x08003598   0x08003598   0x00000030   Code   RO         1942    i.HAL_SYSTICK_Config  stm32f0xx_hal_cortex.o
    0x080035c8   0x080035c8   0x00000008   Code   RO         1943    i.HAL_SYSTICK_IRQHandler  stm32f0xx_hal_cortex.o
    0x080035d0   0x080035d0   0x00000002   Code   RO          705    i.HAL_UART_ErrorCallback  stm32f0xx_hal_uart.o
    0x080035d2   0x080035d2   0x00000002   PAD
    0x080035d4   0x080035d4   0x00000120   Code   RO          708    i.HAL_UART_IRQHandler  stm32f0xx_hal_uart.o
    0x080036f4   0x080036f4   0x00000072   Code   RO          709    i.HAL_UART_Init     stm32f0xx_hal_uart.o
    0x08003766   0x08003766   0x00000002   PAD
    0x08003768   0x08003768   0x000000d0   Code   RO          297    i.HAL_UART_MspInit  usart.o
    0x08003838   0x08003838   0x000000a8   Code   RO          713    i.HAL_UART_Receive_DMA  stm32f0xx_hal_uart.o
    0x080038e0   0x080038e0   0x00000020   Code   RO           12    i.HAL_UART_RxCpltCallback  main.o
    0x08003900   0x08003900   0x00000002   Code   RO          716    i.HAL_UART_RxHalfCpltCallback  stm32f0xx_hal_uart.o
    0x08003902   0x08003902   0x000000d6   Code   RO          717    i.HAL_UART_Transmit  stm32f0xx_hal_uart.o
    0x080039d8   0x080039d8   0x000000a0   Code   RO          718    i.HAL_UART_Transmit_DMA  stm32f0xx_hal_uart.o
    0x08003a78   0x08003a78   0x0000000e   Code   RO          298    i.HAL_UART_TxCpltCallback  usart.o
    0x08003a86   0x08003a86   0x00000002   Code   RO          721    i.HAL_UART_TxHalfCpltCallback  stm32f0xx_hal_uart.o
    0x08003a88   0x08003a88   0x00000002   Code   RO          367    i.HardFault_Handler  stm32f0xx_it.o
    0x08003a8a   0x08003a8a   0x00000002   PAD
    0x08003a8c   0x08003a8c   0x000000c0   Code   RO         2496    i.IIC_Init1         io_iic.o
    0x08003b4c   0x08003b4c   0x000000a8   Code   RO         2497    i.IIC_Send_Byte1    io_iic.o
    0x08003bf4   0x08003bf4   0x0000015c   Code   RO         2498    i.IIC_Send_Byte_Mix  io_iic.o
    0x08003d50   0x08003d50   0x00000038   Code   RO         2499    i.IIC_Start1        io_iic.o
    0x08003d88   0x08003d88   0x00000054   Code   RO         2500    i.IIC_Stop1         io_iic.o
    0x08003ddc   0x08003ddc   0x00000018   Code   RO         2501    i.IIC_Wait_Ack      io_iic.o
    0x08003df4   0x08003df4   0x00000002   Code   RO         2362    i.IoT_ON            app_main.o
    0x08003df6   0x08003df6   0x00000002   PAD
    0x08003df8   0x08003df8   0x00000084   Code   RO         2552    i.KeyComMsg         key.o
    0x08003e7c   0x08003e7c   0x000000d0   Code   RO         2553    i.KeyEventPorc      key.o
    0x08003f4c   0x08003f4c   0x0000000c   Code   RO         2554    i.KeyScan           key.o
    0x08003f58   0x08003f58   0x000000c4   Code   RO          227    i.MX_ADC_Init       adc.o
    0x0800401c   0x0800401c   0x00000002   Code   RO          276    i.MX_DMA_Init       dma.o
    0x0800401e   0x0800401e   0x00000002   PAD
    0x08004020   0x08004020   0x00000098   Code   RO          204    i.MX_GPIO_Init      gpio.o
    0x080040b8   0x080040b8   0x000000a8   Code   RO          299    i.MX_USART1_UART_Init  usart.o
    0x08004160   0x08004160   0x00000002   Code   RO          368    i.NMI_Handler       stm32f0xx_it.o
    0x08004162   0x08004162   0x00000002   PAD
    0x08004164   0x08004164   0x00000044   Code   RO         1944    i.NVIC_SetPriority  stm32f0xx_hal_cortex.o
    0x080041a8   0x080041a8   0x00000002   Code   RO          369    i.PendSV_Handler    stm32f0xx_it.o
    0x080041aa   0x080041aa   0x00000002   PAD
    0x080041ac   0x080041ac   0x000000b8   Code   RO         2363    i.PowerON_Reset     app_main.o
    0x08004264   0x08004264   0x00000008   Code   RO         2602    i.RGBMode_Handle    rgb.o
    0x0800426c   0x0800426c   0x00000010   Code   RO         2698    i.SN3236_Driver     sn3236.o
    0x0800427c   0x0800427c   0x00000054   Code   RO         2699    i.SN3236_Init1      sn3236.o
    0x080042d0   0x080042d0   0x00000044   Code   RO         2700    i.SN3236_RegWrite   sn3236.o
    0x08004314   0x08004314   0x00000002   Code   RO          370    i.SVC_Handler       stm32f0xx_it.o
    0x08004316   0x08004316   0x00000002   PAD
    0x08004318   0x08004318   0x00000018   Code   RO         2773    i.ScanFFT           fft.o
    0x08004330   0x08004330   0x00000018   Code   RO         2364    i.Scan_IoT_OFF      app_main.o
    0x08004348   0x08004348   0x00000070   Code   RO          371    i.SysTick_Handler   stm32f0xx_it.o
    0x080043b8   0x080043b8   0x00000098   Code   RO           13    i.SystemClock_Config  main.o
    0x08004450   0x08004450   0x0000005c   Code   RO         2328    i.SystemInit        system_stm32f0xx.o
    0x080044ac   0x080044ac   0x000000ca   Code   RO          722    i.UART_AdvFeatureConfig  stm32f0xx_hal_uart.o
    0x08004576   0x08004576   0x00000012   Code   RO          723    i.UART_CheckIdleState  stm32f0xx_hal_uart.o
    0x08004588   0x08004588   0x00000014   Code   RO          724    i.UART_DMAAbortOnError  stm32f0xx_hal_uart.o
    0x0800459c   0x0800459c   0x0000004c   Code   RO          725    i.UART_DMAError     stm32f0xx_hal_uart.o
    0x080045e8   0x080045e8   0x00000040   Code   RO          726    i.UART_DMAReceiveCplt  stm32f0xx_hal_uart.o
    0x08004628   0x08004628   0x0000000a   Code   RO          728    i.UART_DMARxHalfCplt  stm32f0xx_hal_uart.o
    0x08004632   0x08004632   0x00000030   Code   RO          730    i.UART_DMATransmitCplt  stm32f0xx_hal_uart.o
    0x08004662   0x08004662   0x0000000a   Code   RO          732    i.UART_DMATxHalfCplt  stm32f0xx_hal_uart.o
    0x0800466c   0x0800466c   0x0000001e   Code   RO          734    i.UART_EndRxTransfer  stm32f0xx_hal_uart.o
    0x0800468a   0x0800468a   0x0000001a   Code   RO          735    i.UART_EndTransmit_IT  stm32f0xx_hal_uart.o
    0x080046a4   0x080046a4   0x00000012   Code   RO          736    i.UART_EndTxTransfer  stm32f0xx_hal_uart.o
    0x080046b6   0x080046b6   0x0000007e   Code   RO          737    i.UART_Receive_IT   stm32f0xx_hal_uart.o
    0x08004734   0x08004734   0x0000015c   Code   RO          738    i.UART_SetConfig    stm32f0xx_hal_uart.o
    0x08004890   0x08004890   0x00000068   Code   RO          739    i.UART_Transmit_IT  stm32f0xx_hal_uart.o
    0x080048f8   0x080048f8   0x00000062   Code   RO          740    i.UART_WaitOnFlagUntilTimeout  stm32f0xx_hal_uart.o
    0x0800495a   0x0800495a   0x00000002   PAD
    0x0800495c   0x0800495c   0x00000014   Code   RO          372    i.USART1_IRQHandler  stm32f0xx_it.o
    0x08004970   0x08004970   0x00000030   Code   RO          300    i.Usart1SendData_DMA  usart.o
    0x080049a0   0x080049a0   0x000000cc   Code   RO          301    i.UsartReceive_IDLE  usart.o
    0x08004a6c   0x08004a6c   0x00000022   Code   RO         2743    i.User_UART_Receive_DMAStop  user_uart_dma.o
    0x08004a8e   0x08004a8e   0x00000022   Code   RO         2744    i.User_UART_Transmit_DMAStop  user_uart_dma.o
    0x08004ab0   0x08004ab0   0x00000002   Code   RO           14    i._Error_Handler    main.o
    0x08004ab2   0x08004ab2   0x0000000e   Code   RO         2854    i.__scatterload_copy  mc_p.l(handlers.o)
    0x08004ac0   0x08004ac0   0x00000002   Code   RO         2855    i.__scatterload_null  mc_p.l(handlers.o)
    0x08004ac2   0x08004ac2   0x0000000e   Code   RO         2856    i.__scatterload_zeroinit  mc_p.l(handlers.o)
    0x08004ad0   0x08004ad0   0x00000064   Code   RO         2367    i.app_main          app_main.o
    0x08004b34   0x08004b34   0x00000026   Code   RO         2437    i.char_to_bcd       bt_mode.o
    0x08004b5a   0x08004b5a   0x00000026   Code   RO         2438    i.hex_to_char       bt_mode.o
    0x08004b80   0x08004b80   0x00000032   Code   RO           16    i.main              main.o
    0x08004bb2   0x08004bb2   0x00000010   Data   RO         2329    .constdata          system_stm32f0xx.o
    0x08004bc2   0x08004bc2   0x00000008   Data   RO         2330    .constdata          system_stm32f0xx.o
    0x08004bca   0x08004bca   0x00000002   PAD
    0x08004bcc   0x08004bcc   0x00000019   Data   RO         2442    .constdata          bt_mode.o
    0x08004be5   0x08004be5   0x00001c20   Data   RO         2664    .constdata          rgb_array.o
    0x08006805   0x08006805   0x00000048   Data   RO         2665    .constdata          rgb_array.o
    0x0800684d   0x0800684d   0x00000048   Data   RO         2666    .constdata          rgb_array.o
    0x08006895   0x08006895   0x00000048   Data   RO         2667    .constdata          rgb_array.o
    0x080068dd   0x080068dd   0x00000040   Data   RO         2775    .constdata          fft.o
    0x0800691d   0x0800691d   0x00000003   PAD
    0x08006920   0x08006920   0x00000020   Data   RO         2852    Region$$Table       anon$$obj.o


    Execution Region RW_IRAM1 (Exec base: 0x20000000, Load base: 0x08006940, Size: 0x00000a88, Max: 0x00001000, ABSOLUTE)

    Exec Addr    Load Addr    Size         Type   Attr      Idx    E Section Name        Object

    0x20000000   0x08006940   0x00000001   Data   RW          229    .data               adc.o
    0x20000001   0x08006941   0x00000003   PAD
    0x20000004   0x08006944   0x00000004   Data   RW         1193    .data               stm32f0xx_hal.o
    0x20000008   0x08006948   0x00000004   Data   RW         2331    .data               system_stm32f0xx.o
    0x2000000c   0x0800694c   0x0000000c   Data   RW         2368    .data               app_main.o
    0x20000018   0x08006958   0x00000001   Data   RW         2369    .data               app_main.o
    0x20000019   0x08006959   0x00000001   Data   RW         2370    .data               app_main.o
    0x2000001a   0x0800695a   0x00000001   Data   RW         2371    .data               app_main.o
    0x2000001b   0x0800695b   0x00000001   Data   RW         2374    .data               app_main.o
    0x2000001c   0x0800695c   0x00000001   Data   RW         2375    .data               app_main.o
    0x2000001d   0x0800695d   0x00000001   Data   RW         2376    .data               app_main.o
    0x2000001e   0x0800695e   0x00000001   Data   RW         2377    .data               app_main.o
    0x2000001f   0x0800695f   0x00000003   Data   RW         2443    .data               bt_mode.o
    0x20000022   0x08006962   0x00000001   Data   RW         2444    .data               bt_mode.o
    0x20000023   0x08006963   0x00000001   Data   RW         2445    .data               bt_mode.o
    0x20000024   0x08006964   0x00000038   Data   RW         2557    .data               key.o
    0x2000005c   0x0800699c   0x00000024   Data   RW         2610    .data               rgb.o
    0x20000080   0x080069c0   0x00000024   Data   RW         2611    .data               rgb.o
    0x200000a4   0x080069e4   0x00000010   Data   RW         2612    .data               rgb.o
    0x200000b4   0x080069f4   0x00000003   Data   RW         2777    .data               fft.o
    0x200000b7   0x080069f7   0x00000001   PAD
    0x200000b8        -       0x00000090   Zero   RW          228    .bss                adc.o
    0x20000148        -       0x00000160   Zero   RW          302    .bss                usart.o
    0x200002a8        -       0x00000064   Zero   RW         2439    .bss                bt_mode.o
    0x2000030c        -       0x000000c8   Zero   RW         2440    .bss                bt_mode.o
    0x200003d4        -       0x00000040   Zero   RW         2603    .bss                rgb.o
    0x20000414        -       0x00000040   Zero   RW         2604    .bss                rgb.o
    0x20000454        -       0x00000048   Zero   RW         2608    .bss                rgb.o
    0x2000049c        -       0x00000093   Zero   RW         2701    .bss                sn3236.o
    0x2000052f        -       0x00000024   Zero   RW         2702    .bss                sn3236.o
    0x20000553        -       0x00000024   Zero   RW         2703    .bss                sn3236.o
    0x20000577        -       0x00000024   Zero   RW         2704    .bss                sn3236.o
    0x2000059b        -       0x00000024   Zero   RW         2705    .bss                sn3236.o
    0x200005bf        -       0x00000024   Zero   RW         2706    .bss                sn3236.o
    0x200005e3        -       0x00000024   Zero   RW         2707    .bss                sn3236.o
    0x20000607   0x080069f7   0x00000001   PAD
    0x20000608        -       0x00000080   Zero   RW         2774    .bss                fft.o
    0x20000688        -       0x00000400   Zero   RW            1    STACK               startup_stm32f030x6.o


==============================================================================

Image component sizes


      Code (inc. data)   RO Data    RW Data    ZI Data      Debug   Object Name

       464         96          0          1        144       2461   adc.o
       310         20          0         19          0       3674   app_main.o
      1112         48         25          5        300       4557   bt_mode.o
         2          0          0          0          0        398   dma.o
       456         42         64          3        128       3696   fft.o
       152         14          0          0          0        895   gpio.o
       884         58          0          0          0       3981   io_iic.o
       452         30          0         56          0       3380   key.o
       236         26          0          0          0     241687   main.o
      3248        348          0         88        200       9760   rgb.o
      3648        156       7416          0          0      16552   rgb_array.o
       168         14          0          0        363       2613   sn3236.o
        28          8        176          0       1024        648   startup_stm32f030x6.o
        94         18          0          4          0       3131   stm32f0xx_hal.o
      1452         60          0          0          0      10563   stm32f0xx_hal_adc.o
       176          0          0          0          0       1394   stm32f0xx_hal_adc_ex.o
       182         28          0          0          0      10691   stm32f0xx_hal_cortex.o
       566         14          0          0          0       5482   stm32f0xx_hal_dma.o
       380         30          0          0          0       4167   stm32f0xx_hal_gpio.o
        56          6          0          0          0        834   stm32f0xx_hal_msp.o
      1488         94          0          0          0       5641   stm32f0xx_hal_rcc.o
       240         14          0          0          0       1456   stm32f0xx_hal_rcc_ex.o
      2148         48          0          0          0      17082   stm32f0xx_hal_uart.o
       228         56          0          0          0       4586   stm32f0xx_it.o
        92         14         24          4          0       1171   system_stm32f0xx.o
       642        100          0          0        352       4206   usart.o
        68          0          0          0          0       1469   user_uart_dma.o

    ----------------------------------------------------------------------
     19000       1342       7742        184       2512     366175   Object Totals
         0          0         32          0          0          0   (incl. Generated)
        28          0          5          4          1          0   (incl. Padding)

    ----------------------------------------------------------------------

      Code (inc. data)   RO Data    RW Data    ZI Data      Debug   Library Member Name

         0          0          0          0          0          0   entry.o
         0          0          0          0          0          0   entry10a.o
         0          0          0          0          0          0   entry11a.o
         8          4          0          0          0          0   entry2.o
         4          0          0          0          0          0   entry5.o
         0          0          0          0          0          0   entry7b.o
         0          0          0          0          0          0   entry8b.o
         8          4          0          0          0          0   entry9a.o
        30          0          0          0          0          0   handlers.o
        36          8          0          0          0         68   init.o
        36          0          0          0          0         60   memcpya.o
        36          0          0          0          0        100   memseta.o
        44          0          0          0          0         72   uidiv.o

    ----------------------------------------------------------------------
       202         16          0          0          0        300   Library Totals
         0          0          0          0          0          0   (incl. Padding)

    ----------------------------------------------------------------------

      Code (inc. data)   RO Data    RW Data    ZI Data      Debug   Library Name

       202         16          0          0          0        300   mc_p.l

    ----------------------------------------------------------------------
       202         16          0          0          0        300   Library Totals

    ----------------------------------------------------------------------

==============================================================================


      Code (inc. data)   RO Data    RW Data    ZI Data      Debug   

     19202       1358       7742        184       2512     361127   Grand Totals
     19202       1358       7742        184       2512     361127   ELF Image Totals
     19202       1358       7742        184          0          0   ROM Totals

==============================================================================

    Total RO  Size (Code + RO Data)                26944 (  26.31kB)
    Total RW  Size (RW Data + ZI Data)              2696 (   2.63kB)
    Total ROM Size (Code + RO Data + RW Data)      27128 (  26.49kB)

==============================================================================

