Component: ARM Compiler 5.06 update 6 (build 750) Tool: armlink [4d35ed]

==============================================================================

Section Cross References

    startup_stm32f030x6.o(RESET) refers to startup_stm32f030x6.o(STACK) for __initial_sp
    startup_stm32f030x6.o(RESET) refers to startup_stm32f030x6.o(.text) for Reset_Handler
    startup_stm32f030x6.o(RESET) refers to stm32f0xx_it.o(i.NMI_Handler) for NMI_Handler
    startup_stm32f030x6.o(RESET) refers to stm32f0xx_it.o(i.HardFault_Handler) for HardFault_Handler
    startup_stm32f030x6.o(RESET) refers to stm32f0xx_it.o(i.SVC_Handler) for SVC_Handler
    startup_stm32f030x6.o(RESET) refers to stm32f0xx_it.o(i.PendSV_Handler) for PendSV_Handler
    startup_stm32f030x6.o(RESET) refers to stm32f0xx_it.o(i.SysTick_Handler) for SysTick_Handler
    startup_stm32f030x6.o(RESET) refers to stm32f0xx_it.o(i.EXTI0_1_IRQHandler) for EXTI0_1_IRQHandler
    startup_stm32f030x6.o(RESET) refers to stm32f0xx_it.o(i.EXTI4_15_IRQHandler) for EXTI4_15_IRQHandler
    startup_stm32f030x6.o(RESET) refers to stm32f0xx_it.o(i.DMA1_Channel1_IRQHandler) for DMA1_Channel1_IRQHandler
    startup_stm32f030x6.o(RESET) refers to stm32f0xx_it.o(i.DMA1_Channel2_3_IRQHandler) for DMA1_Channel2_3_IRQHandler
    startup_stm32f030x6.o(RESET) refers to stm32f0xx_it.o(i.USART1_IRQHandler) for USART1_IRQHandler
    startup_stm32f030x6.o(.text) refers to system_stm32f0xx.o(i.SystemInit) for SystemInit
    startup_stm32f030x6.o(.text) refers to entry.o(.ARM.Collect$$$$00000000) for __main
    main.o(i.HAL_UART_RxCpltCallback) refers to stm32f0xx_hal_uart.o(i.HAL_UART_Transmit) for HAL_UART_Transmit
    main.o(i.HAL_UART_RxCpltCallback) refers to usart.o(.bss) for huart1
    main.o(i.SystemClock_Config) refers to stm32f0xx_hal_rcc.o(i.HAL_RCC_OscConfig) for HAL_RCC_OscConfig
    main.o(i.SystemClock_Config) refers to main.o(i._Error_Handler) for _Error_Handler
    main.o(i.SystemClock_Config) refers to stm32f0xx_hal_rcc.o(i.HAL_RCC_ClockConfig) for HAL_RCC_ClockConfig
    main.o(i.SystemClock_Config) refers to stm32f0xx_hal_rcc_ex.o(i.HAL_RCCEx_PeriphCLKConfig) for HAL_RCCEx_PeriphCLKConfig
    main.o(i.SystemClock_Config) refers to stm32f0xx_hal_rcc.o(i.HAL_RCC_GetHCLKFreq) for HAL_RCC_GetHCLKFreq
    main.o(i.SystemClock_Config) refers to uidiv.o(.text) for __aeabi_uidivmod
    main.o(i.SystemClock_Config) refers to stm32f0xx_hal_cortex.o(i.HAL_SYSTICK_Config) for HAL_SYSTICK_Config
    main.o(i.SystemClock_Config) refers to stm32f0xx_hal_cortex.o(i.HAL_SYSTICK_CLKSourceConfig) for HAL_SYSTICK_CLKSourceConfig
    main.o(i.SystemClock_Config) refers to stm32f0xx_hal_cortex.o(i.HAL_NVIC_SetPriority) for HAL_NVIC_SetPriority
    main.o(i.fputc) refers to stm32f0xx_hal_uart.o(i.HAL_UART_Transmit_DMA) for HAL_UART_Transmit_DMA
    main.o(i.fputc) refers to usart.o(.bss) for huart1
    main.o(i.main) refers to stm32f0xx_hal.o(i.HAL_Init) for HAL_Init
    main.o(i.main) refers to main.o(i.SystemClock_Config) for SystemClock_Config
    main.o(i.main) refers to gpio.o(i.MX_GPIO_Init) for MX_GPIO_Init
    main.o(i.main) refers to dma.o(i.MX_DMA_Init) for MX_DMA_Init
    main.o(i.main) refers to usart.o(i.MX_USART1_UART_Init) for MX_USART1_UART_Init
    main.o(i.main) refers to adc.o(i.MX_ADC_Init) for MX_ADC_Init
    main.o(i.main) refers to app_main.o(i.app_main) for app_main
    gpio.o(i.MX_GPIO_Init) refers to stm32f0xx_hal_gpio.o(i.HAL_GPIO_WritePin) for HAL_GPIO_WritePin
    gpio.o(i.MX_GPIO_Init) refers to stm32f0xx_hal_gpio.o(i.HAL_GPIO_Init) for HAL_GPIO_Init
    adc.o(i.ADCGetBuffer) refers to stm32f0xx_hal_adc.o(i.HAL_ADC_GetState) for HAL_ADC_GetState
    adc.o(i.ADCGetBuffer) refers to stm32f0xx_hal_adc.o(i.HAL_ADC_Stop_DMA) for HAL_ADC_Stop_DMA
    adc.o(i.ADCGetBuffer) refers to main.o(i._Error_Handler) for _Error_Handler
    adc.o(i.ADCGetBuffer) refers to fft.o(i.AD_Assignment) for AD_Assignment
    adc.o(i.ADCGetBuffer) refers to stm32f0xx_hal_adc.o(i.HAL_ADC_Start_DMA) for HAL_ADC_Start_DMA
    adc.o(i.ADCGetBuffer) refers to adc.o(.data) for .data
    adc.o(i.ADCGetBuffer) refers to fft.o(.data) for Flag_FFTSwitch
    adc.o(i.ADCGetBuffer) refers to app_main.o(.data) for FireSize1
    adc.o(i.ADCGetBuffer) refers to adc.o(.bss) for .bss
    adc.o(i.ADCGetBuffer) refers to rgb.o(.bss) for AdcDma_Buf
    adc.o(i.ADCGetBuffer) refers to rgb.o(.bss) for AdcAudio_Buf
    adc.o(i.HAL_ADC_MspDeInit) refers to stm32f0xx_hal_gpio.o(i.HAL_GPIO_DeInit) for HAL_GPIO_DeInit
    adc.o(i.HAL_ADC_MspInit) refers to stm32f0xx_hal_gpio.o(i.HAL_GPIO_Init) for HAL_GPIO_Init
    adc.o(i.HAL_ADC_MspInit) refers to stm32f0xx_hal_dma.o(i.HAL_DMA_Init) for HAL_DMA_Init
    adc.o(i.HAL_ADC_MspInit) refers to main.o(i._Error_Handler) for _Error_Handler
    adc.o(i.HAL_ADC_MspInit) refers to adc.o(.bss) for .bss
    adc.o(i.MX_ADC_Init) refers to stm32f0xx_hal_cortex.o(i.HAL_NVIC_SetPriority) for HAL_NVIC_SetPriority
[...]
    ..\Drivers\STM32F0xx_HAL_Driver\Src\stm32f0xx_hal_i2c.c 0x00000000   Number         0  stm32f0xx_hal_i2c.o ABSOLUTE
    ..\Drivers\STM32F0xx_HAL_Driver\Src\stm32f0xx_hal_i2c_ex.c 0x00000000   Number         0  stm32f0xx_hal_i2c_ex.o ABSOLUTE
    ..\Drivers\STM32F0xx_HAL_Driver\Src\stm32f0xx_hal_pwr.c 0x00000000   Number         0  stm32f0xx_hal_pwr.o ABSOLUTE
    ..\Drivers\STM32F0xx_HAL_Driver\Src\stm32f0xx_hal_pwr_ex.c 0x00000000   Number         0  stm32f0xx_hal_pwr_ex.o ABSOLUTE
    ..\Drivers\STM32F0xx_HAL_Driver\Src\stm32f0xx_hal_rcc.c 0x00000000   Number         0  stm32f0xx_hal_rcc.o ABSOLUTE
    ..\Drivers\STM32F0xx_HAL_Driver\Src\stm32f0xx_hal_rcc_ex.c 0x00000000   Number         0  stm32f0xx_hal_rcc_ex.o ABSOLUTE
    ..\Drivers\STM32F0xx_HAL_Driver\Src\stm32f0xx_hal_tim.c 0x00000000   Number         0  stm32f0xx_hal_tim.o ABSOLUTE
    ..\Drivers\STM32F0xx_HAL_Driver\Src\stm32f0xx_hal_tim_ex.c 0x00000000   Number         0  stm32f0xx_hal_tim_ex.o ABSOLUTE
    ..\Drivers\STM32F0xx_HAL_Driver\Src\stm32f0xx_hal_uart.c 0x00000000   Number         0  stm32f0xx_hal_uart.o ABSOLUTE
    ..\Drivers\STM32F0xx_HAL_Driver\Src\stm32f0xx_hal_uart_ex.c 0x00000000   Number         0  stm32f0xx_hal_uart_ex.o ABSOLUTE
    ..\Source\FFT.c                          0x00000000   Number         0  fft.o ABSOLUTE
    ..\Source\IO_IIC.c                       0x00000000   Number         0  io_iic.o ABSOLUTE
    ..\Source\Key.c                          0x00000000   Number         0  key.o ABSOLUTE
    ..\Source\SN3236.c                       0x00000000   Number         0  sn3236.o ABSOLUTE
    ..\Source\app_main.c                     0x00000000   Number         0  app_main.o ABSOLUTE
    ..\Source\bt_mode.c                      0x00000000   Number         0  bt_mode.o ABSOLUTE
    ..\Source\rgb.c                          0x00000000   Number         0  rgb.o ABSOLUTE
    ..\Source\rgb_array.c                    0x00000000   Number         0  rgb_array.o ABSOLUTE
    ..\Source\user_uart_dma.c                0x00000000   Number         0  user_uart_dma.o ABSOLUTE
    ..\Src\adc.c                             0x00000000   Number         0  adc.o ABSOLUTE
    ..\Src\dma.c                             0x00000000   Number         0  dma.o ABSOLUTE
    ..\Src\gpio.c                            0x00000000   Number         0  gpio.o ABSOLUTE
    ..\Src\main.c                            0x00000000   Number         0  main.o ABSOLUTE
    ..\Src\stm32f0xx_hal_msp.c               0x00000000   Number         0  stm32f0xx_hal_msp.o ABSOLUTE
    ..\Src\stm32f0xx_it.c                    0x00000000   Number         0  stm32f0xx_it.o ABSOLUTE
    ..\Src\usart.c                           0x00000000   Number         0  usart.o ABSOLUTE
    ..\\Source\\FFT.c                        0x00000000   Number         0  fft.o ABSOLUTE
    ..\\Source\\IO_IIC.c                     0x00000000   Number         0  io_iic.o ABSOLUTE
    ..\\Source\\Key.c                        0x00000000   Number         0  key.o ABSOLUTE
    ..\\Source\\SN3236.c                     0x00000000   Number         0  sn3236.o ABSOLUTE
    ..\\Source\\app_main.c                   0x00000000   Number         0  app_main.o ABSOLUTE
    ..\\Source\\bt_mode.c                    0x00000000   Number         0  bt_mode.o ABSOLUTE
    ..\\Source\\rgb.c                        0x00000000   Number         0  rgb.o ABSOLUTE
    ..\\Source\\rgb_array.c                  0x00000000   Number         0  rgb_array.o ABSOLUTE
    ..\\Source\\user_uart_dma.c              0x00000000   Number         0  user_uart_dma.o ABSOLUTE
    ..\\Src\system_stm32f0xx.c               0x00000000   Number         0  system_stm32f0xx.o ABSOLUTE
    cdcmple.s                                0x00000000   Number         0  cdcmple.o ABSOLUTE
    dc.s                                     0x00000000   Number         0  dc.o ABSOLUTE
    handlers.s                               0x00000000   Number         0  handlers.o ABSOLUTE
    init.s                                   0x00000000   Number         0  init.o ABSOLUTE
    startup_stm32f030x6.s                    0x00000000   Number         0  startup_stm32f030x6.o ABSOLUTE
    RESET                                    0x08000000   Section      176  startup_stm32f030x6.o(RESET)
    .ARM.Collect$$$$00000000                 0x080000b0   Section        0  entry.o(.ARM.Collect$$$$00000000)
    .ARM.Collect$$$$00000001                 0x080000b0   Section        4  entry2.o(.ARM.Collect$$$$00000001)
    .ARM.Collect$$$$00000004                 0x080000b4   Section        4  entry5.o(.ARM.Collect$$$$00000004)
    .ARM.Collect$$$$00000008                 0x080000b8   Section        0  entry7b.o(.ARM.Collect$$$$00000008)
    .ARM.Collect$$$$0000000A                 0x080000b8   Section        0  entry8b.o(.ARM.Collect$$$$0000000A)
    .ARM.Collect$$$$0000000B                 0x080000b8   Section        8  entry9a.o(.ARM.Collect$$$$0000000B)
    .ARM.Collect$$$$0000000D                 0x080000c0   Section        0  entry10a.o(.ARM.Collect$$$$0000000D)
    .ARM.Collect$$$$0000000F                 0x080000c0   Section        0  entry11a.o(.ARM.Collect$$$$0000000F)
    .ARM.Collect$$$$00002712                 0x080000c0   Section        4  entry2.o(.ARM.Collect$$$$00002712)
    __lit__00000000                          0x080000c0   Data           4  entry2.o(.ARM.Collect$$$$00002712)
    .text                                    0x080000c4   Section       28  startup_stm32f030x6.o(.text)
    .text                                    0x080000e0   Section        0  uidiv.o(.text)
    .text                                    0x0800010c   Section        0  llushr.o(.text)
    .text                                    0x0800012e   Section        0  memcpya.o(.text)
    .text                                    0x08000152   Section        0  memseta.o(.text)
    .text                                    0x08000178   Section        0  ddiv.o(.text)
    .text                                    0x08000268   Section        0  dflti.o(.text)
    .text                                    0x08000290   Section        0  dfltui.o(.text)
    .text                                    0x080002ac   Section        0  dfixui.o(.text)
    .text                                    0x080002e8   Section        0  depilogue.o(.text)
    .text                                    0x080002e8   Section        0  iusefp.o(.text)
    .text                                    0x080003a6   Section        0  dsqrt.o(.text)
    .text                                    0x08000448   Section       36  init.o(.text)
    .text                                    0x0800046c   Section        0  llshl.o(.text)
    i.ADCGetBuffer                           0x0800048c   Section        0  adc.o(i.ADCGetBuffer)
    i.ADC_ConversionStop                     0x08000524   Section        0  stm32f0xx_hal_adc.o(i.ADC_ConversionStop)
    ADC_ConversionStop                       0x08000525   Thumb Code    82  stm32f0xx_hal_adc.o(i.ADC_ConversionStop)
    i.ADC_DMAConvCplt                        0x08000576   Section        0  stm32f0xx_hal_adc.o(i.ADC_DMAConvCplt)
    ADC_DMAConvCplt                          0x08000577   Thumb Code   108  stm32f0xx_hal_adc.o(i.ADC_DMAConvCplt)
    i.ADC_DMAError                           0x080005e2   Section        0  stm32f0xx_hal_adc.o(i.ADC_DMAError)
    ADC_DMAError                             0x080005e3   Thumb Code    26  stm32f0xx_hal_adc.o(i.ADC_DMAError)
    i.ADC_DMAHalfConvCplt                    0x080005fc   Section        0  stm32f0xx_hal_adc.o(i.ADC_DMAHalfConvCplt)
    ADC_DMAHalfConvCplt                      0x080005fd   Thumb Code    10  stm32f0xx_hal_adc.o(i.ADC_DMAHalfConvCplt)
    i.ADC_Disable                            0x08000606   Section        0  stm32f0xx_hal_adc.o(i.ADC_Disable)
    ADC_Disable                              0x08000607   Thumb Code   118  stm32f0xx_hal_adc.o(i.ADC_Disable)
    i.ADC_Enable                             0x0800067c   Section        0  stm32f0xx_hal_adc.o(i.ADC_Enable)
    ADC_Enable                               0x0800067d   Thumb Code   142  stm32f0xx_hal_adc.o(i.ADC_Enable)
    i.AD_Assignment                          0x08000718   Section        0  fft.o(i.AD_Assignment)
    i.Array_CampFire                         0x08000744   Section        0  rgb_array.o(i.Array_CampFire)
    i.Array_CampFire2                        0x08000fd8   Section        0  rgb_array.o(i.Array_CampFire2)
    i.Array_CampFire3                        0x08001584   Section        0  rgb.o(i.Array_CampFire3)
    i.BlueMode_Handle                        0x08001f58   Section        0  bt_mode.o(i.BlueMode_Handle)
    i.BlueMode_Receive                       0x08001f70   Section        0  bt_mode.o(i.BlueMode_Receive)
    i.DMA1_Channel1_IRQHandler               0x08002364   Section        0  stm32f0xx_it.o(i.DMA1_Channel1_IRQHandler)
    i.DMA1_Channel2_3_IRQHandler             0x0800237c   Section        0  stm32f0xx_it.o(i.DMA1_Channel2_3_IRQHandler)
    i.DMA_CalcBaseAndBitshift                0x08002394   Section        0  stm32f0xx_hal_dma.o(i.DMA_CalcBaseAndBitshift)
    DMA_CalcBaseAndBitshift                  0x08002395   Thumb Code    26  stm32f0xx_hal_dma.o(i.DMA_CalcBaseAndBitshift)
    i.DMA_SetConfig                          0x080023b8   Section        0  stm32f0xx_hal_dma.o(i.DMA_SetConfig)
    DMA_SetConfig                            0x080023b9   Thumb Code    42  stm32f0xx_hal_dma.o(i.DMA_SetConfig)
    i.Delay_1us                              0x080023e2   Section        0  io_iic.o(i.Delay_1us)
    i.DivideValue                            0x080023f0   Section        0  rgb.o(i.DivideValue)
    i.EXTI0_1_IRQHandler                     0x080024a0   Section        0  stm32f0xx_it.o(i.EXTI0_1_IRQHandler)
    i.EXTI4_15_IRQHandler                    0x080024b4   Section        0  stm32f0xx_it.o(i.EXTI4_15_IRQHandler)
    i.FFT                                    0x080024c8   Section        0  fft.o(i.FFT)
    i.FFT_Data_Handle                        0x08002624   Section        0  fft.o(i.FFT_Data_Handle)
    i.FFT_ImageClear                         0x08002694   Section        0  fft.o(i.FFT_ImageClear)
    i.FireMode_Handle                        0x080026bc   Section        0  rgb.o(i.FireMode_Handle)
    i.GetKeyValue                            0x080028e0   Section        0  key.o(i.GetKeyValue)
    i.HAL_ADCEx_Calibration_Start            0x08002944   Section        0  stm32f0xx_hal_adc_ex.o(i.HAL_ADCEx_Calibration_Start)
    i.HAL_ADC_ConfigChannel                  0x080029f4   Section        0  stm32f0xx_hal_adc.o(i.HAL_ADC_ConfigChannel)
    i.HAL_ADC_ConvCpltCallback               0x08002b0c   Section        0  stm32f0xx_hal_adc.o(i.HAL_ADC_ConvCpltCallback)
    i.HAL_ADC_ConvHalfCpltCallback           0x08002b0e   Section        0  stm32f0xx_hal_adc.o(i.HAL_ADC_ConvHalfCpltCallback)
    i.HAL_ADC_ErrorCallback                  0x08002b10   Section        0  stm32f0xx_hal_adc.o(i.HAL_ADC_ErrorCallback)
    i.HAL_ADC_GetState                       0x08002b12   Section        0  stm32f0xx_hal_adc.o(i.HAL_ADC_GetState)
    i.HAL_ADC_Init                           0x08002b18   Section        0  stm32f0xx_hal_adc.o(i.HAL_ADC_Init)
    i.HAL_ADC_MspInit                        0x08002c90   Section        0  adc.o(i.HAL_ADC_MspInit)
    i.HAL_ADC_Start_DMA                      0x08002d20   Section        0  stm32f0xx_hal_adc.o(i.HAL_ADC_Start_DMA)
    i.HAL_ADC_Stop_DMA                       0x08002dc4   Section        0  stm32f0xx_hal_adc.o(i.HAL_ADC_Stop_DMA)
    i.HAL_DMA_Abort                          0x08002e3e   Section        0  stm32f0xx_hal_dma.o(i.HAL_DMA_Abort)
    i.HAL_DMA_Abort_IT                       0x08002e6a   Section        0  stm32f0xx_hal_dma.o(i.HAL_DMA_Abort_IT)
    i.HAL_DMA_IRQHandler                     0x08002eb2   Section        0  stm32f0xx_hal_dma.o(i.HAL_DMA_IRQHandler)
    i.HAL_DMA_Init                           0x08002f5c   Section        0  stm32f0xx_hal_dma.o(i.HAL_DMA_Init)
    i.HAL_DMA_Start_IT                       0x08002fb4   Section        0  stm32f0xx_hal_dma.o(i.HAL_DMA_Start_IT)
    i.HAL_GPIO_EXTI_Callback                 0x08003026   Section        0  stm32f0xx_hal_gpio.o(i.HAL_GPIO_EXTI_Callback)
    i.HAL_GPIO_EXTI_IRQHandler               0x08003028   Section        0  stm32f0xx_hal_gpio.o(i.HAL_GPIO_EXTI_IRQHandler)
    i.HAL_GPIO_Init                          0x08003040   Section        0  stm32f0xx_hal_gpio.o(i.HAL_GPIO_Init)
    i.HAL_GPIO_ReadPin                       0x08003188   Section        0  stm32f0xx_hal_gpio.o(i.HAL_GPIO_ReadPin)
    i.HAL_GPIO_WritePin                      0x08003196   Section        0  stm32f0xx_hal_gpio.o(i.HAL_GPIO_WritePin)
    i.HAL_GetTick                            0x080031a4   Section        0  stm32f0xx_hal.o(i.HAL_GetTick)
    i.HAL_IncTick                            0x080031b0   Section        0  stm32f0xx_hal.o(i.HAL_IncTick)
    i.HAL_Init                               0x080031c0   Section        0  stm32f0xx_hal.o(i.HAL_Init)
    i.HAL_InitTick                           0x080031e0   Section        0  stm32f0xx_hal.o(i.HAL_InitTick)
    i.HAL_MspInit                            0x08003204   Section        0  stm32f0xx_hal_msp.o(i.HAL_MspInit)
    i.HAL_NVIC_EnableIRQ                     0x0800323c   Section        0  stm32f0xx_hal_cortex.o(i.HAL_NVIC_EnableIRQ)
    i.HAL_NVIC_SetPriority                   0x08003250   Section        0  stm32f0xx_hal_cortex.o(i.HAL_NVIC_SetPriority)
    i.HAL_RCCEx_PeriphCLKConfig              0x08003258   Section        0  stm32f0xx_hal_rcc_ex.o(i.HAL_RCCEx_PeriphCLKConfig)
    i.HAL_RCC_ClockConfig                    0x08003348   Section        0  stm32f0xx_hal_rcc.o(i.HAL_RCC_ClockConfig)
    i.HAL_RCC_GetHCLKFreq                    0x0800348c   Section        0  stm32f0xx_hal_rcc.o(i.HAL_RCC_GetHCLKFreq)
    i.HAL_RCC_GetPCLK1Freq                   0x08003498   Section        0  stm32f0xx_hal_rcc.o(i.HAL_RCC_GetPCLK1Freq)
    i.HAL_RCC_GetSysClockFreq                0x080034b8   Section        0  stm32f0xx_hal_rcc.o(i.HAL_RCC_GetSysClockFreq)
    i.HAL_RCC_OscConfig                      0x08003544   Section        0  stm32f0xx_hal_rcc.o(i.HAL_RCC_OscConfig)
    i.HAL_SYSTICK_CLKSourceConfig            0x08003918   Section        0  stm32f0xx_hal_cortex.o(i.HAL_SYSTICK_CLKSourceConfig)
    i.HAL_SYSTICK_Callback                   0x08003934   Section        0  stm32f0xx_hal_cortex.o(i.HAL_SYSTICK_Callback)
    i.HAL_SYSTICK_Config                     0x08003938   Section        0  stm32f0xx_hal_cortex.o(i.HAL_SYSTICK_Config)
    i.HAL_SYSTICK_IRQHandler                 0x08003968   Section        0  stm32f0xx_hal_cortex.o(i.HAL_SYSTICK_IRQHandler)
    i.HAL_UART_ErrorCallback                 0x08003970   Section        0  stm32f0xx_hal_uart.o(i.HAL_UART_ErrorCallback)
    i.HAL_UART_IRQHandler                    0x08003974   Section        0  stm32f0xx_hal_uart.o(i.HAL_UART_IRQHandler)
    i.HAL_UART_Init                          0x08003a94   Section        0  stm32f0xx_hal_uart.o(i.HAL_UART_Init)
    i.HAL_UART_MspInit                       0x08003b08   Section        0  usart.o(i.HAL_UART_MspInit)
    i.HAL_UART_Receive_DMA                   0x08003bd8   Section        0  stm32f0xx_hal_uart.o(i.HAL_UART_Receive_DMA)
    i.HAL_UART_RxCpltCallback                0x08003c80   Section        0  main.o(i.HAL_UART_RxCpltCallback)
    i.HAL_UART_RxHalfCpltCallback            0x08003ca0   Section        0  stm32f0xx_hal_uart.o(i.HAL_UART_RxHalfCpltCallback)
    i.HAL_UART_Transmit                      0x08003ca2   Section        0  stm32f0xx_hal_uart.o(i.HAL_UART_Transmit)
    i.HAL_UART_Transmit_DMA                  0x08003d78   Section        0  stm32f0xx_hal_uart.o(i.HAL_UART_Transmit_DMA)
    i.HAL_UART_TxCpltCallback                0x08003e18   Section        0  usart.o(i.HAL_UART_TxCpltCallback)
    i.HAL_UART_TxHalfCpltCallback            0x08003e26   Section        0  stm32f0xx_hal_uart.o(i.HAL_UART_TxHalfCpltCallback)
    i.HardFault_Handler                      0x08003e28   Section        0  stm32f0xx_it.o(i.HardFault_Handler)
    i.IIC_Init1                              0x08003e2c   Section        0  io_iic.o(i.IIC_Init1)
    i.IIC_Send_Byte1                         0x08003eec   Section        0  io_iic.o(i.IIC_Send_Byte1)
    i.IIC_Send_Byte_Mix                      0x08003f94   Section        0  io_iic.o(i.IIC_Send_Byte_Mix)
    i.IIC_Start1                             0x080040f0   Section        0  io_iic.o(i.IIC_Start1)
    i.IIC_Stop1                              0x08004128   Section        0  io_iic.o(i.IIC_Stop1)
    i.IIC_Wait_Ack                           0x0800417c   Section        0  io_iic.o(i.IIC_Wait_Ack)
    i.IoT_ON                                 0x08004194   Section        0  app_main.o(i.IoT_ON)
    i.KeyComMsg                              0x08004198   Section        0  key.o(i.KeyComMsg)
    i.KeyEventPorc                           0x0800421c   Section        0  key.o(i.KeyEventPorc)
    i.KeyScan                                0x080042ec   Section        0  key.o(i.KeyScan)
    i.MX_ADC_Init                            0x080042f8   Section        0  adc.o(i.MX_ADC_Init)
    i.MX_DMA_Init                            0x080043bc   Section        0  dma.o(i.MX_DMA_Init)
    i.MX_GPIO_Init                           0x080043c0   Section        0  gpio.o(i.MX_GPIO_Init)
    i.MX_USART1_UART_Init                    0x08004458   Section        0  usart.o(i.MX_USART1_UART_Init)
    i.NMI_Handler                            0x08004500   Section        0  stm32f0xx_it.o(i.NMI_Handler)
    i.NVIC_SetPriority                       0x08004504   Section        0  stm32f0xx_hal_cortex.o(i.NVIC_SetPriority)
    NVIC_SetPriority                         0x08004505   Thumb Code    60  stm32f0xx_hal_cortex.o(i.NVIC_SetPriority)
    i.PendSV_Handler                         0x08004548   Section        0  stm32f0xx_it.o(i.PendSV_Handler)
    i.PowerON_Reset                          0x0800454c   Section        0  app_main.o(i.PowerON_Reset)
    i.RGBMode_Handle                         0x08004604   Section        0  rgb.o(i.RGBMode_Handle)
    i.SN3236_Driver                          0x0800460c   Section        0  sn3236.o(i.SN3236_Driver)
    i.SN3236_Init1                           0x0800461c   Section        0  sn3236.o(i.SN3236_Init1)
    i.SN3236_RegWrite                        0x08004670   Section        0  sn3236.o(i.SN3236_RegWrite)
    i.SVC_Handler                            0x080046b4   Section        0  stm32f0xx_it.o(i.SVC_Handler)
    i.ScanFFT                                0x080046b8   Section        0  fft.o(i.ScanFFT)
    i.Scan_IoT_OFF                           0x080046d0   Section        0  app_main.o(i.Scan_IoT_OFF)
    i.SysTick_Handler                        0x080046e8   Section        0  stm32f0xx_it.o(i.SysTick_Handler)
    i.SystemClock_Config                     0x08004758   Section        0  main.o(i.SystemClock_Config)
    i.SystemInit                             0x080047f0   Section        0  system_stm32f0xx.o(i.SystemInit)
    i.UART_AdvFeatureConfig                  0x0800484c   Section        0  stm32f0xx_hal_uart.o(i.UART_AdvFeatureConfig)
    i.UART_CheckIdleState                    0x08004916   Section        0  stm32f0xx_hal_uart.o(i.UART_CheckIdleState)
    i.UART_DMAAbortOnError                   0x08004928   Section        0  stm32f0xx_hal_uart.o(i.UART_DMAAbortOnError)
    UART_DMAAbortOnError                     0x08004929   Thumb Code    20  stm32f0xx_hal_uart.o(i.UART_DMAAbortOnError)
    i.UART_DMAError                          0x0800493c   Section        0  stm32f0xx_hal_uart.o(i.UART_DMAError)
    UART_DMAError                            0x0800493d   Thumb Code    76  stm32f0xx_hal_uart.o(i.UART_DMAError)
    i.UART_DMAReceiveCplt                    0x08004988   Section        0  stm32f0xx_hal_uart.o(i.UART_DMAReceiveCplt)
    UART_DMAReceiveCplt                      0x08004989   Thumb Code    64  stm32f0xx_hal_uart.o(i.UART_DMAReceiveCplt)
    i.UART_DMARxHalfCplt                     0x080049c8   Section        0  stm32f0xx_hal_uart.o(i.UART_DMARxHalfCplt)
    UART_DMARxHalfCplt                       0x080049c9   Thumb Code    10  stm32f0xx_hal_uart.o(i.UART_DMARxHalfCplt)
    i.UART_DMATransmitCplt                   0x080049d2   Section        0  stm32f0xx_hal_uart.o(i.UART_DMATransmitCplt)
    UART_DMATransmitCplt                     0x080049d3   Thumb Code    48  stm32f0xx_hal_uart.o(i.UART_DMATransmitCplt)
    i.UART_DMATxHalfCplt                     0x08004a02   Section        0  stm32f0xx_hal_uart.o(i.UART_DMATxHalfCplt)
    UART_DMATxHalfCplt                       0x08004a03   Thumb Code    10  stm32f0xx_hal_uart.o(i.UART_DMATxHalfCplt)
    i.UART_EndRxTransfer                     0x08004a0c   Section        0  stm32f0xx_hal_uart.o(i.UART_EndRxTransfer)
    UART_EndRxTransfer                       0x08004a0d   Thumb Code    30  stm32f0xx_hal_uart.o(i.UART_EndRxTransfer)
    i.UART_EndTransmit_IT                    0x08004a2a   Section        0  stm32f0xx_hal_uart.o(i.UART_EndTransmit_IT)
    i.UART_EndTxTransfer                     0x08004a44   Section        0  stm32f0xx_hal_uart.o(i.UART_EndTxTransfer)
    UART_EndTxTransfer                       0x08004a45   Thumb Code    18  stm32f0xx_hal_uart.o(i.UART_EndTxTransfer)
    i.UART_Receive_IT                        0x08004a56   Section        0  stm32f0xx_hal_uart.o(i.UART_Receive_IT)
    i.UART_SetConfig                         0x08004ad4   Section        0  stm32f0xx_hal_uart.o(i.UART_SetConfig)
    i.UART_Transmit_IT                       0x08004c30   Section        0  stm32f0xx_hal_uart.o(i.UART_Transmit_IT)
    i.UART_WaitOnFlagUntilTimeout            0x08004c98   Section        0  stm32f0xx_hal_uart.o(i.UART_WaitOnFlagUntilTimeout)
    i.USART1_IRQHandler                      0x08004cfc   Section        0  stm32f0xx_it.o(i.USART1_IRQHandler)
    i.Usart1SendData_DMA                     0x08004d10   Section        0  usart.o(i.Usart1SendData_DMA)
    i.UsartReceive_IDLE                      0x08004d40   Section        0  usart.o(i.UsartReceive_IDLE)
    i.User_UART_Receive_DMAStop              0x08004e0c   Section        0  user_uart_dma.o(i.User_UART_Receive_DMAStop)
    i.User_UART_Transmit_DMAStop             0x08004e2e   Section        0  user_uart_dma.o(i.User_UART_Transmit_DMAStop)
    i._Error_Handler                         0x08004e50   Section        0  main.o(i._Error_Handler)
    i.__ARM_clz                              0x08004e52   Section        0  depilogue.o(i.__ARM_clz)
    i.__scatterload_copy                     0x08004e80   Section       14  handlers.o(i.__scatterload_copy)
    i.__scatterload_null                     0x08004e8e   Section        2  handlers.o(i.__scatterload_null)
    i.__scatterload_zeroinit                 0x08004e90   Section       14  handlers.o(i.__scatterload_zeroinit)
    i.__set_errno                            0x08004ea0   Section        0  errno.o(i.__set_errno)
    i.app_main                               0x08004eac   Section        0  app_main.o(i.app_main)
    i.char_to_bcd                            0x08004f10   Section        0  bt_mode.o(i.char_to_bcd)
    i.hex_to_char                            0x08004f36   Section        0  bt_mode.o(i.hex_to_char)
    i.main                                   0x08004f5c   Section        0  main.o(i.main)
    i.sqrt                                   0x08004f90   Section        0  sqrt.o(i.sqrt)
    .constdata                               0x08004fd8   Section       16  system_stm32f0xx.o(.constdata)
    .constdata                               0x08004fe8   Section        8  system_stm32f0xx.o(.constdata)
    .constdata                               0x08004ff0   Section       25  bt_mode.o(.constdata)
    .constdata                               0x08005009   Section     7200  rgb_array.o(.constdata)
    .constdata                               0x08006c29   Section       72  rgb_array.o(.constdata)
    .constdata                               0x08006c71   Section       72  rgb_array.o(.constdata)
    .constdata                               0x08006cb9   Section       72  rgb_array.o(.constdata)
    .constdata                               0x08006d01   Section       64  fft.o(.constdata)
    .data                                    0x20000000   Section        1  adc.o(.data)
    .data                                    0x20000004   Section        4  stm32f0xx_hal.o(.data)
    .data                                    0x20000008   Section        4  system_stm32f0xx.o(.data)
    .data                                    0x2000000c   Section       12  app_main.o(.data)
    .data                                    0x20000018   Section        1  app_main.o(.data)
    .data                                    0x20000019   Section        1  app_main.o(.data)
    .data                                    0x2000001a   Section        1  app_main.o(.data)
    .data                                    0x2000001b   Section        1  app_main.o(.data)
    .data                                    0x2000001c   Section        1  app_main.o(.data)
    .data                                    0x2000001d   Section        1  app_main.o(.data)
    .data                                    0x2000001e   Section        1  app_main.o(.data)
    .data                                    0x2000001f   Section        3  bt_mode.o(.data)
    .data                                    0x20000022   Section        1  bt_mode.o(.data)
    .data                                    0x20000023   Section        1  bt_mode.o(.data)
    .data                                    0x20000024   Section       56  key.o(.data)
    KeyCurValue                              0x2000002e   Data           1  key.o(.data)
    KeyLastValue                             0x2000002f   Data           1  key.o(.data)
    .data                                    0x2000005c   Section       36  rgb.o(.data)
    .data                                    0x20000080   Section       36  rgb.o(.data)
    .data                                    0x200000a4   Section       16  rgb.o(.data)
    .data                                    0x200000b4   Section        8  fft.o(.data)
    .data                                    0x200000bc   Section        4  errno.o(.data)
    _errno                                   0x200000bc   Data           4  errno.o(.data)
    .bss                                     0x200000c0   Section      144  adc.o(.bss)
    .bss                                     0x20000150   Section      352  usart.o(.bss)
    .bss                                     0x200002b0   Section      100  bt_mode.o(.bss)
    .bss                                     0x20000314   Section      200  bt_mode.o(.bss)
    .bss                                     0x200003dc   Section       64  rgb.o(.bss)
    .bss                                     0x2000041c   Section       64  rgb.o(.bss)
    .bss                                     0x2000045c   Section       72  rgb.o(.bss)
    .bss                                     0x200004a4   Section      147  sn3236.o(.bss)
    .bss                                     0x20000537   Section       36  sn3236.o(.bss)
    .bss                                     0x2000055b   Section       36  sn3236.o(.bss)
    .bss                                     0x2000057f   Section       36  sn3236.o(.bss)
    .bss                                     0x200005a3   Section       36  sn3236.o(.bss)
    .bss                                     0x200005c7   Section       36  sn3236.o(.bss)
    .bss                                     0x200005eb   Section       36  sn3236.o(.bss)
    .bss                                     0x20000610   Section      256  fft.o(.bss)
    STACK                                    0x20000710   Section     1024  startup_stm32f030x6.o(STACK)

    Global Symbols

    Symbol Name                              Value     Ov Type        Size  Object(Section)

    BuildAttributes$$THM_ISAv3M$S$PE$A:L22$X:L11$S22$IEEE1$IW$USESV6$~STKCKD$USESV7$~SHL$OTIME$ROPI$IEEEJ$EBA8$MICROLIB$REQ8$PRES8$EABIv2 0x00000000   Number         0  anon$$obj.o ABSOLUTE
    __ARM_use_no_argv                        0x00000000   Number         0  main.o ABSOLUTE
    __cpp_initialize__aeabi_                  - Undefined Weak Reference
    __cxa_finalize                            - Undefined Weak Reference
    __decompress                              - Undefined Weak Reference
    _clock_init                               - Undefined Weak Reference
    _microlib_exit                            - Undefined Weak Reference
    __Vectors_Size                           0x000000b0   Number         0  startup_stm32f030x6.o ABSOLUTE
    __Vectors                                0x08000000   Data           4  startup_stm32f030x6.o(RESET)
    __Vectors_End                            0x080000b0   Data           0  startup_stm32f030x6.o(RESET)
    __main                                   0x080000b1   Thumb Code     0  entry.o(.ARM.Collect$$$$00000000)
    _main_stk                                0x080000b1   Thumb Code     0  entry2.o(.ARM.Collect$$$$00000001)
    _main_scatterload                        0x080000b5   Thumb Code     0  entry5.o(.ARM.Collect$$$$00000004)
    __main_after_scatterload                 0x080000b9   Thumb Code     0  entry5.o(.ARM.Collect$$$$00000004)
    _main_clock                              0x080000b9   Thumb Code     0  entry7b.o(.ARM.Collect$$$$00000008)
    _main_cpp_init                           0x080000b9   Thumb Code     0  entry8b.o(.ARM.Collect$$$$0000000A)
    _main_init                               0x080000b9   Thumb Code     0  entry9a.o(.ARM.Collect$$$$0000000B)
    __rt_final_cpp                           0x080000c1   Thumb Code     0  entry10a.o(.ARM.Collect$$$$0000000D)
    __rt_final_exit                          0x080000c1   Thumb Code     0  entry11a.o(.ARM.Collect$$$$0000000F)
    Reset_Handler                            0x080000c5   Thumb Code     8  startup_stm32f030x6.o(.text)
    ADC1_IRQHandler                          0x080000d7   Thumb Code     0  startup_stm32f030x6.o(.text)
    DMA1_Channel4_5_IRQHandler               0x080000d7   Thumb Code     0  startup_stm32f030x6.o(.text)
    EXTI2_3_IRQHandler                       0x080000d7   Thumb Code     0  startup_stm32f030x6.o(.text)
    FLASH_IRQHandler                         0x080000d7   Thumb Code     0  startup_stm32f030x6.o(.text)
    I2C1_IRQHandler                          0x080000d7   Thumb Code     0  startup_stm32f030x6.o(.text)
    RCC_IRQHandler                           0x080000d7   Thumb Code     0  startup_stm32f030x6.o(.text)
    RTC_IRQHandler                           0x080000d7   Thumb Code     0  startup_stm32f030x6.o(.text)
    SPI1_IRQHandler                          0x080000d7   Thumb Code     0  startup_stm32f030x6.o(.text)
    TIM14_IRQHandler                         0x080000d7   Thumb Code     0  startup_stm32f030x6.o(.text)
    TIM16_IRQHandler                         0x080000d7   Thumb Code     0  startup_stm32f030x6.o(.text)
    TIM17_IRQHandler                         0x080000d7   Thumb Code     0  startup_stm32f030x6.o(.text)
    TIM1_BRK_UP_TRG_COM_IRQHandler           0x080000d7   Thumb Code     0  startup_stm32f030x6.o(.text)
    TIM1_CC_IRQHandler                       0x080000d7   Thumb Code     0  startup_stm32f030x6.o(.text)
    TIM3_IRQHandler                          0x080000d7   Thumb Code     0  startup_stm32f030x6.o(.text)
    WWDG_IRQHandler                          0x080000d7   Thumb Code     0  startup_stm32f030x6.o(.text)
    __aeabi_uidiv                            0x080000e1   Thumb Code     0  uidiv.o(.text)
    __aeabi_uidivmod                         0x080000e1   Thumb Code    44  uidiv.o(.text)
    __aeabi_llsr                             0x0800010d   Thumb Code    34  llushr.o(.text)
    _ll_ushift_r                             0x0800010d   Thumb Code     0  llushr.o(.text)
    __aeabi_memcpy                           0x0800012f   Thumb Code    36  memcpya.o(.text)
    __aeabi_memcpy4                          0x0800012f   Thumb Code     0  memcpya.o(.text)
    __aeabi_memcpy8                          0x0800012f   Thumb Code     0  memcpya.o(.text)
    __aeabi_memset                           0x08000153   Thumb Code    14  memseta.o(.text)
    __aeabi_memset4                          0x08000153   Thumb Code     0  memseta.o(.text)
    __aeabi_memset8                          0x08000153   Thumb Code     0  memseta.o(.text)
    __aeabi_memclr                           0x08000161   Thumb Code     4  memseta.o(.text)
    __aeabi_memclr4                          0x08000161   Thumb Code     0  memseta.o(.text)
    __aeabi_memclr8                          0x08000161   Thumb Code     0  memseta.o(.text)
    _memset$wrapper                          0x08000165   Thumb Code    18  memseta.o(.text)
    __aeabi_ddiv                             0x08000179   Thumb Code   234  ddiv.o(.text)
    __aeabi_i2d                              0x08000269   Thumb Code    34  dflti.o(.text)
    __aeabi_ui2d                             0x08000291   Thumb Code    24  dfltui.o(.text)
    __aeabi_d2uiz                            0x080002ad   Thumb Code    50  dfixui.o(.text)
    __I$use$fp                               0x080002e9   Thumb Code     0  iusefp.o(.text)
    _double_round                            0x080002e9   Thumb Code    26  depilogue.o(.text)
    _double_epilogue                         0x08000303   Thumb Code   164  depilogue.o(.text)
    _dsqrt                                   0x080003a7   Thumb Code   162  dsqrt.o(.text)
    __scatterload                            0x08000449   Thumb Code    28  init.o(.text)
    __scatterload_rt2                        0x08000449   Thumb Code     0  init.o(.text)
    __aeabi_llsl                             0x0800046d   Thumb Code    32  llshl.o(.text)
    _ll_shift_l                              0x0800046d   Thumb Code     0  llshl.o(.text)
    ADCGetBuffer                             0x0800048d   Thumb Code   112  adc.o(i.ADCGetBuffer)
    AD_Assignment                            0x08000719   Thumb Code    30  fft.o(i.AD_Assignment)
    Array_CampFire                           0x08000745   Thumb Code  2192  rgb_array.o(i.Array_CampFire)
    Array_CampFire2                          0x08000fd9   Thumb Code  1440  rgb_array.o(i.Array_CampFire2)
    Array_CampFire3                          0x08001585   Thumb Code  2496  rgb.o(i.Array_CampFire3)
    BlueMode_Handle                          0x08001f59   Thumb Code    20  bt_mode.o(i.BlueMode_Handle)
    BlueMode_Receive                         0x08001f71   Thumb Code   968  bt_mode.o(i.BlueMode_Receive)
    DMA1_Channel1_IRQHandler                 0x08002365   Thumb Code    16  stm32f0xx_it.o(i.DMA1_Channel1_IRQHandler)
    DMA1_Channel2_3_IRQHandler               0x0800237d   Thumb Code    16  stm32f0xx_it.o(i.DMA1_Channel2_3_IRQHandler)
    Delay_1us                                0x080023e3   Thumb Code    12  io_iic.o(i.Delay_1us)
    DivideValue                              0x080023f1   Thumb Code   150  rgb.o(i.DivideValue)
    EXTI0_1_IRQHandler                       0x080024a1   Thumb Code    16  stm32f0xx_it.o(i.EXTI0_1_IRQHandler)
    EXTI4_15_IRQHandler                      0x080024b5   Thumb Code    16  stm32f0xx_it.o(i.EXTI4_15_IRQHandler)
    FFT                                      0x080024c9   Thumb Code   334  fft.o(i.FFT)
    FFT_Data_Handle                          0x08002625   Thumb Code    94  fft.o(i.FFT_Data_Handle)
    FFT_ImageClear                           0x08002695   Thumb Code    34  fft.o(i.FFT_ImageClear)
    FireMode_Handle                          0x080026bd   Thumb Code   494  rgb.o(i.FireMode_Handle)
    GetKeyValue                              0x080028e1   Thumb Code    88  key.o(i.GetKeyValue)
    HAL_ADCEx_Calibration_Start              0x08002945   Thumb Code   176  stm32f0xx_hal_adc_ex.o(i.HAL_ADCEx_Calibration_Start)
    HAL_ADC_ConfigChannel                    0x080029f5   Thumb Code   262  stm32f0xx_hal_adc.o(i.HAL_ADC_ConfigChannel)
    HAL_ADC_ConvCpltCallback                 0x08002b0d   Thumb Code     2  stm32f0xx_hal_adc.o(i.HAL_ADC_ConvCpltCallback)
    HAL_ADC_ConvHalfCpltCallback             0x08002b0f   Thumb Code     2  stm32f0xx_hal_adc.o(i.HAL_ADC_ConvHalfCpltCallback)
    HAL_ADC_ErrorCallback                    0x08002b11   Thumb Code     2  stm32f0xx_hal_adc.o(i.HAL_ADC_ErrorCallback)
    HAL_ADC_GetState                         0x08002b13   Thumb Code     4  stm32f0xx_hal_adc.o(i.HAL_ADC_GetState)
    HAL_ADC_Init                             0x08002b19   Thumb Code   366  stm32f0xx_hal_adc.o(i.HAL_ADC_Init)
    HAL_ADC_MspInit                          0x08002c91   Thumb Code   110  adc.o(i.HAL_ADC_MspInit)
    HAL_ADC_Start_DMA                        0x08002d21   Thumb Code   146  stm32f0xx_hal_adc.o(i.HAL_ADC_Start_DMA)
    HAL_ADC_Stop_DMA                         0x08002dc5   Thumb Code   122  stm32f0xx_hal_adc.o(i.HAL_ADC_Stop_DMA)
    HAL_DMA_Abort                            0x08002e3f   Thumb Code    44  stm32f0xx_hal_dma.o(i.HAL_DMA_Abort)
    HAL_DMA_Abort_IT                         0x08002e6b   Thumb Code    72  stm32f0xx_hal_dma.o(i.HAL_DMA_Abort_IT)
    HAL_DMA_IRQHandler                       0x08002eb3   Thumb Code   170  stm32f0xx_hal_dma.o(i.HAL_DMA_IRQHandler)
    HAL_DMA_Init                             0x08002f5d   Thumb Code    84  stm32f0xx_hal_dma.o(i.HAL_DMA_Init)
    HAL_DMA_Start_IT                         0x08002fb5   Thumb Code   114  stm32f0xx_hal_dma.o(i.HAL_DMA_Start_IT)
    HAL_GPIO_EXTI_Callback                   0x08003027   Thumb Code     2  stm32f0xx_hal_gpio.o(i.HAL_GPIO_EXTI_Callback)
    HAL_GPIO_EXTI_IRQHandler                 0x08003029   Thumb Code    18  stm32f0xx_hal_gpio.o(i.HAL_GPIO_EXTI_IRQHandler)
    HAL_GPIO_Init                            0x08003041   Thumb Code   304  stm32f0xx_hal_gpio.o(i.HAL_GPIO_Init)
    HAL_GPIO_ReadPin                         0x08003189   Thumb Code    14  stm32f0xx_hal_gpio.o(i.HAL_GPIO_ReadPin)
    HAL_GPIO_WritePin                        0x08003197   Thumb Code    12  stm32f0xx_hal_gpio.o(i.HAL_GPIO_WritePin)
    HAL_GetTick                              0x080031a5   Thumb Code     6  stm32f0xx_hal.o(i.HAL_GetTick)
    HAL_IncTick                              0x080031b1   Thumb Code    10  stm32f0xx_hal.o(i.HAL_IncTick)
    HAL_Init                                 0x080031c1   Thumb Code    26  stm32f0xx_hal.o(i.HAL_Init)
    HAL_InitTick                             0x080031e1   Thumb Code    34  stm32f0xx_hal.o(i.HAL_InitTick)
    HAL_MspInit                              0x08003205   Thumb Code    50  stm32f0xx_hal_msp.o(i.HAL_MspInit)
    HAL_NVIC_EnableIRQ                       0x0800323d   Thumb Code    14  stm32f0xx_hal_cortex.o(i.HAL_NVIC_EnableIRQ)
    HAL_NVIC_SetPriority                     0x08003251   Thumb Code     8  stm32f0xx_hal_cortex.o(i.HAL_NVIC_SetPriority)
    HAL_RCCEx_PeriphCLKConfig                0x08003259   Thumb Code   226  stm32f0xx_hal_rcc_ex.o(i.HAL_RCCEx_PeriphCLKConfig)
    HAL_RCC_ClockConfig                      0x08003349   Thumb Code   304  stm32f0xx_hal_rcc.o(i.HAL_RCC_ClockConfig)
    HAL_RCC_GetHCLKFreq                      0x0800348d   Thumb Code     6  stm32f0xx_hal_rcc.o(i.HAL_RCC_GetHCLKFreq)
    HAL_RCC_GetPCLK1Freq                     0x08003499   Thumb Code    22  stm32f0xx_hal_rcc.o(i.HAL_RCC_GetPCLK1Freq)
    HAL_RCC_GetSysClockFreq                  0x080034b9   Thumb Code    94  stm32f0xx_hal_rcc.o(i.HAL_RCC_GetSysClockFreq)
    HAL_RCC_OscConfig                        0x08003545   Thumb Code   968  stm32f0xx_hal_rcc.o(i.HAL_RCC_OscConfig)
    HAL_SYSTICK_CLKSourceConfig              0x08003919   Thumb Code    24  stm32f0xx_hal_cortex.o(i.HAL_SYSTICK_CLKSourceConfig)
    HAL_SYSTICK_Callback                     0x08003935   Thumb Code     2  stm32f0xx_hal_cortex.o(i.HAL_SYSTICK_Callback)
    HAL_SYSTICK_Config                       0x08003939   Thumb Code    38  stm32f0xx_hal_cortex.o(i.HAL_SYSTICK_Config)
    HAL_SYSTICK_IRQHandler                   0x08003969   Thumb Code     8  stm32f0xx_hal_cortex.o(i.HAL_SYSTICK_IRQHandler)
    HAL_UART_ErrorCallback                   0x08003971   Thumb Code     2  stm32f0xx_hal_uart.o(i.HAL_UART_ErrorCallback)
    HAL_UART_IRQHandler                      0x08003975   Thumb Code   282  stm32f0xx_hal_uart.o(i.HAL_UART_IRQHandler)
    HAL_UART_Init                            0x08003a95   Thumb Code   114  stm32f0xx_hal_uart.o(i.HAL_UART_Init)
    HAL_UART_MspInit                         0x08003b09   Thumb Code   176  usart.o(i.HAL_UART_MspInit)
    HAL_UART_Receive_DMA                     0x08003bd9   Thumb Code   154  stm32f0xx_hal_uart.o(i.HAL_UART_Receive_DMA)
    HAL_UART_RxCpltCallback                  0x08003c81   Thumb Code    22  main.o(i.HAL_UART_RxCpltCallback)
    HAL_UART_RxHalfCpltCallback              0x08003ca1   Thumb Code     2  stm32f0xx_hal_uart.o(i.HAL_UART_RxHalfCpltCallback)
    HAL_UART_Transmit                        0x08003ca3   Thumb Code   214  stm32f0xx_hal_uart.o(i.HAL_UART_Transmit)
    HAL_UART_Transmit_DMA                    0x08003d79   Thumb Code   148  stm32f0xx_hal_uart.o(i.HAL_UART_Transmit_DMA)
    HAL_UART_TxCpltCallback                  0x08003e19   Thumb Code    14  usart.o(i.HAL_UART_TxCpltCallback)
    HAL_UART_TxHalfCpltCallback              0x08003e27   Thumb Code     2  stm32f0xx_hal_uart.o(i.HAL_UART_TxHalfCpltCallback)
    HardFault_Handler                        0x08003e29   Thumb Code     2  stm32f0xx_it.o(i.HardFault_Handler)
    IIC_Init1                                0x08003e2d   Thumb Code   186  io_iic.o(i.IIC_Init1)
    IIC_Send_Byte1                           0x08003eed   Thumb Code   164  io_iic.o(i.IIC_Send_Byte1)
    IIC_Send_Byte_Mix                        0x08003f95   Thumb Code   312  io_iic.o(i.IIC_Send_Byte_Mix)
    IIC_Start1                               0x080040f1   Thumb Code    52  io_iic.o(i.IIC_Start1)
    IIC_Stop1                                0x08004129   Thumb Code    80  io_iic.o(i.IIC_Stop1)
    IIC_Wait_Ack                             0x0800417d   Thumb Code    20  io_iic.o(i.IIC_Wait_Ack)
    IoT_ON                                   0x08004195   Thumb Code     2  app_main.o(i.IoT_ON)
    KeyComMsg                                0x08004199   Thumb Code   118  key.o(i.KeyComMsg)
    KeyEventPorc                             0x0800421d   Thumb Code   204  key.o(i.KeyEventPorc)
    KeyScan                                  0x080042ed   Thumb Code    12  key.o(i.KeyScan)
    MX_ADC_Init                              0x080042f9   Thumb Code   162  adc.o(i.MX_ADC_Init)
    MX_DMA_Init                              0x080043bd   Thumb Code     2  dma.o(i.MX_DMA_Init)
    MX_GPIO_Init                             0x080043c1   Thumb Code   138  gpio.o(i.MX_GPIO_Init)
    MX_USART1_UART_Init                      0x08004459   Thumb Code   138  usart.o(i.MX_USART1_UART_Init)
    NMI_Handler                              0x08004501   Thumb Code     2  stm32f0xx_it.o(i.NMI_Handler)
    PendSV_Handler                           0x08004549   Thumb Code     2  stm32f0xx_it.o(i.PendSV_Handler)
    PowerON_Reset                            0x0800454d   Thumb Code   178  app_main.o(i.PowerON_Reset)
    RGBMode_Handle                           0x08004605   Thumb Code     8  rgb.o(i.RGBMode_Handle)
    SN3236_Driver                            0x0800460d   Thumb Code    10  sn3236.o(i.SN3236_Driver)
    SN3236_Init1                             0x0800461d   Thumb Code    76  sn3236.o(i.SN3236_Init1)
    SN3236_RegWrite                          0x08004671   Thumb Code    68  sn3236.o(i.SN3236_RegWrite)
    SVC_Handler                              0x080046b5   Thumb Code     2  stm32f0xx_it.o(i.SVC_Handler)
    ScanFFT                                  0x080046b9   Thumb Code    20  fft.o(i.ScanFFT)
    Scan_IoT_OFF                             0x080046d1   Thumb Code    16  app_main.o(i.Scan_IoT_OFF)
    SysTick_Handler                          0x080046e9   Thumb Code    84  stm32f0xx_it.o(i.SysTick_Handler)
    SystemClock_Config                       0x08004759   Thumb Code   136  main.o(i.SystemClock_Config)
    SystemInit                               0x080047f1   Thumb Code    78  system_stm32f0xx.o(i.SystemInit)
    UART_AdvFeatureConfig                    0x0800484d   Thumb Code   202  stm32f0xx_hal_uart.o(i.UART_AdvFeatureConfig)
    UART_CheckIdleState                      0x08004917   Thumb Code    18  stm32f0xx_hal_uart.o(i.UART_CheckIdleState)
    UART_EndTransmit_IT                      0x08004a2b   Thumb Code    26  stm32f0xx_hal_uart.o(i.UART_EndTransmit_IT)
    UART_Receive_IT                          0x08004a57   Thumb Code   126  stm32f0xx_hal_uart.o(i.UART_Receive_IT)
    UART_SetConfig                           0x08004ad5   Thumb Code   332  stm32f0xx_hal_uart.o(i.UART_SetConfig)
    UART_Transmit_IT                         0x08004c31   Thumb Code   104  stm32f0xx_hal_uart.o(i.UART_Transmit_IT)
    UART_WaitOnFlagUntilTimeout              0x08004c99   Thumb Code    98  stm32f0xx_hal_uart.o(i.UART_WaitOnFlagUntilTimeout)
    USART1_IRQHandler                        0x08004cfd   Thumb Code    16  stm32f0xx_it.o(i.USART1_IRQHandler)
    Usart1SendData_DMA                       0x08004d11   Thumb Code    40  usart.o(i.Usart1SendData_DMA)
    UsartReceive_IDLE                        0x08004d41   Thumb Code   174  usart.o(i.UsartReceive_IDLE)
    User_UART_Receive_DMAStop                0x08004e0d   Thumb Code    34  user_uart_dma.o(i.User_UART_Receive_DMAStop)
    User_UART_Transmit_DMAStop               0x08004e2f   Thumb Code    34  user_uart_dma.o(i.User_UART_Transmit_DMAStop)
    _Error_Handler                           0x08004e51   Thumb Code     2  main.o(i._Error_Handler)
    __ARM_clz                                0x08004e53   Thumb Code    46  depilogue.o(i.__ARM_clz)
    __scatterload_copy                       0x08004e81   Thumb Code    14  handlers.o(i.__scatterload_copy)
    __scatterload_null                       0x08004e8f   Thumb Code     2  handlers.o(i.__scatterload_null)
    __scatterload_zeroinit                   0x08004e91   Thumb Code    14  handlers.o(i.__scatterload_zeroinit)
    __set_errno                              0x08004ea1   Thumb Code     6  errno.o(i.__set_errno)
    app_main                                 0x08004ead   Thumb Code    94  app_main.o(i.app_main)
    char_to_bcd                              0x08004f11   Thumb Code    38  bt_mode.o(i.char_to_bcd)
    hex_to_char                              0x08004f37   Thumb Code    38  bt_mode.o(i.hex_to_char)
    main                                     0x08004f5d   Thumb Code    50  main.o(i.main)
    sqrt                                     0x08004f91   Thumb Code    66  sqrt.o(i.sqrt)
    AHBPrescTable                            0x08004fd8   Data          16  system_stm32f0xx.o(.constdata)
    APBPrescTable                            0x08004fe8   Data           8  system_stm32f0xx.o(.constdata)
    campFire1_tab1                           0x08005009   Data          72  rgb_array.o(.constdata)
    campFire1_tab2                           0x08005051   Data          72  rgb_array.o(.constdata)
    campFire1_tab3                           0x08005099   Data          72  rgb_array.o(.constdata)
    campFire1_tab4                           0x080050e1   Data          72  rgb_array.o(.constdata)
    campFire1_tab5                           0x08005129   Data          72  rgb_array.o(.constdata)
    campFire1_tab6                           0x08005171   Data          72  rgb_array.o(.constdata)
    campFire1_tab7                           0x080051b9   Data          72  rgb_array.o(.constdata)
    campFire1_tab8                           0x08005201   Data          72  rgb_array.o(.constdata)
    campFire1_tab9                           0x08005249   Data          72  rgb_array.o(.constdata)
    campFire1_tab10                          0x08005291   Data          72  rgb_array.o(.constdata)
    campFire1_tab11                          0x080052d9   Data          72  rgb_array.o(.constdata)
    campFire1_tab12                          0x08005321   Data          72  rgb_array.o(.constdata)
    campFire1_tab13                          0x08005369   Data          72  rgb_array.o(.constdata)
    campFire1_tab14                          0x080053b1   Data          72  rgb_array.o(.constdata)
    campFire1_tab15                          0x080053f9   Data          72  rgb_array.o(.constdata)
    campFire1_tab16                          0x08005441   Data          72  rgb_array.o(.constdata)
    campFire1_tab17                          0x08005489   Data          72  rgb_array.o(.constdata)
    campFire1_tab18                          0x080054d1   Data          72  rgb_array.o(.constdata)
    campFire1_tab19                          0x08005519   Data          72  rgb_array.o(.constdata)
    campFire1_tab20                          0x08005561   Data          72  rgb_array.o(.constdata)
    campFire1_tab21                          0x080055a9   Data          72  rgb_array.o(.constdata)
    campFire1_tab22                          0x080055f1   Data          72  rgb_array.o(.constdata)
    campFire1_tab23                          0x08005639   Data          72  rgb_array.o(.constdata)
    campFire1_tab24                          0x08005681   Data          72  rgb_array.o(.constdata)
    campFire1_tab25                          0x080056c9   Data          72  rgb_array.o(.constdata)
    campFire1_tab26                          0x08005711   Data          72  rgb_array.o(.constdata)
    campFire1_tab27                          0x08005759   Data          72  rgb_array.o(.constdata)
    campFire1_tab28                          0x080057a1   Data          72  rgb_array.o(.constdata)
    campFire1_tab29                          0x080057e9   Data          72  rgb_array.o(.constdata)
    campFire1_tab30                          0x08005831   Data          72  rgb_array.o(.constdata)
    campFire1_tab31                          0x08005879   Data          72  rgb_array.o(.constdata)
    campFire1_tab32                          0x080058c1   Data          72  rgb_array.o(.constdata)
    campFire1_tab33                          0x08005909   Data          72  rgb_array.o(.constdata)
    campFire1_tab34                          0x08005951   Data          72  rgb_array.o(.constdata)
    campFire1_tab35                          0x08005999   Data          72  rgb_array.o(.constdata)
    campFire1_tab36                          0x080059e1   Data          72  rgb_array.o(.constdata)
    campFire1_tab37                          0x08005a29   Data          72  rgb_array.o(.constdata)
    campFire1_tab38                          0x08005a71   Data          72  rgb_array.o(.constdata)
    campFire1_tab39                          0x08005ab9   Data          72  rgb_array.o(.constdata)
    campFire1_tab40                          0x08005b01   Data          72  rgb_array.o(.constdata)
    campFire1_tab41                          0x08005b49   Data          72  rgb_array.o(.constdata)
    campFire1_tab42                          0x08005b91   Data          72  rgb_array.o(.constdata)
    campFire1_tab43                          0x08005bd9   Data          72  rgb_array.o(.constdata)
    campFire1_tab44                          0x08005c21   Data          72  rgb_array.o(.constdata)
    campFire1_tab45                          0x08005c69   Data          72  rgb_array.o(.constdata)
    campFire1_tab46                          0x08005cb1   Data          72  rgb_array.o(.constdata)
    campFire1_tab47                          0x08005cf9   Data          72  rgb_array.o(.constdata)
    campFire1_tab48                          0x08005d41   Data          72  rgb_array.o(.constdata)
    campFire1_tab49                          0x08005d89   Data          72  rgb_array.o(.constdata)
    campFire1_tab50                          0x08005dd1   Data          72  rgb_array.o(.constdata)
    campFire1_tab51                          0x08005e19   Data          72  rgb_array.o(.constdata)
    campFire1_tab52                          0x08005e61   Data          72  rgb_array.o(.constdata)
    campFire1_tab53                          0x08005ea9   Data          72  rgb_array.o(.constdata)
    campFire1_tab54                          0x08005ef1   Data          72  rgb_array.o(.constdata)
    campFire1_tab55                          0x08005f39   Data          72  rgb_array.o(.constdata)
    campFire1_tab56                          0x08005f81   Data          72  rgb_array.o(.constdata)
    campFire1_tab57                          0x08005fc9   Data          72  rgb_array.o(.constdata)
    campFire1_tab58                          0x08006011   Data          72  rgb_array.o(.constdata)
    campFire1_tab59                          0x08006059   Data          72  rgb_array.o(.constdata)
    campFire1_tab60                          0x080060a1   Data          72  rgb_array.o(.constdata)
    campFire1_tab61                          0x080060e9   Data          72  rgb_array.o(.constdata)
    campFire2_tab1                           0x08006131   Data          72  rgb_array.o(.constdata)
    campFire2_tab2                           0x08006179   Data          72  rgb_array.o(.constdata)
    campFire2_tab3                           0x080061c1   Data          72  rgb_array.o(.constdata)
    campFire2_tab4                           0x08006209   Data          72  rgb_array.o(.constdata)
    campFire2_tab5                           0x08006251   Data          72  rgb_array.o(.constdata)
    campFire2_tab6                           0x08006299   Data          72  rgb_array.o(.constdata)
    campFire2_tab7                           0x080062e1   Data          72  rgb_array.o(.constdata)
    campFire2_tab8                           0x08006329   Data          72  rgb_array.o(.constdata)
    campFire2_tab9                           0x08006371   Data          72  rgb_array.o(.constdata)
    campFire2_tab10                          0x080063b9   Data          72  rgb_array.o(.constdata)
    campFire2_tab11                          0x08006401   Data          72  rgb_array.o(.constdata)
    campFire2_tab12                          0x08006449   Data          72  rgb_array.o(.constdata)
    campFire2_tab13                          0x08006491   Data          72  rgb_array.o(.constdata)
    campFire2_tab14                          0x080064d9   Data          72  rgb_array.o(.constdata)
    campFire2_tab15                          0x08006521   Data          72  rgb_array.o(.constdata)
    campFire2_tab16                          0x08006569   Data          72  rgb_array.o(.constdata)
    campFire2_tab17                          0x080065b1   Data          72  rgb_array.o(.constdata)
    campFire2_tab18                          0x080065f9   Data          72  rgb_array.o(.constdata)
    campFire2_tab19                          0x08006641   Data          72  rgb_array.o(.constdata)
    campFire2_tab20                          0x08006689   Data          72  rgb_array.o(.constdata)
    campFire2_tab21                          0x080066d1   Data          72  rgb_array.o(.constdata)
    campFire2_tab22                          0x08006719   Data          72  rgb_array.o(.constdata)
    campFire2_tab23                          0x08006761   Data          72  rgb_array.o(.constdata)
    campFire2_tab24                          0x080067a9   Data          72  rgb_array.o(.constdata)
    campFire2_tab25                          0x080067f1   Data          72  rgb_array.o(.constdata)
    campFire2_tab26                          0x08006839   Data          72  rgb_array.o(.constdata)
    campFire2_tab27                          0x08006881   Data          72  rgb_array.o(.constdata)
    campFire2_tab28                          0x080068c9   Data          72  rgb_array.o(.constdata)
    campFire2_tab29                          0x08006911   Data          72  rgb_array.o(.constdata)
    campFire2_tab30                          0x08006959   Data          72  rgb_array.o(.constdata)
    campFire2_tab31                          0x080069a1   Data          72  rgb_array.o(.constdata)
    campFire2_tab32                          0x080069e9   Data          72  rgb_array.o(.constdata)
    campFire2_tab33                          0x08006a31   Data          72  rgb_array.o(.constdata)
    campFire2_tab34                          0x08006a79   Data          72  rgb_array.o(.constdata)
    campFire2_tab35                          0x08006ac1   Data          72  rgb_array.o(.constdata)
    campFire2_tab36                          0x08006b09   Data          72  rgb_array.o(.constdata)
    campFire2_tab37                          0x08006b51   Data          72  rgb_array.o(.constdata)
    campFire2_tab38                          0x08006b99   Data          72  rgb_array.o(.constdata)
    campFire2_tab39                          0x08006be1   Data          72  rgb_array.o(.constdata)
    campFire3_tab1                           0x08006c29   Data          72  rgb_array.o(.constdata)
    campFire3_tab2                           0x08006c71   Data          72  rgb_array.o(.constdata)
    campFire3_tab3                           0x08006cb9   Data          72  rgb_array.o(.constdata)
    SIN_TAB                                  0x08006d01   Data          32  fft.o(.constdata)
    COS_TAB                                  0x08006d21   Data          32  fft.o(.constdata)
    Region$$Table$$Base                      0x08006d44   Number         0  anon$$obj.o(Region$$Table)
    Region$$Table$$Limit                     0x08006d64   Number         0  anon$$obj.o(Region$$Table)
    Adc_Dma_Irq_f                            0x20000000   Data           1  adc.o(.data)
    uwTick                                   0x20000004   Data           4  stm32f0xx_hal.o(.data)
    SystemCoreClock                          0x20000008   Data           4  system_stm32f0xx.o(.data)
    PlayMode                                 0x2000000c   Data           1  app_main.o(.data)
    FireSize1                                0x2000000d   Data           1  app_main.o(.data)
    electricityBrightness                    0x2000000e   Data           1  app_main.o(.data)
    AppTick1ms                               0x2000000f   Data           1  app_main.o(.data)
    AppTick0                                 0x20000010   Data           1  app_main.o(.data)
    AppTick1                                 0x20000011   Data           1  app_main.o(.data)
    AppTick2                                 0x20000012   Data           1  app_main.o(.data)
    AppTick3                                 0x20000013   Data           1  app_main.o(.data)
    AppTick5                                 0x20000014   Data           1  app_main.o(.data)
    brightness1                              0x20000015   Data           1  app_main.o(.data)
    cntIdle                                  0x20000016   Data           2  app_main.o(.data)
    FireSize1_bk                             0x20000018   Data           1  app_main.o(.data)
    idle_f                                   0x20000019   Data           1  app_main.o(.data)
    cntAppTick                               0x2000001a   Data           1  app_main.o(.data)
    fireSpeed                                0x2000001b   Data           1  app_main.o(.data)
    fireSpeed_Small                          0x2000001c   Data           1  app_main.o(.data)
    fireSpeed_Big                            0x2000001d   Data           1  app_main.o(.data)
    fireSpeed_Flashing                       0x2000001e   Data           1  app_main.o(.data)
    BT_Work                                  0x2000001f   Data           1  bt_mode.o(.data)
    Uart1_RX_Finish_A                        0x20000020   Data           1  bt_mode.o(.data)
    Uart1_RX_Finish_B                        0x20000021   Data           1  bt_mode.o(.data)
    Uart1_RX_Timeout                         0x20000022   Data           1  bt_mode.o(.data)
    Uart1_ReceiveBuffer_A_B                  0x20000023   Data           1  bt_mode.o(.data)
    gbKeyPress                               0x20000024   Data           1  key.o(.data)
    gbKeyNone                                0x20000025   Data           1  key.o(.data)
    KeyValue                                 0x20000026   Data           1  key.o(.data)
    KeyEvent                                 0x20000027   Data           1  key.o(.data)
    cntKeyLoop                               0x20000028   Data           1  key.o(.data)
    KeyCurValueBK                            0x20000029   Data           1  key.o(.data)
    cntKeyLong                               0x2000002a   Data           1  key.o(.data)
    keyNum                                   0x2000002b   Data           1  key.o(.data)
    keyBT                                    0x2000002c   Data           1  key.o(.data)
    keyBT_bk                                 0x2000002d   Data           1  key.o(.data)
    SPASongs_Num_Table                       0x20000030   Data          44  key.o(.data)
    data3                                    0x2000005c   Data          36  rgb.o(.data)
    data4                                    0x20000080   Data          36  rgb.o(.data)
    RGB_Work                                 0x200000a4   Data           1  rgb.o(.data)
    step                                     0x200000a5   Data           1  rgb.o(.data)
    num_Delay3                               0x200000a6   Data           1  rgb.o(.data)
    flashZero_Fade_Out                       0x200000a7   Data           1  rgb.o(.data)
    GetVoltageValue_bk                       0x200000a8   Data           1  rgb.o(.data)
    Flag_LEDSwitchover                       0x200000a9   Data           1  rgb.o(.data)
    Flag_Start_DMA                           0x200000aa   Data           1  rgb.o(.data)
    num_Delay                                0x200000ac   Data           2  rgb.o(.data)
    num_Delay2                               0x200000ae   Data           2  rgb.o(.data)
    ADCVolValue                              0x200000b0   Data           2  rgb.o(.data)
    ADCDifferenceValue                       0x200000b2   Data           2  rgb.o(.data)
    calculateSW                              0x200000b4   Data           1  fft.o(.data)
    Flag_FFT_Handle                          0x200000b5   Data           1  fft.o(.data)
    Flag_FFTSwitch                           0x200000b6   Data           1  fft.o(.data)
    temp_fft1                                0x200000b7   Data           1  fft.o(.data)
    temp_fft2                                0x200000b8   Data           1  fft.o(.data)
    temp_fft3                                0x200000b9   Data           1  fft.o(.data)
    temp_fft4                                0x200000ba   Data           1  fft.o(.data)
    temp_fft5                                0x200000bb   Data           1  fft.o(.data)
    hadc                                     0x200000c0   Data          76  adc.o(.bss)
    hdma_adc                                 0x2000010c   Data          68  adc.o(.bss)
    UsartType1                               0x20000150   Data         104  usart.o(.bss)
    huart1                                   0x200001b8   Data         112  usart.o(.bss)
    hdma_usart1_rx                           0x20000228   Data          68  usart.o(.bss)
    hdma_usart1_tx                           0x2000026c   Data          68  usart.o(.bss)
    Uart1_TransmitBuffer                     0x200002b0   Data         100  bt_mode.o(.bss)
    BT_ReceiveBuffer_A                       0x20000314   Data         100  bt_mode.o(.bss)
    BT_ReceiveBuffer_B                       0x20000378   Data         100  bt_mode.o(.bss)
    AdcDma_Buf                               0x200003dc   Data          64  rgb.o(.bss)
    AdcAudio_Buf                             0x2000041c   Data          64  rgb.o(.bss)
    data1                                    0x2000045c   Data          72  rgb.o(.bss)
    SN3236_Pwm1_1                            0x200004a4   Data          36  sn3236.o(.bss)
    SN3236_Pwm1_2                            0x200004c8   Data          36  sn3236.o(.bss)
    SN3236_RegBuffer                         0x200004ec   Data          75  sn3236.o(.bss)
    SN3236_Pwm2_1                            0x20000537   Data          36  sn3236.o(.bss)
    SN3236_Pwm2_2                            0x2000055b   Data          36  sn3236.o(.bss)
    SN3236_Pwm3_1                            0x2000057f   Data          36  sn3236.o(.bss)
    SN3236_Pwm3_2                            0x200005a3   Data          36  sn3236.o(.bss)
    SN3236_Pwm4_1                            0x200005c7   Data          36  sn3236.o(.bss)
    SN3236_Pwm4_2                            0x200005eb   Data          36  sn3236.o(.bss)
    fft_Real                                 0x20000610   Data          64  fft.o(.bss)
    fft_Image                                0x20000650   Data          64  fft.o(.bss)
    Vrms                                     0x20000690   Data          64  fft.o(.bss)
    Vpeak                                    0x200006d0   Data          64  fft.o(.bss)
    __initial_sp                             0x20000b10   Data           0  startup_stm32f030x6.o(STACK)



==============================================================================

Memory Map of the image

  Image Entry point : 0x080000b1

  Load Region LR_IROM1 (Base: 0x08000000, Size: 0x00006e24, Max: 0x00008000, ABSOLUTE)

    Execution Region ER_IROM1 (Exec base: 0x08000000, Load base: 0x08000000, Size: 0x00006d64, Max: 0x00008000, ABSOLUTE)

    Exec Addr    Load Addr    Size         Type   Attr      Idx    E Section Name        Object

    0x08000000   0x08000000   0x000000b0   Data   RO            3    RESET               startup_stm32f030x6.o
    0x080000b0   0x080000b0   0x00000000   Code   RO         2831  * .ARM.Collect$$$$00000000  mc_p.l(entry.o)
    0x080000b0   0x080000b0   0x00000004   Code   RO         2852    .ARM.Collect$$$$00000001  mc_p.l(entry2.o)
    0x080000b4   0x080000b4   0x00000004   Code   RO         2855    .ARM.Collect$$$$00000004  mc_p.l(entry5.o)
    0x080000b8   0x080000b8   0x00000000   Code   RO         2857    .ARM.Collect$$$$00000008  mc_p.l(entry7b.o)
    0x080000b8   0x080000b8   0x00000000   Code   RO         2859    .ARM.Collect$$$$0000000A  mc_p.l(entry8b.o)
    0x080000b8   0x080000b8   0x00000008   Code   RO         2860    .ARM.Collect$$$$0000000B  mc_p.l(entry9a.o)
    0x080000c0   0x080000c0   0x00000000   Code   RO         2862    .ARM.Collect$$$$0000000D  mc_p.l(entry10a.o)
    0x080000c0   0x080000c0   0x00000000   Code   RO         2864    .ARM.Collect$$$$0000000F  mc_p.l(entry11a.o)
    0x080000c0   0x080000c0   0x00000004   Code   RO         2853    .ARM.Collect$$$$00002712  mc_p.l(entry2.o)
    0x080000c4   0x080000c4   0x0000001c   Code   RO            4    .text               startup_stm32f030x6.o
    0x080000e0   0x080000e0   0x0000002c   Code   RO         2834    .text               mc_p.l(uidiv.o)
    0x0800010c   0x0800010c   0x00000022   Code   RO         2836    .text               mc_p.l(llushr.o)
    0x0800012e   0x0800012e   0x00000024   Code   RO         2838    .text               mc_p.l(memcpya.o)
    0x08000152   0x08000152   0x00000024   Code   RO         2840    .text               mc_p.l(memseta.o)
    0x08000176   0x08000176   0x00000002   PAD
    0x08000178   0x08000178   0x000000f0   Code   RO         2844    .text               mf_p.l(ddiv.o)
    0x08000268   0x08000268   0x00000028   Code   RO         2846    .text               mf_p.l(dflti.o)
    0x08000290   0x08000290   0x0000001c   Code   RO         2848    .text               mf_p.l(dfltui.o)
    0x080002ac   0x080002ac   0x0000003c   Code   RO         2850    .text               mf_p.l(dfixui.o)
    0x080002e8   0x080002e8   0x00000000   Code   RO         2873    .text               mc_p.l(iusefp.o)
    0x080002e8   0x080002e8   0x000000be   Code   RO         2874    .text               mf_p.l(depilogue.o)
    0x080003a6   0x080003a6   0x000000a2   Code   RO         2878    .text               mf_p.l(dsqrt.o)
    0x08000448   0x08000448   0x00000024   Code   RO         2882    .text               mc_p.l(init.o)
    0x0800046c   0x0800046c   0x00000020   Code   RO         2884    .text               mc_p.l(llshl.o)
    0x0800048c   0x0800048c   0x00000098   Code   RO          224    i.ADCGetBuffer      adc.o
    0x08000524   0x08000524   0x00000052   Code   RO          461    i.ADC_ConversionStop  stm32f0xx_hal_adc.o
    0x08000576   0x08000576   0x0000006c   Code   RO          462    i.ADC_DMAConvCplt   stm32f0xx_hal_adc.o
    0x080005e2   0x080005e2   0x0000001a   Code   RO          463    i.ADC_DMAError      stm32f0xx_hal_adc.o
    0x080005fc   0x080005fc   0x0000000a   Code   RO          464    i.ADC_DMAHalfConvCplt  stm32f0xx_hal_adc.o
    0x08000606   0x08000606   0x00000076   Code   RO          465    i.ADC_Disable       stm32f0xx_hal_adc.o
    0x0800067c   0x0800067c   0x0000009c   Code   RO          466    i.ADC_Enable        stm32f0xx_hal_adc.o
    0x08000718   0x08000718   0x0000002c   Code   RO         2769    i.AD_Assignment     fft.o
    0x08000744   0x08000744   0x00000894   Code   RO         2662    i.Array_CampFire    rgb_array.o
    0x08000fd8   0x08000fd8   0x000005ac   Code   RO         2663    i.Array_CampFire2   rgb_array.o
    0x08001584   0x08001584   0x000009d4   Code   RO         2598    i.Array_CampFire3   rgb.o
    0x08001f58   0x08001f58   0x00000018   Code   RO         2435    i.BlueMode_Handle   bt_mode.o
    0x08001f70   0x08001f70   0x000003f4   Code   RO         2436    i.BlueMode_Receive  bt_mode.o
    0x08002364   0x08002364   0x00000018   Code   RO          363    i.DMA1_Channel1_IRQHandler  stm32f0xx_it.o
    0x0800237c   0x0800237c   0x00000018   Code   RO          364    i.DMA1_Channel2_3_IRQHandler  stm32f0xx_it.o
    0x08002394   0x08002394   0x00000024   Code   RO         1834    i.DMA_CalcBaseAndBitshift  stm32f0xx_hal_dma.o
    0x080023b8   0x080023b8   0x0000002a   Code   RO         1835    i.DMA_SetConfig     stm32f0xx_hal_dma.o
    0x080023e2   0x080023e2   0x0000000c   Code   RO         2495    i.Delay_1us         io_iic.o
    0x080023ee   0x080023ee   0x00000002   PAD
    0x080023f0   0x080023f0   0x000000b0   Code   RO         2599    i.DivideValue       rgb.o
    0x080024a0   0x080024a0   0x00000014   Code   RO          365    i.EXTI0_1_IRQHandler  stm32f0xx_it.o
    0x080024b4   0x080024b4   0x00000014   Code   RO          366    i.EXTI4_15_IRQHandler  stm32f0xx_it.o
    0x080024c8   0x080024c8   0x0000015c   Code   RO         2770    i.FFT               fft.o
    0x08002624   0x08002624   0x00000070   Code   RO         2771    i.FFT_Data_Handle   fft.o
    0x08002694   0x08002694   0x00000028   Code   RO         2772    i.FFT_ImageClear    fft.o
    0x080026bc   0x080026bc   0x00000224   Code   RO         2600    i.FireMode_Handle   rgb.o
    0x080028e0   0x080028e0   0x00000064   Code   RO         2551    i.GetKeyValue       key.o
    0x08002944   0x08002944   0x000000b0   Code   RO          637    i.HAL_ADCEx_Calibration_Start  stm32f0xx_hal_adc_ex.o
    0x080029f4   0x080029f4   0x00000118   Code   RO          468    i.HAL_ADC_ConfigChannel  stm32f0xx_hal_adc.o
    0x08002b0c   0x08002b0c   0x00000002   Code   RO          469    i.HAL_ADC_ConvCpltCallback  stm32f0xx_hal_adc.o
    0x08002b0e   0x08002b0e   0x00000002   Code   RO          470    i.HAL_ADC_ConvHalfCpltCallback  stm32f0xx_hal_adc.o
    0x08002b10   0x08002b10   0x00000002   Code   RO          472    i.HAL_ADC_ErrorCallback  stm32f0xx_hal_adc.o
    0x08002b12   0x08002b12   0x00000004   Code   RO          474    i.HAL_ADC_GetState  stm32f0xx_hal_adc.o
    0x08002b16   0x08002b16   0x00000002   PAD
    0x08002b18   0x08002b18   0x00000178   Code   RO          477    i.HAL_ADC_Init      stm32f0xx_hal_adc.o
    0x08002c90   0x08002c90   0x00000090   Code   RO          226    i.HAL_ADC_MspInit   adc.o
    0x08002d20   0x08002d20   0x000000a4   Code   RO          484    i.HAL_ADC_Start_DMA  stm32f0xx_hal_adc.o
    0x08002dc4   0x08002dc4   0x0000007a   Code   RO          487    i.HAL_ADC_Stop_DMA  stm32f0xx_hal_adc.o
    0x08002e3e   0x08002e3e   0x0000002c   Code   RO         1836    i.HAL_DMA_Abort     stm32f0xx_hal_dma.o
    0x08002e6a   0x08002e6a   0x00000048   Code   RO         1837    i.HAL_DMA_Abort_IT  stm32f0xx_hal_dma.o
    0x08002eb2   0x08002eb2   0x000000aa   Code   RO         1841    i.HAL_DMA_IRQHandler  stm32f0xx_hal_dma.o
    0x08002f5c   0x08002f5c   0x00000058   Code   RO         1842    i.HAL_DMA_Init      stm32f0xx_hal_dma.o
    0x08002fb4   0x08002fb4   0x00000072   Code   RO         1846    i.HAL_DMA_Start_IT  stm32f0xx_hal_dma.o
    0x08003026   0x08003026   0x00000002   Code   RO         1773    i.HAL_GPIO_EXTI_Callback  stm32f0xx_hal_gpio.o
    0x08003028   0x08003028   0x00000018   Code   RO         1774    i.HAL_GPIO_EXTI_IRQHandler  stm32f0xx_hal_gpio.o
    0x08003040   0x08003040   0x00000148   Code   RO         1775    i.HAL_GPIO_Init     stm32f0xx_hal_gpio.o
    0x08003188   0x08003188   0x0000000e   Code   RO         1777    i.HAL_GPIO_ReadPin  stm32f0xx_hal_gpio.o
    0x08003196   0x08003196   0x0000000c   Code   RO         1779    i.HAL_GPIO_WritePin  stm32f0xx_hal_gpio.o
    0x080031a2   0x080031a2   0x00000002   PAD
    0x080031a4   0x080031a4   0x0000000c   Code   RO         1182    i.HAL_GetTick       stm32f0xx_hal.o
    0x080031b0   0x080031b0   0x00000010   Code   RO         1186    i.HAL_IncTick       stm32f0xx_hal.o
    0x080031c0   0x080031c0   0x00000020   Code   RO         1187    i.HAL_Init          stm32f0xx_hal.o
    0x080031e0   0x080031e0   0x00000022   Code   RO         1188    i.HAL_InitTick      stm32f0xx_hal.o
    0x08003202   0x08003202   0x00000002   PAD
    0x08003204   0x08003204   0x00000038   Code   RO          441    i.HAL_MspInit       stm32f0xx_hal_msp.o
    0x0800323c   0x0800323c   0x00000014   Code   RO         1934    i.HAL_NVIC_EnableIRQ  stm32f0xx_hal_cortex.o
    0x08003250   0x08003250   0x00000008   Code   RO         1938    i.HAL_NVIC_SetPriority  stm32f0xx_hal_cortex.o
    0x08003258   0x08003258   0x000000f0   Code   RO         1143    i.HAL_RCCEx_PeriphCLKConfig  stm32f0xx_hal_rcc_ex.o
    0x08003348   0x08003348   0x00000144   Code   RO         1050    i.HAL_RCC_ClockConfig  stm32f0xx_hal_rcc.o
    0x0800348c   0x0800348c   0x0000000c   Code   RO         1055    i.HAL_RCC_GetHCLKFreq  stm32f0xx_hal_rcc.o
    0x08003498   0x08003498   0x00000020   Code   RO         1057    i.HAL_RCC_GetPCLK1Freq  stm32f0xx_hal_rcc.o
    0x080034b8   0x080034b8   0x0000008c   Code   RO         1058    i.HAL_RCC_GetSysClockFreq  stm32f0xx_hal_rcc.o
    0x08003544   0x08003544   0x000003d4   Code   RO         1061    i.HAL_RCC_OscConfig  stm32f0xx_hal_rcc.o
    0x08003918   0x08003918   0x0000001c   Code   RO         1940    i.HAL_SYSTICK_CLKSourceConfig  stm32f0xx_hal_cortex.o
    0x08003934   0x08003934   0x00000002   Code   RO         1941    i.HAL_SYSTICK_Callback  stm32f0xx_hal_cortex.o
    0x08003936   0x08003936   0x00000002   PAD
    0x08003938   0x08003938   0x00000030   Code   RO         1942    i.HAL_SYSTICK_Config  stm32f0xx_hal_cortex.o
    0x08003968   0x08003968   0x00000008   Code   RO         1943    i.HAL_SYSTICK_IRQHandler  stm32f0xx_hal_cortex.o
    0x08003970   0x08003970   0x00000002   Code   RO          705    i.HAL_UART_ErrorCallback  stm32f0xx_hal_uart.o
    0x08003972   0x08003972   0x00000002   PAD
    0x08003974   0x08003974   0x00000120   Code   RO          708    i.HAL_UART_IRQHandler  stm32f0xx_hal_uart.o
    0x08003a94   0x08003a94   0x00000072   Code   RO          709    i.HAL_UART_Init     stm32f0xx_hal_uart.o
    0x08003b06   0x08003b06   0x00000002   PAD
    0x08003b08   0x08003b08   0x000000d0   Code   RO          297    i.HAL_UART_MspInit  usart.o
    0x08003bd8   0x08003bd8   0x000000a8   Code   RO          713    i.HAL_UART_Receive_DMA  stm32f0xx_hal_uart.o
    0x08003c80   0x08003c80   0x00000020   Code   RO           12    i.HAL_UART_RxCpltCallback  main.o
    0x08003ca0   0x08003ca0   0x00000002   Code   RO          716    i.HAL_UART_RxHalfCpltCallback  stm32f0xx_hal_uart.o
    0x08003ca2   0x08003ca2   0x000000d6   Code   RO          717    i.HAL_UART_Transmit  stm32f0xx_hal_uart.o
    0x08003d78   0x08003d78   0x000000a0   Code   RO          718    i.HAL_UART_Transmit_DMA  stm32f0xx_hal_uart.o
    0x08003e18   0x08003e18   0x0000000e   Code   RO          298    i.HAL_UART_TxCpltCallback  usart.o
    0x08003e26   0x08003e26   0x00000002   Code   RO          721    i.HAL_UART_TxHalfCpltCallback  stm32f0xx_hal_uart.o
    0x08003e28   0x08003e28   0x00000002   Code   RO          367    i.HardFault_Handler  stm32f0xx_it.o
    0x08003e2a   0x08003e2a   0x00000002   PAD
    0x08003e2c   0x08003e2c   0x000000c0   Code   RO         2496    i.IIC_Init1         io_iic.o
    0x08003eec   0x08003eec   0x000000a8   Code   RO         2497    i.IIC_Send_Byte1    io_iic.o
    0x08003f94   0x08003f94   0x0000015c   Code   RO         2498    i.IIC_Send_Byte_Mix  io_iic.o
    0x080040f0   0x080040f0   0x00000038   Code   RO         2499    i.IIC_Start1        io_iic.o
    0x08004128   0x08004128   0x00000054   Code   RO         2500    i.IIC_Stop1         io_iic.o
    0x0800417c   0x0800417c   0x00000018   Code   RO         2501    i.IIC_Wait_Ack      io_iic.o
    0x08004194   0x08004194   0x00000002   Code   RO         2362    i.IoT_ON            app_main.o
    0x08004196   0x08004196   0x00000002   PAD
    0x08004198   0x08004198   0x00000084   Code   RO         2552    i.KeyComMsg         key.o
    0x0800421c   0x0800421c   0x000000d0   Code   RO         2553    i.KeyEventPorc      key.o
    0x080042ec   0x080042ec   0x0000000c   Code   RO         2554    i.KeyScan           key.o
    0x080042f8   0x080042f8   0x000000c4   Code   RO          227    i.MX_ADC_Init       adc.o
    0x080043bc   0x080043bc   0x00000002   Code   RO          276    i.MX_DMA_Init       dma.o
    0x080043be   0x080043be   0x00000002   PAD
    0x080043c0   0x080043c0   0x00000098   Code   RO          204    i.MX_GPIO_Init      gpio.o
    0x08004458   0x08004458   0x000000a8   Code   RO          299    i.MX_USART1_UART_Init  usart.o
    0x08004500   0x08004500   0x00000002   Code   RO          368    i.NMI_Handler       stm32f0xx_it.o
    0x08004502   0x08004502   0x00000002   PAD
    0x08004504   0x08004504   0x00000044   Code   RO         1944    i.NVIC_SetPriority  stm32f0xx_hal_cortex.o
    0x08004548   0x08004548   0x00000002   Code   RO          369    i.PendSV_Handler    stm32f0xx_it.o
    0x0800454a   0x0800454a   0x00000002   PAD
    0x0800454c   0x0800454c   0x000000b8   Code   RO         2363    i.PowerON_Reset     app_main.o
    0x08004604   0x08004604   0x00000008   Code   RO         2602    i.RGBMode_Handle    rgb.o
    0x0800460c   0x0800460c   0x00000010   Code   RO         2698    i.SN3236_Driver     sn3236.o
    0x0800461c   0x0800461c   0x00000054   Code   RO         2699    i.SN3236_Init1      sn3236.o
    0x08004670   0x08004670   0x00000044   Code   RO         2700    i.SN3236_RegWrite   sn3236.o
    0x080046b4   0x080046b4   0x00000002   Code   RO          370    i.SVC_Handler       stm32f0xx_it.o
    0x080046b6   0x080046b6   0x00000002   PAD
    0x080046b8   0x080046b8   0x00000018   Code   RO         2773    i.ScanFFT           fft.o
    0x080046d0   0x080046d0   0x00000018   Code   RO         2364    i.Scan_IoT_OFF      app_main.o
    0x080046e8   0x080046e8   0x00000070   Code   RO          371    i.SysTick_Handler   stm32f0xx_it.o
    0x08004758   0x08004758   0x00000098   Code   RO           13    i.SystemClock_Config  main.o
    0x080047f0   0x080047f0   0x0000005c   Code   RO         2328    i.SystemInit        system_stm32f0xx.o
    0x0800484c   0x0800484c   0x000000ca   Code   RO          722    i.UART_AdvFeatureConfig  stm32f0xx_hal_uart.o
    0x08004916   0x08004916   0x00000012   Code   RO          723    i.UART_CheckIdleState  stm32f0xx_hal_uart.o
    0x08004928   0x08004928   0x00000014   Code   RO          724    i.UART_DMAAbortOnError  stm32f0xx_hal_uart.o
    0x0800493c   0x0800493c   0x0000004c   Code   RO          725    i.UART_DMAError     stm32f0xx_hal_uart.o
    0x08004988   0x08004988   0x00000040   Code   RO          726    i.UART_DMAReceiveCplt  stm32f0xx_hal_uart.o
    0x080049c8   0x080049c8   0x0000000a   Code   RO          728    i.UART_DMARxHalfCplt  stm32f0xx_hal_uart.o
    0x080049d2   0x080049d2   0x00000030   Code   RO          730    i.UART_DMATransmitCplt  stm32f0xx_hal_uart.o
    0x08004a02   0x08004a02   0x0000000a   Code   RO          732    i.UART_DMATxHalfCplt  stm32f0xx_hal_uart.o
    0x08004a0c   0x08004a0c   0x0000001e   Code   RO          734    i.UART_EndRxTransfer  stm32f0xx_hal_uart.o
    0x08004a2a   0x08004a2a   0x0000001a   Code   RO          735    i.UART_EndTransmit_IT  stm32f0xx_hal_uart.o
    0x08004a44   0x08004a44   0x00000012   Code   RO          736    i.UART_EndTxTransfer  stm32f0xx_hal_uart.o
    0x08004a56   0x08004a56   0x0000007e   Code   RO          737    i.UART_Receive_IT   stm32f0xx_hal_uart.o
    0x08004ad4   0x08004ad4   0x0000015c   Code   RO          738    i.UART_SetConfig    stm32f0xx_hal_uart.o
    0x08004c30   0x08004c30   0x00000068   Code   RO          739    i.UART_Transmit_IT  stm32f0xx_hal_uart.o
    0x08004c98   0x08004c98   0x00000062   Code   RO          740    i.UART_WaitOnFlagUntilTimeout  stm32f0xx_hal_uart.o
    0x08004cfa   0x08004cfa   0x00000002   PAD
    0x08004cfc   0x08004cfc   0x00000014   Code   RO          372    i.USART1_IRQHandler  stm32f0xx_it.o
    0x08004d10   0x08004d10   0x00000030   Code   RO          300    i.Usart1SendData_DMA  usart.o
    0x08004d40   0x08004d40   0x000000cc   Code   RO          301    i.UsartReceive_IDLE  usart.o
    0x08004e0c   0x08004e0c   0x00000022   Code   RO         2743    i.User_UART_Receive_DMAStop  user_uart_dma.o
    0x08004e2e   0x08004e2e   0x00000022   Code   RO         2744    i.User_UART_Transmit_DMAStop  user_uart_dma.o
    0x08004e50   0x08004e50   0x00000002   Code   RO           14    i._Error_Handler    main.o
    0x08004e52   0x08004e52   0x0000002e   Code   RO         2876    i.__ARM_clz         mf_p.l(depilogue.o)
    0x08004e80   0x08004e80   0x0000000e   Code   RO         2888    i.__scatterload_copy  mc_p.l(handlers.o)
    0x08004e8e   0x08004e8e   0x00000002   Code   RO         2889    i.__scatterload_null  mc_p.l(handlers.o)
    0x08004e90   0x08004e90   0x0000000e   Code   RO         2890    i.__scatterload_zeroinit  mc_p.l(handlers.o)
    0x08004e9e   0x08004e9e   0x00000002   PAD
    0x08004ea0   0x08004ea0   0x0000000c   Code   RO         2868    i.__set_errno       mc_p.l(errno.o)
    0x08004eac   0x08004eac   0x00000064   Code   RO         2367    i.app_main          app_main.o
    0x08004f10   0x08004f10   0x00000026   Code   RO         2437    i.char_to_bcd       bt_mode.o
    0x08004f36   0x08004f36   0x00000026   Code   RO         2438    i.hex_to_char       bt_mode.o
    0x08004f5c   0x08004f5c   0x00000032   Code   RO           16    i.main              main.o
    0x08004f8e   0x08004f8e   0x00000002   PAD
    0x08004f90   0x08004f90   0x00000048   Code   RO         2824    i.sqrt              m_ps.l(sqrt.o)
    0x08004fd8   0x08004fd8   0x00000010   Data   RO         2329    .constdata          system_stm32f0xx.o
    0x08004fe8   0x08004fe8   0x00000008   Data   RO         2330    .constdata          system_stm32f0xx.o
    0x08004ff0   0x08004ff0   0x00000019   Data   RO         2442    .constdata          bt_mode.o
    0x08005009   0x08005009   0x00001c20   Data   RO         2664    .constdata          rgb_array.o
    0x08006c29   0x08006c29   0x00000048   Data   RO         2665    .constdata          rgb_array.o
    0x08006c71   0x08006c71   0x00000048   Data   RO         2666    .constdata          rgb_array.o
    0x08006cb9   0x08006cb9   0x00000048   Data   RO         2667    .constdata          rgb_array.o
    0x08006d01   0x08006d01   0x00000040   Data   RO         2775    .constdata          fft.o
    0x08006d41   0x08006d41   0x00000003   PAD
    0x08006d44   0x08006d44   0x00000020   Data   RO         2886    Region$$Table       anon$$obj.o


    Execution Region RW_IRAM1 (Exec base: 0x20000000, Load base: 0x08006d64, Size: 0x00000b10, Max: 0x00001000, ABSOLUTE)

    Exec Addr    Load Addr    Size         Type   Attr      Idx    E Section Name        Object

    0x20000000   0x08006d64   0x00000001   Data   RW          229    .data               adc.o
    0x20000001   0x08006d65   0x00000003   PAD
    0x20000004   0x08006d68   0x00000004   Data   RW         1193    .data               stm32f0xx_hal.o
    0x20000008   0x08006d6c   0x00000004   Data   RW         2331    .data               system_stm32f0xx.o
    0x2000000c   0x08006d70   0x0000000c   Data   RW         2368    .data               app_main.o
    0x20000018   0x08006d7c   0x00000001   Data   RW         2369    .data               app_main.o
    0x20000019   0x08006d7d   0x00000001   Data   RW         2370    .data               app_main.o
    0x2000001a   0x08006d7e   0x00000001   Data   RW         2371    .data               app_main.o
    0x2000001b   0x08006d7f   0x00000001   Data   RW         2374    .data               app_main.o
    0x2000001c   0x08006d80   0x00000001   Data   RW         2375    .data               app_main.o
    0x2000001d   0x08006d81   0x00000001   Data   RW         2376    .data               app_main.o
    0x2000001e   0x08006d82   0x00000001   Data   RW         2377    .data               app_main.o
    0x2000001f   0x08006d83   0x00000003   Data   RW         2443    .data               bt_mode.o
    0x20000022   0x08006d86   0x00000001   Data   RW         2444    .data               bt_mode.o
    0x20000023   0x08006d87   0x00000001   Data   RW         2445    .data               bt_mode.o
    0x20000024   0x08006d88   0x00000038   Data   RW         2557    .data               key.o
    0x2000005c   0x08006dc0   0x00000024   Data   RW         2610    .data               rgb.o
    0x20000080   0x08006de4   0x00000024   Data   RW         2611    .data               rgb.o
    0x200000a4   0x08006e08   0x00000010   Data   RW         2612    .data               rgb.o
    0x200000b4   0x08006e18   0x00000008   Data   RW         2777    .data               fft.o
    0x200000bc   0x08006e20   0x00000004   Data   RW         2869    .data               mc_p.l(errno.o)
    0x200000c0        -       0x00000090   Zero   RW          228    .bss                adc.o
    0x20000150        -       0x00000160   Zero   RW          302    .bss                usart.o
    0x200002b0        -       0x00000064   Zero   RW         2439    .bss                bt_mode.o
    0x20000314        -       0x000000c8   Zero   RW         2440    .bss                bt_mode.o
    0x200003dc        -       0x00000040   Zero   RW         2603    .bss                rgb.o
    0x2000041c        -       0x00000040   Zero   RW         2604    .bss                rgb.o
    0x2000045c        -       0x00000048   Zero   RW         2608    .bss                rgb.o
    0x200004a4        -       0x00000093   Zero   RW         2701    .bss                sn3236.o
    0x20000537        -       0x00000024   Zero   RW         2702    .bss                sn3236.o
    0x2000055b        -       0x00000024   Zero   RW         2703    .bss                sn3236.o
    0x2000057f        -       0x00000024   Zero   RW         2704    .bss                sn3236.o
    0x200005a3        -       0x00000024   Zero   RW         2705    .bss                sn3236.o
    0x200005c7        -       0x00000024   Zero   RW         2706    .bss                sn3236.o
    0x200005eb        -       0x00000024   Zero   RW         2707    .bss                sn3236.o
    0x2000060f   0x08006e24   0x00000001   PAD
    0x20000610        -       0x00000100   Zero   RW         2774    .bss                fft.o
    0x20000710        -       0x00000400   Zero   RW            1    STACK               startup_stm32f030x6.o


==============================================================================

Image component sizes


      Code (inc. data)   RO Data    RW Data    ZI Data      Debug   Object Name

       492        108          0          1        144       2473   adc.o
       310         20          0         19          0       3674   app_main.o
      1112         48         25          5        300       4557   bt_mode.o
         2          0          0          0          0        398   dma.o
       568         56         64          8        256       4105   fft.o
       152         14          0          0          0        895   gpio.o
       884         58          0          0          0       3981   io_iic.o
       452         30          0         56          0       3380   key.o
       236         26          0          0          0     241687   main.o
      3248        348          0         88        200       9760   rgb.o
      3648        156       7416          0          0      16552   rgb_array.o
       168         14          0          0        363       2613   sn3236.o
        28          8        176          0       1024        648   startup_stm32f030x6.o
        94         18          0          4          0       3131   stm32f0xx_hal.o
      1452         60          0          0          0      10563   stm32f0xx_hal_adc.o
       176          0          0          0          0       1394   stm32f0xx_hal_adc_ex.o
       182         28          0          0          0      10691   stm32f0xx_hal_cortex.o
       566         14          0          0          0       5482   stm32f0xx_hal_dma.o
       380         30          0          0          0       4167   stm32f0xx_hal_gpio.o
        56          6          0          0          0        834   stm32f0xx_hal_msp.o
      1488         94          0          0          0       5641   stm32f0xx_hal_rcc.o
       240         14          0          0          0       1456   stm32f0xx_hal_rcc_ex.o
      2148         48          0          0          0      17082   stm32f0xx_hal_uart.o
       228         56          0          0          0       4586   stm32f0xx_it.o
        92         14         24          4          0       1171   system_stm32f0xx.o
       642        100          0          0        352       4206   usart.o
        68          0          0          0          0       1469   user_uart_dma.o

    ----------------------------------------------------------------------
     19142       1368       7740        188       2640     366596   Object Totals
         0          0         32          0          0          0   (incl. Generated)
        30          0          3          3          1          0   (incl. Padding)

    ----------------------------------------------------------------------

      Code (inc. data)   RO Data    RW Data    ZI Data      Debug   Library Member Name

        72          6          0          0          0         76   sqrt.o
         0          0          0          0          0          0   entry.o
         0          0          0          0          0          0   entry10a.o
         0          0          0          0          0          0   entry11a.o
         8          4          0          0          0          0   entry2.o
         4          0          0          0          0          0   entry5.o
         0          0          0          0          0          0   entry7b.o
         0          0          0          0          0          0   entry8b.o
         8          4          0          0          0          0   entry9a.o
        12          6          0          4          0         60   errno.o
        30          0          0          0          0          0   handlers.o
        36          8          0          0          0         68   init.o
         0          0          0          0          0          0   iusefp.o
        32          0          0          0          0         68   llshl.o
        34          0          0          0          0         68   llushr.o
        36          0          0          0          0         60   memcpya.o
        36          0          0          0          0        100   memseta.o
        44          0          0          0          0         72   uidiv.o
       240          6          0          0          0         84   ddiv.o
       236          0          0          0          0        216   depilogue.o
        60         10          0          0          0         68   dfixui.o
        40          6          0          0          0         68   dflti.o
        28          4          0          0          0         68   dfltui.o
       162          0          0          0          0         80   dsqrt.o

    ----------------------------------------------------------------------
      1122         54          0          4          0       1156   Library Totals
         4          0          0          0          0          0   (incl. Padding)

    ----------------------------------------------------------------------

      Code (inc. data)   RO Data    RW Data    ZI Data      Debug   Library Name

        72          6          0          0          0         76   m_ps.l
       280         22          0          4          0        496   mc_p.l
       766         26          0          0          0        584   mf_p.l

    ----------------------------------------------------------------------
      1122         54          0          4          0       1156   Library Totals

    ----------------------------------------------------------------------

==============================================================================


      Code (inc. data)   RO Data    RW Data    ZI Data      Debug   

     20264       1422       7740        192       2640     361920   Grand Totals
     20264       1422       7740        192       2640     361920   ELF Image Totals
     20264       1422       7740        192          0          0   ROM Totals

==============================================================================

    Total RO  Size (Code + RO Data)                28004 (  27.35kB)
    Total RW  Size (RW Data + ZI Data)              2832 (   2.77kB)
    Total ROM Size (Code + RO Data + RW Data)      28196 (  27.54kB)

==============================================================================

